Archive member included to satisfy reference by file (symbol)

D:/ST/STM32CubeCLT_1.18.0/GNU-tools-for-STM32/bin/../lib/gcc/arm-none-eabi/13.3.1/../../../../arm-none-eabi/lib/thumb/v7-m/nofp\libc_nano.a(libc_a-exit.o)
                              D:/ST/STM32CubeCLT_1.18.0/GNU-tools-for-STM32/bin/../lib/gcc/arm-none-eabi/13.3.1/../../../../arm-none-eabi/lib/thumb/v7-m/nofp/crt0.o (exit)
D:/ST/STM32CubeCLT_1.18.0/GNU-tools-for-STM32/bin/../lib/gcc/arm-none-eabi/13.3.1/../../../../arm-none-eabi/lib/thumb/v7-m/nofp\libc_nano.a(libc_a-findfp.o)
                              D:/ST/STM32CubeCLT_1.18.0/GNU-tools-for-STM32/bin/../lib/gcc/arm-none-eabi/13.3.1/../../../../arm-none-eabi/lib/thumb/v7-m/nofp\libc_nano.a(libc_a-exit.o) (__stdio_exit_handler)
D:/ST/STM32CubeCLT_1.18.0/GNU-tools-for-STM32/bin/../lib/gcc/arm-none-eabi/13.3.1/../../../../arm-none-eabi/lib/thumb/v7-m/nofp\libc_nano.a(libc_a-fwalk.o)
                              D:/ST/STM32CubeCLT_1.18.0/GNU-tools-for-STM32/bin/../lib/gcc/arm-none-eabi/13.3.1/../../../../arm-none-eabi/lib/thumb/v7-m/nofp\libc_nano.a(libc_a-findfp.o) (_fwalk_sglue)
D:/ST/STM32CubeCLT_1.18.0/GNU-tools-for-STM32/bin/../lib/gcc/arm-none-eabi/13.3.1/../../../../arm-none-eabi/lib/thumb/v7-m/nofp\libc_nano.a(libc_a-stdio.o)
                              D:/ST/STM32CubeCLT_1.18.0/GNU-tools-for-STM32/bin/../lib/gcc/arm-none-eabi/13.3.1/../../../../arm-none-eabi/lib/thumb/v7-m/nofp\libc_nano.a(libc_a-findfp.o) (__sread)
D:/ST/STM32CubeCLT_1.18.0/GNU-tools-for-STM32/bin/../lib/gcc/arm-none-eabi/13.3.1/../../../../arm-none-eabi/lib/thumb/v7-m/nofp\libc_nano.a(libc_a-memset.o)
                              D:/ST/STM32CubeCLT_1.18.0/GNU-tools-for-STM32/bin/../lib/gcc/arm-none-eabi/13.3.1/../../../../arm-none-eabi/lib/thumb/v7-m/nofp/crt0.o (memset)
D:/ST/STM32CubeCLT_1.18.0/GNU-tools-for-STM32/bin/../lib/gcc/arm-none-eabi/13.3.1/../../../../arm-none-eabi/lib/thumb/v7-m/nofp\libc_nano.a(libc_a-closer.o)
                              D:/ST/STM32CubeCLT_1.18.0/GNU-tools-for-STM32/bin/../lib/gcc/arm-none-eabi/13.3.1/../../../../arm-none-eabi/lib/thumb/v7-m/nofp\libc_nano.a(libc_a-stdio.o) (_close_r)
D:/ST/STM32CubeCLT_1.18.0/GNU-tools-for-STM32/bin/../lib/gcc/arm-none-eabi/13.3.1/../../../../arm-none-eabi/lib/thumb/v7-m/nofp\libc_nano.a(libc_a-reent.o)
                              D:/ST/STM32CubeCLT_1.18.0/GNU-tools-for-STM32/bin/../lib/gcc/arm-none-eabi/13.3.1/../../../../arm-none-eabi/lib/thumb/v7-m/nofp\libc_nano.a(libc_a-closer.o) (errno)
D:/ST/STM32CubeCLT_1.18.0/GNU-tools-for-STM32/bin/../lib/gcc/arm-none-eabi/13.3.1/../../../../arm-none-eabi/lib/thumb/v7-m/nofp\libc_nano.a(libc_a-impure.o)
                              D:/ST/STM32CubeCLT_1.18.0/GNU-tools-for-STM32/bin/../lib/gcc/arm-none-eabi/13.3.1/../../../../arm-none-eabi/lib/thumb/v7-m/nofp\libc_nano.a(libc_a-reent.o) (_impure_ptr)
D:/ST/STM32CubeCLT_1.18.0/GNU-tools-for-STM32/bin/../lib/gcc/arm-none-eabi/13.3.1/../../../../arm-none-eabi/lib/thumb/v7-m/nofp\libc_nano.a(libc_a-lseekr.o)
                              D:/ST/STM32CubeCLT_1.18.0/GNU-tools-for-STM32/bin/../lib/gcc/arm-none-eabi/13.3.1/../../../../arm-none-eabi/lib/thumb/v7-m/nofp\libc_nano.a(libc_a-stdio.o) (_lseek_r)
D:/ST/STM32CubeCLT_1.18.0/GNU-tools-for-STM32/bin/../lib/gcc/arm-none-eabi/13.3.1/../../../../arm-none-eabi/lib/thumb/v7-m/nofp\libc_nano.a(libc_a-readr.o)
                              D:/ST/STM32CubeCLT_1.18.0/GNU-tools-for-STM32/bin/../lib/gcc/arm-none-eabi/13.3.1/../../../../arm-none-eabi/lib/thumb/v7-m/nofp\libc_nano.a(libc_a-stdio.o) (_read_r)
D:/ST/STM32CubeCLT_1.18.0/GNU-tools-for-STM32/bin/../lib/gcc/arm-none-eabi/13.3.1/../../../../arm-none-eabi/lib/thumb/v7-m/nofp\libc_nano.a(libc_a-writer.o)
                              D:/ST/STM32CubeCLT_1.18.0/GNU-tools-for-STM32/bin/../lib/gcc/arm-none-eabi/13.3.1/../../../../arm-none-eabi/lib/thumb/v7-m/nofp\libc_nano.a(libc_a-stdio.o) (_write_r)
D:/ST/STM32CubeCLT_1.18.0/GNU-tools-for-STM32/bin/../lib/gcc/arm-none-eabi/13.3.1/../../../../arm-none-eabi/lib/thumb/v7-m/nofp\libc_nano.a(libc_a-init.o)
                              D:/ST/STM32CubeCLT_1.18.0/GNU-tools-for-STM32/bin/../lib/gcc/arm-none-eabi/13.3.1/../../../../arm-none-eabi/lib/thumb/v7-m/nofp/crt0.o (__libc_init_array)
D:/ST/STM32CubeCLT_1.18.0/GNU-tools-for-STM32/bin/../lib/gcc/arm-none-eabi/13.3.1/../../../../arm-none-eabi/lib/thumb/v7-m/nofp\libc_nano.a(libc_a-lock.o)
                              D:/ST/STM32CubeCLT_1.18.0/GNU-tools-for-STM32/bin/../lib/gcc/arm-none-eabi/13.3.1/../../../../arm-none-eabi/lib/thumb/v7-m/nofp\libc_nano.a(libc_a-findfp.o) (__retarget_lock_init_recursive)
D:/ST/STM32CubeCLT_1.18.0/GNU-tools-for-STM32/bin/../lib/gcc/arm-none-eabi/13.3.1/../../../../arm-none-eabi/lib/thumb/v7-m/nofp\libc_nano.a(libc_a-freer.o)
                              D:/ST/STM32CubeCLT_1.18.0/GNU-tools-for-STM32/bin/../lib/gcc/arm-none-eabi/13.3.1/../../../../arm-none-eabi/lib/thumb/v7-m/nofp\libc_nano.a(libc_a-reent.o) (_free_r)
[...]
Memory Configuration

Name             Origin             Length             Attributes
RAM              0x20000000         0x00005000         xrw
FLASH            0x08000000         0x00010000         xr
*default*        0x00000000         0xffffffff

Linker script and memory map

LOAD D:/ST/STM32CubeCLT_1.18.0/GNU-tools-for-STM32/bin/../lib/gcc/arm-none-eabi/13.3.1/thumb/v7-m/nofp/crti.o
LOAD D:/ST/STM32CubeCLT_1.18.0/GNU-tools-for-STM32/bin/../lib/gcc/arm-none-eabi/13.3.1/thumb/v7-m/nofp/crtbegin.o
LOAD D:/ST/STM32CubeCLT_1.18.0/GNU-tools-for-STM32/bin/../lib/gcc/arm-none-eabi/13.3.1/../../../../arm-none-eabi/lib/thumb/v7-m/nofp/crt0.o
START GROUP
LOAD D:/ST/STM32CubeCLT_1.18.0/GNU-tools-for-STM32/bin/../lib/gcc/arm-none-eabi/13.3.1/../../../../arm-none-eabi/lib/thumb/v7-m/nofp\libc_nano.a
LOAD D:/ST/STM32CubeCLT_1.18.0/GNU-tools-for-STM32/bin/../lib/gcc/arm-none-eabi/13.3.1/../../../../arm-none-eabi/lib/thumb/v7-m/nofp\libm.a
END GROUP
LOAD cmake/stm32cubemx/CMakeFiles/STM32_Drivers.dir/__/__/Core/Src/system_stm32f1xx.c.obj
LOAD cmake/stm32cubemx/CMakeFiles/STM32_Drivers.dir/__/__/Drivers/STM32F1xx_HAL_Driver/Src/stm32f1xx_hal_gpio_ex.c.obj
LOAD cmake/stm32cubemx/CMakeFiles/STM32_Drivers.dir/__/__/Drivers/STM32F1xx_HAL_Driver/Src/stm32f1xx_hal_pcd.c.obj
LOAD cmake/stm32cubemx/CMakeFiles/STM32_Drivers.dir/__/__/Drivers/STM32F1xx_HAL_Driver/Src/stm32f1xx_hal_pcd_ex.c.obj
LOAD cmake/stm32cubemx/CMakeFiles/STM32_Drivers.dir/__/__/Drivers/STM32F1xx_HAL_Driver/Src/stm32f1xx_ll_usb.c.obj
LOAD cmake/stm32cubemx/CMakeFiles/STM32_Drivers.dir/__/__/Drivers/STM32F1xx_HAL_Driver/Src/stm32f1xx_hal.c.obj
LOAD cmake/stm32cubemx/CMakeFiles/STM32_Drivers.dir/__/__/Drivers/STM32F1xx_HAL_Driver/Src/stm32f1xx_hal_rcc.c.obj
LOAD cmake/stm32cubemx/CMakeFiles/STM32_Drivers.dir/__/__/Drivers/STM32F1xx_HAL_Driver/Src/stm32f1xx_hal_rcc_ex.c.obj
LOAD cmake/stm32cubemx/CMakeFiles/STM32_Drivers.dir/__/__/Drivers/STM32F1xx_HAL_Driver/Src/stm32f1xx_hal_gpio.c.obj
LOAD cmake/stm32cubemx/CMakeFiles/STM32_Drivers.dir/__/__/Drivers/STM32F1xx_HAL_Driver/Src/stm32f1xx_hal_dma.c.obj
LOAD cmake/stm32cubemx/CMakeFiles/STM32_Drivers.dir/__/__/Drivers/STM32F1xx_HAL_Driver/Src/stm32f1xx_hal_cortex.c.obj
LOAD cmake/stm32cubemx/CMakeFiles/STM32_Drivers.dir/__/__/Drivers/STM32F1xx_HAL_Driver/Src/stm32f1xx_hal_pwr.c.obj
LOAD cmake/stm32cubemx/CMakeFiles/STM32_Drivers.dir/__/__/Drivers/STM32F1xx_HAL_Driver/Src/stm32f1xx_hal_flash.c.obj
LOAD cmake/stm32cubemx/CMakeFiles/STM32_Drivers.dir/__/__/Drivers/STM32F1xx_HAL_Driver/Src/stm32f1xx_hal_flash_ex.c.obj
LOAD cmake/stm32cubemx/CMakeFiles/STM32_Drivers.dir/__/__/Drivers/STM32F1xx_HAL_Driver/Src/stm32f1xx_hal_exti.c.obj
LOAD cmake/stm32cubemx/CMakeFiles/STM32_Drivers.dir/__/__/Drivers/STM32F1xx_HAL_Driver/Src/stm32f1xx_hal_i2c.c.obj
LOAD cmake/stm32cubemx/CMakeFiles/STM32_Drivers.dir/__/__/Drivers/STM32F1xx_HAL_Driver/Src/stm32f1xx_hal_spi.c.obj
LOAD cmake/stm32cubemx/CMakeFiles/STM32_Drivers.dir/__/__/Drivers/STM32F1xx_HAL_Driver/Src/stm32f1xx_hal_tim.c.obj
LOAD cmake/stm32cubemx/CMakeFiles/STM32_Drivers.dir/__/__/Drivers/STM32F1xx_HAL_Driver/Src/stm32f1xx_hal_tim_ex.c.obj
LOAD cmake/stm32cubemx/CMakeFiles/STM32_Drivers.dir/__/__/Drivers/STM32F1xx_HAL_Driver/Src/stm32f1xx_hal_uart.c.obj
LOAD cmake/stm32cubemx/CMakeFiles/USB_Device_Library.dir/__/__/Middlewares/ST/STM32_USB_Device_Library/Core/Src/usbd_core.c.obj
LOAD cmake/stm32cubemx/CMakeFiles/USB_Device_Library.dir/__/__/Middlewares/ST/STM32_USB_Device_Library/Core/Src/usbd_ctlreq.c.obj
LOAD cmake/stm32cubemx/CMakeFiles/USB_Device_Library.dir/__/__/Middlewares/ST/STM32_USB_Device_Library/Core/Src/usbd_ioreq.c.obj
LOAD cmake/stm32cubemx/CMakeFiles/USB_Device_Library.dir/__/__/Middlewares/ST/STM32_USB_Device_Library/Class/CDC/Src/usbd_cdc.c.obj
LOAD CMakeFiles/STelescope.dir/USB_DEVICE/Target/usbd_conf.c.obj
LOAD CMakeFiles/STelescope.dir/USB_DEVICE/App/usb_device.c.obj
LOAD CMakeFiles/STelescope.dir/USB_DEVICE/App/usbd_desc.c.obj
LOAD CMakeFiles/STelescope.dir/USB_DEVICE/App/usbd_cdc_if.c.obj
LOAD CMakeFiles/STelescope.dir/Core/Src/main.c.obj
LOAD CMakeFiles/STelescope.dir/Core/Src/stm32f1xx_it.c.obj
LOAD CMakeFiles/STelescope.dir/Core/Src/stm32f1xx_hal_msp.c.obj
LOAD CMakeFiles/STelescope.dir/Core/Src/sysmem.c.obj
LOAD CMakeFiles/STelescope.dir/Core/Src/syscalls.c.obj
LOAD CMakeFiles/STelescope.dir/startup_stm32f103xb.s.obj
LOAD CMakeFiles/STelescope.dir/Core/Src/accelerometer.c.obj
LOAD CMakeFiles/STelescope.dir/Core/Src/compass.c.obj
LOAD CMakeFiles/STelescope.dir/Core/Src/display.c.obj
LOAD CMakeFiles/STelescope.dir/Core/Src/peripheral.c.obj
LOAD CMakeFiles/STelescope.dir/Core/Src/camera.c.obj
LOAD CMakeFiles/STelescope.dir/Core/Src/stepper.c.obj
LOAD CMakeFiles/STelescope.dir/Core/Src/status.c.obj
LOAD CMakeFiles/STelescope.dir/Core/Src/rtc.c.obj
START GROUP
LOAD D:/ST/STM32CubeCLT_1.18.0/GNU-tools-for-STM32/bin/../lib/gcc/arm-none-eabi/13.3.1/thumb/v7-m/nofp\libgcc.a
LOAD D:/ST/STM32CubeCLT_1.18.0/GNU-tools-for-STM32/bin/../lib/gcc/arm-none-eabi/13.3.1/../../../../arm-none-eabi/lib/thumb/v7-m/nofp\libg_nano.a
LOAD D:/ST/STM32CubeCLT_1.18.0/GNU-tools-for-STM32/bin/../lib/gcc/arm-none-eabi/13.3.1/../../../../arm-none-eabi/lib/thumb/v7-m/nofp\libc_nano.a
END GROUP
START GROUP
LOAD D:/ST/STM32CubeCLT_1.18.0/GNU-tools-for-STM32/bin/../lib/gcc/arm-none-eabi/13.3.1/thumb/v7-m/nofp\libgcc.a
LOAD D:/ST/STM32CubeCLT_1.18.0/GNU-tools-for-STM32/bin/../lib/gcc/arm-none-eabi/13.3.1/../../../../arm-none-eabi/lib/thumb/v7-m/nofp\libc_nano.a
END GROUP
LOAD D:/ST/STM32CubeCLT_1.18.0/GNU-tools-for-STM32/bin/../lib/gcc/arm-none-eabi/13.3.1/thumb/v7-m/nofp/crtend.o
LOAD D:/ST/STM32CubeCLT_1.18.0/GNU-tools-for-STM32/bin/../lib/gcc/arm-none-eabi/13.3.1/thumb/v7-m/nofp/crtn.o
                0x20005000                        _estack = (ORIGIN (RAM) + LENGTH (RAM))
                0x00000200                        _Min_Heap_Size = 0x200
                0x00000400                        _Min_Stack_Size = 0x400

.isr_vector     0x08000000      0x10c
                0x08000000                        . = ALIGN (0x4)
 *(.isr_vector)
 .isr_vector    0x08000000      0x10c CMakeFiles/STelescope.dir/startup_stm32f103xb.s.obj
                0x08000000                g_pfnVectors
                0x0800010c                        . = ALIGN (0x4)

.text           0x0800010c     0x8be0
                0x0800010c                        . = ALIGN (0x4)
 *(.text)
 .text          0x0800010c       0x40 D:/ST/STM32CubeCLT_1.18.0/GNU-tools-for-STM32/bin/../lib/gcc/arm-none-eabi/13.3.1/thumb/v7-m/nofp/crtbegin.o
 .text          0x0800014c       0x10 D:/ST/STM32CubeCLT_1.18.0/GNU-tools-for-STM32/bin/../lib/gcc/arm-none-eabi/13.3.1/../../../../arm-none-eabi/lib/thumb/v7-m/nofp\libg_nano.a(libc_a-strlen.o)
                0x0800014c                strlen
 *(.text*)
 .text.std      0x0800015c       0x6c D:/ST/STM32CubeCLT_1.18.0/GNU-tools-for-STM32/bin/../lib/gcc/arm-none-eabi/13.3.1/../../../../arm-none-eabi/lib/thumb/v7-m/nofp\libc_nano.a(libc_a-findfp.o)
 .text.stdio_exit_handler
                0x080001c8       0x18 D:/ST/STM32CubeCLT_1.18.0/GNU-tools-for-STM32/bin/../lib/gcc/arm-none-eabi/13.3.1/../../../../arm-none-eabi/lib/thumb/v7-m/nofp\libc_nano.a(libc_a-findfp.o)
 .text.cleanup_stdio
                0x080001e0       0x40 D:/ST/STM32CubeCLT_1.18.0/GNU-tools-for-STM32/bin/../lib/gcc/arm-none-eabi/13.3.1/../../../../arm-none-eabi/lib/thumb/v7-m/nofp\libc_nano.a(libc_a-findfp.o)
 .text.global_stdio_init.part.0
                0x08000220       0x3c D:/ST/STM32CubeCLT_1.18.0/GNU-tools-for-STM32/bin/../lib/gcc/arm-none-eabi/13.3.1/../../../../arm-none-eabi/lib/thumb/v7-m/nofp\libc_nano.a(libc_a-findfp.o)
 .text.__sfp_lock_acquire
                0x0800025c        0xc D:/ST/STM32CubeCLT_1.18.0/GNU-tools-for-STM32/bin/../lib/gcc/arm-none-eabi/13.3.1/../../../../arm-none-eabi/lib/thumb/v7-m/nofp\libc_nano.a(libc_a-findfp.o)
                0x0800025c                __sfp_lock_acquire
 .text.__sfp_lock_release
                0x08000268        0xc D:/ST/STM32CubeCLT_1.18.0/GNU-tools-for-STM32/bin/../lib/gcc/arm-none-eabi/13.3.1/../../../../arm-none-eabi/lib/thumb/v7-m/nofp\libc_nano.a(libc_a-findfp.o)
                0x08000268                __sfp_lock_release
 .text.__sinit  0x08000274       0x30 D:/ST/STM32CubeCLT_1.18.0/GNU-tools-for-STM32/bin/../lib/gcc/arm-none-eabi/13.3.1/../../../../arm-none-eabi/lib/thumb/v7-m/nofp\libc_nano.a(libc_a-findfp.o)
                0x08000274                __sinit
 .text._fwalk_sglue
                0x080002a4       0x3c D:/ST/STM32CubeCLT_1.18.0/GNU-tools-for-STM32/bin/../lib/gcc/arm-none-eabi/13.3.1/../../../../arm-none-eabi/lib/thumb/v7-m/nofp\libc_nano.a(libc_a-fwalk.o)
                0x080002a4                _fwalk_sglue
 .text.__sread  0x080002e0       0x22 D:/ST/STM32CubeCLT_1.18.0/GNU-tools-for-STM32/bin/../lib/gcc/arm-none-eabi/13.3.1/../../../../arm-none-eabi/lib/thumb/v7-m/nofp\libc_nano.a(libc_a-stdio.o)
                0x080002e0                __sread
 .text.__swrite
                0x08000302       0x38 D:/ST/STM32CubeCLT_1.18.0/GNU-tools-for-STM32/bin/../lib/gcc/arm-none-eabi/13.3.1/../../../../arm-none-eabi/lib/thumb/v7-m/nofp\libc_nano.a(libc_a-stdio.o)
                0x08000302                __swrite
 .text.__sseek  0x0800033a       0x24 D:/ST/STM32CubeCLT_1.18.0/GNU-tools-for-STM32/bin/../lib/gcc/arm-none-eabi/13.3.1/../../../../arm-none-eabi/lib/thumb/v7-m/nofp\libc_nano.a(libc_a-stdio.o)
                0x0800033a                __sseek
 .text.__sclose
                0x0800035e        0x8 D:/ST/STM32CubeCLT_1.18.0/GNU-tools-for-STM32/bin/../lib/gcc/arm-none-eabi/13.3.1/../../../../arm-none-eabi/lib/thumb/v7-m/nofp\libc_nano.a(libc_a-stdio.o)
                0x0800035e                __sclose
 .text.memset   0x08000366       0x10 D:/ST/STM32CubeCLT_1.18.0/GNU-tools-for-STM32/bin/../lib/gcc/arm-none-eabi/13.3.1/../../../../arm-none-eabi/lib/thumb/v7-m/nofp\libc_nano.a(libc_a-memset.o)
                0x08000366                memset
 *fill*         0x08000376        0x2 
 .text._close_r
                0x08000378       0x20 D:/ST/STM32CubeCLT_1.18.0/GNU-tools-for-STM32/bin/../lib/gcc/arm-none-eabi/13.3.1/../../../../arm-none-eabi/lib/thumb/v7-m/nofp\libc_nano.a(libc_a-closer.o)
                0x08000378                _close_r
 .text._lseek_r
                0x08000398       0x24 D:/ST/STM32CubeCLT_1.18.0/GNU-tools-for-STM32/bin/../lib/gcc/arm-none-eabi/13.3.1/../../../../arm-none-eabi/lib/thumb/v7-m/nofp\libc_nano.a(libc_a-lseekr.o)
                0x08000398                _lseek_r
 .text._read_r  0x080003bc       0x24 D:/ST/STM32CubeCLT_1.18.0/GNU-tools-for-STM32/bin/../lib/gcc/arm-none-eabi/13.3.1/../../../../arm-none-eabi/lib/thumb/v7-m/nofp\libc_nano.a(libc_a-readr.o)
                0x080003bc                _read_r
 .text._write_r
                0x080003e0       0x24 D:/ST/STM32CubeCLT_1.18.0/GNU-tools-for-STM32/bin/../lib/gcc/arm-none-eabi/13.3.1/../../../../arm-none-eabi/lib/thumb/v7-m/nofp\libc_nano.a(libc_a-writer.o)
                0x080003e0                _write_r
 .text.__libc_init_array
                0x08000404       0x48 D:/ST/STM32CubeCLT_1.18.0/GNU-tools-for-STM32/bin/../lib/gcc/arm-none-eabi/13.3.1/../../../../arm-none-eabi/lib/thumb/v7-m/nofp\libc_nano.a(libc_a-init.o)
                0x08000404                __libc_init_array
 .text.__retarget_lock_init_recursive
                0x0800044c        0x2 D:/ST/STM32CubeCLT_1.18.0/GNU-tools-for-STM32/bin/../lib/gcc/arm-none-eabi/13.3.1/../../../../arm-none-eabi/lib/thumb/v7-m/nofp\libc_nano.a(libc_a-lock.o)
                0x0800044c                __retarget_lock_init_recursive
 .text.__retarget_lock_acquire_recursive
                0x0800044e        0x2 D:/ST/STM32CubeCLT_1.18.0/GNU-tools-for-STM32/bin/../lib/gcc/arm-none-eabi/13.3.1/../../../../arm-none-eabi/lib/thumb/v7-m/nofp\libc_nano.a(libc_a-lock.o)
                0x0800044e                __retarget_lock_acquire_recursive
 .text.__retarget_lock_release_recursive
                0x08000450        0x2 D:/ST/STM32CubeCLT_1.18.0/GNU-tools-for-STM32/bin/../lib/gcc/arm-none-eabi/13.3.1/../../../../arm-none-eabi/lib/thumb/v7-m/nofp\libc_nano.a(libc_a-lock.o)
                0x08000450                __retarget_lock_release_recursive
 *fill*         0x08000452        0x2 
 .text._free_r  0x08000454       0x90 D:/ST/STM32CubeCLT_1.18.0/GNU-tools-for-STM32/bin/../lib/gcc/arm-none-eabi/13.3.1/../../../../arm-none-eabi/lib/thumb/v7-m/nofp\libc_nano.a(libc_a-freer.o)
                0x08000454                _free_r
 .text.sbrk_aligned
                0x080004e4       0x44 D:/ST/STM32CubeCLT_1.18.0/GNU-tools-for-STM32/bin/../lib/gcc/arm-none-eabi/13.3.1/../../../../arm-none-eabi/lib/thumb/v7-m/nofp\libc_nano.a(libc_a-mallocr.o)
 .text._malloc_r
                0x08000528      0x100 D:/ST/STM32CubeCLT_1.18.0/GNU-tools-for-STM32/bin/../lib/gcc/arm-none-eabi/13.3.1/../../../../arm-none-eabi/lib/thumb/v7-m/nofp\libc_nano.a(libc_a-mallocr.o)
                0x08000528                _malloc_r
 .text.__malloc_lock
                0x08000628        0xc D:/ST/STM32CubeCLT_1.18.0/GNU-tools-for-STM32/bin/../lib/gcc/arm-none-eabi/13.3.1/../../../../arm-none-eabi/lib/thumb/v7-m/nofp\libc_nano.a(libc_a-mlock.o)
                0x08000628                __malloc_lock
 .text.__malloc_unlock
                0x08000634        0xc D:/ST/STM32CubeCLT_1.18.0/GNU-tools-for-STM32/bin/../lib/gcc/arm-none-eabi/13.3.1/../../../../arm-none-eabi/lib/thumb/v7-m/nofp\libc_nano.a(libc_a-mlock.o)
                0x08000634                __malloc_unlock
 .text.__sflush_r
                0x08000640      0x100 D:/ST/STM32CubeCLT_1.18.0/GNU-tools-for-STM32/bin/../lib/gcc/arm-none-eabi/13.3.1/../../../../arm-none-eabi/lib/thumb/v7-m/nofp\libc_nano.a(libc_a-fflush.o)
                0x08000640                __sflush_r
 .text._fflush_r
                0x08000740       0x50 D:/ST/STM32CubeCLT_1.18.0/GNU-tools-for-STM32/bin/../lib/gcc/arm-none-eabi/13.3.1/../../../../arm-none-eabi/lib/thumb/v7-m/nofp\libc_nano.a(libc_a-fflush.o)
                0x08000740                _fflush_r
 .text._sbrk_r  0x08000790       0x20 D:/ST/STM32CubeCLT_1.18.0/GNU-tools-for-STM32/bin/../lib/gcc/arm-none-eabi/13.3.1/../../../../arm-none-eabi/lib/thumb/v7-m/nofp\libc_nano.a(libc_a-sbrkr.o)
                0x08000790                _sbrk_r
 .text.SystemInit
                0x080007b0       0x10 cmake/stm32cubemx/CMakeFiles/STM32_Drivers.dir/__/__/Core/Src/system_stm32f1xx.c.obj
                0x080007b0                SystemInit
 .text.HAL_PCD_Init
                0x080007c0       0xbc cmake/stm32cubemx/CMakeFiles/STM32_Drivers.dir/__/__/Drivers/STM32F1xx_HAL_Driver/Src/stm32f1xx_hal_pcd.c.obj
                0x080007c0                HAL_PCD_Init
 .text.HAL_PCD_Start
                0x0800087c       0x34 cmake/stm32cubemx/CMakeFiles/STM32_Drivers.dir/__/__/Drivers/STM32F1xx_HAL_Driver/Src/stm32f1xx_hal_pcd.c.obj
                0x0800087c                HAL_PCD_Start
 .text.HAL_PCD_IRQHandler
                0x080008b0      0xb28 cmake/stm32cubemx/CMakeFiles/STM32_Drivers.dir/__/__/Drivers/STM32F1xx_HAL_Driver/Src/stm32f1xx_hal_pcd.c.obj
                0x080008b0                HAL_PCD_IRQHandler
 .text.HAL_PCD_SetAddress
                0x080013d8       0x28 cmake/stm32cubemx/CMakeFiles/STM32_Drivers.dir/__/__/Drivers/STM32F1xx_HAL_Driver/Src/stm32f1xx_hal_pcd.c.obj
                0x080013d8                HAL_PCD_SetAddress
 .text.HAL_PCD_EP_Open
                0x08001400       0x6c cmake/stm32cubemx/CMakeFiles/STM32_Drivers.dir/__/__/Drivers/STM32F1xx_HAL_Driver/Src/stm32f1xx_hal_pcd.c.obj
                0x08001400                HAL_PCD_EP_Open
 .text.HAL_PCD_EP_Close
                0x0800146c       0x5c cmake/stm32cubemx/CMakeFiles/STM32_Drivers.dir/__/__/Drivers/STM32F1xx_HAL_Driver/Src/stm32f1xx_hal_pcd.c.obj
                0x0800146c                HAL_PCD_EP_Close
 .text.HAL_PCD_EP_Receive
                0x080014c8       0x30 cmake/stm32cubemx/CMakeFiles/STM32_Drivers.dir/__/__/Drivers/STM32F1xx_HAL_Driver/Src/stm32f1xx_hal_pcd.c.obj
                0x080014c8                HAL_PCD_EP_Receive
 .text.HAL_PCD_EP_GetRxCount
                0x080014f8       0x14 cmake/stm32cubemx/CMakeFiles/STM32_Drivers.dir/__/__/Drivers/STM32F1xx_HAL_Driver/Src/stm32f1xx_hal_pcd.c.obj
                0x080014f8                HAL_PCD_EP_GetRxCount
 .text.HAL_PCD_EP_Transmit
                0x0800150c       0x3c cmake/stm32cubemx/CMakeFiles/STM32_Drivers.dir/__/__/Drivers/STM32F1xx_HAL_Driver/Src/stm32f1xx_hal_pcd.c.obj
                0x0800150c                HAL_PCD_EP_Transmit
 .text.HAL_PCD_EP_SetStall
                0x08001548       0x80 cmake/stm32cubemx/CMakeFiles/STM32_Drivers.dir/__/__/Drivers/STM32F1xx_HAL_Driver/Src/stm32f1xx_hal_pcd.c.obj
                0x08001548                HAL_PCD_EP_SetStall
 .text.HAL_PCD_EP_ClrStall
                0x080015c8       0x70 cmake/stm32cubemx/CMakeFiles/STM32_Drivers.dir/__/__/Drivers/STM32F1xx_HAL_Driver/Src/stm32f1xx_hal_pcd.c.obj
                0x080015c8                HAL_PCD_EP_ClrStall
 .text.HAL_PCDEx_PMAConfig
                0x08001638       0x3c cmake/stm32cubemx/CMakeFiles/STM32_Drivers.dir/__/__/Drivers/STM32F1xx_HAL_Driver/Src/stm32f1xx_hal_pcd_ex.c.obj
                0x08001638                HAL_PCDEx_PMAConfig
 .text.USB_CoreInit
                0x08001674       0x10 cmake/stm32cubemx/CMakeFiles/STM32_Drivers.dir/__/__/Drivers/STM32F1xx_HAL_Driver/Src/stm32f1xx_ll_usb.c.obj
                0x08001674                USB_CoreInit
 .text.USB_EnableGlobalInt
                0x08001684       0x14 cmake/stm32cubemx/CMakeFiles/STM32_Drivers.dir/__/__/Drivers/STM32F1xx_HAL_Driver/Src/stm32f1xx_ll_usb.c.obj
                0x08001684                USB_EnableGlobalInt
 .text.USB_DisableGlobalInt
                0x08001698       0x14 cmake/stm32cubemx/CMakeFiles/STM32_Drivers.dir/__/__/Drivers/STM32F1xx_HAL_Driver/Src/stm32f1xx_ll_usb.c.obj
                0x08001698                USB_DisableGlobalInt
 .text.USB_SetCurrentMode
                0x080016ac        0x4 cmake/stm32cubemx/CMakeFiles/STM32_Drivers.dir/__/__/Drivers/STM32F1xx_HAL_Driver/Src/stm32f1xx_ll_usb.c.obj
                0x080016ac                USB_SetCurrentMode
 .text.USB_DevInit
                0x080016b0       0x2c cmake/stm32cubemx/CMakeFiles/STM32_Drivers.dir/__/__/Drivers/STM32F1xx_HAL_Driver/Src/stm32f1xx_ll_usb.c.obj
                0x080016b0                USB_DevInit
 .text.USB_ActivateEndpoint
                0x080016dc      0x390 cmake/stm32cubemx/CMakeFiles/STM32_Drivers.dir/__/__/Drivers/STM32F1xx_HAL_Driver/Src/stm32f1xx_ll_usb.c.obj
                0x080016dc                USB_ActivateEndpoint
 .text.USB_DeactivateEndpoint
                0x08001a6c      0x1c4 cmake/stm32cubemx/CMakeFiles/STM32_Drivers.dir/__/__/Drivers/STM32F1xx_HAL_Driver/Src/stm32f1xx_ll_usb.c.obj
                0x08001a6c                USB_DeactivateEndpoint
 .text.USB_EPStartXfer
                0x08001c30      0x4ec cmake/stm32cubemx/CMakeFiles/STM32_Drivers.dir/__/__/Drivers/STM32F1xx_HAL_Driver/Src/stm32f1xx_ll_usb.c.obj
                0x08001c30                USB_EPStartXfer
 .text.USB_EPSetStall
                0x0800211c       0x50 cmake/stm32cubemx/CMakeFiles/STM32_Drivers.dir/__/__/Drivers/STM32F1xx_HAL_Driver/Src/stm32f1xx_ll_usb.c.obj
                0x0800211c                USB_EPSetStall
 .text.USB_EPClearStall
                0x0800216c       0xa0 cmake/stm32cubemx/CMakeFiles/STM32_Drivers.dir/__/__/Drivers/STM32F1xx_HAL_Driver/Src/stm32f1xx_ll_usb.c.obj
                0x0800216c                USB_EPClearStall
 .text.USB_SetDevAddress
                0x0800220c        0xc cmake/stm32cubemx/CMakeFiles/STM32_Drivers.dir/__/__/Drivers/STM32F1xx_HAL_Driver/Src/stm32f1xx_ll_usb.c.obj
                0x0800220c                USB_SetDevAddress
 .text.USB_DevConnect
                0x08002218        0x4 cmake/stm32cubemx/CMakeFiles/STM32_Drivers.dir/__/__/Drivers/STM32F1xx_HAL_Driver/Src/stm32f1xx_ll_usb.c.obj
                0x08002218                USB_DevConnect
 .text.USB_DevDisconnect
                0x0800221c        0x4 cmake/stm32cubemx/CMakeFiles/STM32_Drivers.dir/__/__/Drivers/STM32F1xx_HAL_Driver/Src/stm32f1xx_ll_usb.c.obj
                0x0800221c                USB_DevDisconnect
 .text.USB_ReadInterrupts
                0x08002220        0x8 cmake/stm32cubemx/CMakeFiles/STM32_Drivers.dir/__/__/Drivers/STM32F1xx_HAL_Driver/Src/stm32f1xx_ll_usb.c.obj
                0x08002220                USB_ReadInterrupts
 .text.USB_EP0_OutStart
                0x08002228        0x4 cmake/stm32cubemx/CMakeFiles/STM32_Drivers.dir/__/__/Drivers/STM32F1xx_HAL_Driver/Src/stm32f1xx_ll_usb.c.obj
                0x08002228                USB_EP0_OutStart
 .text.USB_WritePMA
                0x0800222c       0x20 cmake/stm32cubemx/CMakeFiles/STM32_Drivers.dir/__/__/Drivers/STM32F1xx_HAL_Driver/Src/stm32f1xx_ll_usb.c.obj
                0x0800222c                USB_WritePMA
 .text.USB_ReadPMA
                0x0800224c       0x44 cmake/stm32cubemx/CMakeFiles/STM32_Drivers.dir/__/__/Drivers/STM32F1xx_HAL_Driver/Src/stm32f1xx_ll_usb.c.obj
                0x0800224c                USB_ReadPMA
 .text.HAL_InitTick
                0x08002290       0x48 cmake/stm32cubemx/CMakeFiles/STM32_Drivers.dir/__/__/Drivers/STM32F1xx_HAL_Driver/Src/stm32f1xx_hal.c.obj
                0x08002290                HAL_InitTick
 .text.HAL_Init
                0x080022d8       0x24 cmake/stm32cubemx/CMakeFiles/STM32_Drivers.dir/__/__/Drivers/STM32F1xx_HAL_Driver/Src/stm32f1xx_hal.c.obj
                0x080022d8                HAL_Init
 .text.HAL_IncTick
                0x080022fc       0x18 cmake/stm32cubemx/CMakeFiles/STM32_Drivers.dir/__/__/Drivers/STM32F1xx_HAL_Driver/Src/stm32f1xx_hal.c.obj
                0x080022fc                HAL_IncTick
 .text.HAL_GetTick
                0x08002314        0xc cmake/stm32cubemx/CMakeFiles/STM32_Drivers.dir/__/__/Drivers/STM32F1xx_HAL_Driver/Src/stm32f1xx_hal.c.obj
                0x08002314                HAL_GetTick
 .text.HAL_Delay
                0x08002320       0x24 cmake/stm32cubemx/CMakeFiles/STM32_Drivers.dir/__/__/Drivers/STM32F1xx_HAL_Driver/Src/stm32f1xx_hal.c.obj
                0x08002320                HAL_Delay
 .text.HAL_RCC_OscConfig
                0x08002344      0x3dc cmake/stm32cubemx/CMakeFiles/STM32_Drivers.dir/__/__/Drivers/STM32F1xx_HAL_Driver/Src/stm32f1xx_hal_rcc.c.obj
                0x08002344                HAL_RCC_OscConfig
 .text.HAL_RCC_GetSysClockFreq
                0x08002720       0x5c cmake/stm32cubemx/CMakeFiles/STM32_Drivers.dir/__/__/Drivers/STM32F1xx_HAL_Driver/Src/stm32f1xx_hal_rcc.c.obj
                0x08002720                HAL_RCC_GetSysClockFreq
 .text.HAL_RCC_ClockConfig
                0x0800277c      0x140 cmake/stm32cubemx/CMakeFiles/STM32_Drivers.dir/__/__/Drivers/STM32F1xx_HAL_Driver/Src/stm32f1xx_hal_rcc.c.obj
                0x0800277c                HAL_RCC_ClockConfig
 .text.HAL_RCC_GetPCLK1Freq
                0x080028bc       0x20 cmake/stm32cubemx/CMakeFiles/STM32_Drivers.dir/__/__/Drivers/STM32F1xx_HAL_Driver/Src/stm32f1xx_hal_rcc.c.obj
                0x080028bc                HAL_RCC_GetPCLK1Freq
 .text.HAL_RCC_GetPCLK2Freq
                0x080028dc       0x20 cmake/stm32cubemx/CMakeFiles/STM32_Drivers.dir/__/__/Drivers/STM32F1xx_HAL_Driver/Src/stm32f1xx_hal_rcc.c.obj
                0x080028dc                HAL_RCC_GetPCLK2Freq
 .text.HAL_RCCEx_PeriphCLKConfig
                0x080028fc      0x100 cmake/stm32cubemx/CMakeFiles/STM32_Drivers.dir/__/__/Drivers/STM32F1xx_HAL_Driver/Src/stm32f1xx_hal_rcc_ex.c.obj
                0x080028fc                HAL_RCCEx_PeriphCLKConfig
 .text.HAL_GPIO_Init
                0x080029fc      0x210 cmake/stm32cubemx/CMakeFiles/STM32_Drivers.dir/__/__/Drivers/STM32F1xx_HAL_Driver/Src/stm32f1xx_hal_gpio.c.obj
                0x080029fc                HAL_GPIO_Init
 .text.HAL_GPIO_WritePin
                0x08002c0c        0x8 cmake/stm32cubemx/CMakeFiles/STM32_Drivers.dir/__/__/Drivers/STM32F1xx_HAL_Driver/Src/stm32f1xx_hal_gpio.c.obj
                0x08002c0c                HAL_GPIO_WritePin
 .text.HAL_GPIO_TogglePin
                0x08002c14       0x14 cmake/stm32cubemx/CMakeFiles/STM32_Drivers.dir/__/__/Drivers/STM32F1xx_HAL_Driver/Src/stm32f1xx_hal_gpio.c.obj
                0x08002c14                HAL_GPIO_TogglePin
 .text.HAL_GPIO_EXTI_Callback
                0x08002c28        0x4 cmake/stm32cubemx/CMakeFiles/STM32_Drivers.dir/__/__/Drivers/STM32F1xx_HAL_Driver/Src/stm32f1xx_hal_gpio.c.obj
                0x08002c28                HAL_GPIO_EXTI_Callback
 .text.HAL_GPIO_EXTI_IRQHandler
                0x08002c2c       0x18 cmake/stm32cubemx/CMakeFiles/STM32_Drivers.dir/__/__/Drivers/STM32F1xx_HAL_Driver/Src/stm32f1xx_hal_gpio.c.obj
                0x08002c2c                HAL_GPIO_EXTI_IRQHandler
 .text.HAL_DMA_Init
                0x08002c44       0x70 cmake/stm32cubemx/CMakeFiles/STM32_Drivers.dir/__/__/Drivers/STM32F1xx_HAL_Driver/Src/stm32f1xx_hal_dma.c.obj
                0x08002c44                HAL_DMA_Init
 .text.HAL_DMA_Start_IT
                0x08002cb4       0x84 cmake/stm32cubemx/CMakeFiles/STM32_Drivers.dir/__/__/Drivers/STM32F1xx_HAL_Driver/Src/stm32f1xx_hal_dma.c.obj
                0x08002cb4                HAL_DMA_Start_IT
 .text.HAL_DMA_Abort_IT
                0x08002d38       0x94 cmake/stm32cubemx/CMakeFiles/STM32_Drivers.dir/__/__/Drivers/STM32F1xx_HAL_Driver/Src/stm32f1xx_hal_dma.c.obj
                0x08002d38                HAL_DMA_Abort_IT
 .text.HAL_DMA_IRQHandler
                0x08002dcc      0x12c cmake/stm32cubemx/CMakeFiles/STM32_Drivers.dir/__/__/Drivers/STM32F1xx_HAL_Driver/Src/stm32f1xx_hal_dma.c.obj
                0x08002dcc                HAL_DMA_IRQHandler
 .text.HAL_DMA_GetState
                0x08002ef8        0x8 cmake/stm32cubemx/CMakeFiles/STM32_Drivers.dir/__/__/Drivers/STM32F1xx_HAL_Driver/Src/stm32f1xx_hal_dma.c.obj
                0x08002ef8                HAL_DMA_GetState
 .text.HAL_NVIC_SetPriorityGrouping
                0x08002f00       0x24 cmake/stm32cubemx/CMakeFiles/STM32_Drivers.dir/__/__/Drivers/STM32F1xx_HAL_Driver/Src/stm32f1xx_hal_cortex.c.obj
                0x08002f00                HAL_NVIC_SetPriorityGrouping
 .text.HAL_NVIC_SetPriority
                0x08002f24       0x78 cmake/stm32cubemx/CMakeFiles/STM32_Drivers.dir/__/__/Drivers/STM32F1xx_HAL_Driver/Src/stm32f1xx_hal_cortex.c.obj
                0x08002f24                HAL_NVIC_SetPriority
 .text.HAL_NVIC_EnableIRQ
                0x08002f9c       0x1c cmake/stm32cubemx/CMakeFiles/STM32_Drivers.dir/__/__/Drivers/STM32F1xx_HAL_Driver/Src/stm32f1xx_hal_cortex.c.obj
                0x08002f9c                HAL_NVIC_EnableIRQ
 .text.HAL_SYSTICK_Config
                0x08002fb8       0x30 cmake/stm32cubemx/CMakeFiles/STM32_Drivers.dir/__/__/Drivers/STM32F1xx_HAL_Driver/Src/stm32f1xx_hal_cortex.c.obj
                0x08002fb8                HAL_SYSTICK_Config
 .text.HAL_I2C_Init
                0x08002fe8      0x18c cmake/stm32cubemx/CMakeFiles/STM32_Drivers.dir/__/__/Drivers/STM32F1xx_HAL_Driver/Src/stm32f1xx_hal_i2c.c.obj
                0x08002fe8                HAL_I2C_Init
 .text.HAL_I2C_Master_Transmit_IT
                0x08003174       0xd4 cmake/stm32cubemx/CMakeFiles/STM32_Drivers.dir/__/__/Drivers/STM32F1xx_HAL_Driver/Src/stm32f1xx_hal_i2c.c.obj
                0x08003174                HAL_I2C_Master_Transmit_IT
 .text.HAL_I2C_Master_Receive_IT
                0x08003248       0xdc cmake/stm32cubemx/CMakeFiles/STM32_Drivers.dir/__/__/Drivers/STM32F1xx_HAL_Driver/Src/stm32f1xx_hal_i2c.c.obj
                0x08003248                HAL_I2C_Master_Receive_IT
 .text.HAL_I2C_SlaveTxCpltCallback
                0x08003324        0x4 cmake/stm32cubemx/CMakeFiles/STM32_Drivers.dir/__/__/Drivers/STM32F1xx_HAL_Driver/Src/stm32f1xx_hal_i2c.c.obj
                0x08003324                HAL_I2C_SlaveTxCpltCallback
 .text.HAL_I2C_SlaveRxCpltCallback
                0x08003328        0x4 cmake/stm32cubemx/CMakeFiles/STM32_Drivers.dir/__/__/Drivers/STM32F1xx_HAL_Driver/Src/stm32f1xx_hal_i2c.c.obj
                0x08003328                HAL_I2C_SlaveRxCpltCallback
 .text.HAL_I2C_AddrCallback
                0x0800332c        0x4 cmake/stm32cubemx/CMakeFiles/STM32_Drivers.dir/__/__/Drivers/STM32F1xx_HAL_Driver/Src/stm32f1xx_hal_i2c.c.obj
                0x0800332c                HAL_I2C_AddrCallback
 .text.HAL_I2C_ListenCpltCallback
                0x08003330        0x4 cmake/stm32cubemx/CMakeFiles/STM32_Drivers.dir/__/__/Drivers/STM32F1xx_HAL_Driver/Src/stm32f1xx_hal_i2c.c.obj
                0x08003330                HAL_I2C_ListenCpltCallback
 .text.HAL_I2C_MemTxCpltCallback
                0x08003334        0x4 cmake/stm32cubemx/CMakeFiles/STM32_Drivers.dir/__/__/Drivers/STM32F1xx_HAL_Driver/Src/stm32f1xx_hal_i2c.c.obj
                0x08003334                HAL_I2C_MemTxCpltCallback
 .text.I2C_MemoryTransmit_TXE_BTF
                0x08003338       0xc8 cmake/stm32cubemx/CMakeFiles/STM32_Drivers.dir/__/__/Drivers/STM32F1xx_HAL_Driver/Src/stm32f1xx_hal_i2c.c.obj
 .text.HAL_I2C_MemRxCpltCallback
                0x08003400        0x4 cmake/stm32cubemx/CMakeFiles/STM32_Drivers.dir/__/__/Drivers/STM32F1xx_HAL_Driver/Src/stm32f1xx_hal_i2c.c.obj
                0x08003400                HAL_I2C_MemRxCpltCallback
 .text.HAL_I2C_ErrorCallback
                0x08003404        0x4 cmake/stm32cubemx/CMakeFiles/STM32_Drivers.dir/__/__/Drivers/STM32F1xx_HAL_Driver/Src/stm32f1xx_hal_i2c.c.obj
                0x08003404                HAL_I2C_ErrorCallback
 .text.HAL_I2C_AbortCpltCallback
                0x08003408        0x4 cmake/stm32cubemx/CMakeFiles/STM32_Drivers.dir/__/__/Drivers/STM32F1xx_HAL_Driver/Src/stm32f1xx_hal_i2c.c.obj
                0x08003408                HAL_I2C_AbortCpltCallback
 .text.I2C_DMAAbort
                0x0800340c       0xf4 cmake/stm32cubemx/CMakeFiles/STM32_Drivers.dir/__/__/Drivers/STM32F1xx_HAL_Driver/Src/stm32f1xx_hal_i2c.c.obj
 .text.I2C_ITError
                0x08003500      0x16c cmake/stm32cubemx/CMakeFiles/STM32_Drivers.dir/__/__/Drivers/STM32F1xx_HAL_Driver/Src/stm32f1xx_hal_i2c.c.obj
 .text.HAL_I2C_EV_IRQHandler
                0x0800366c      0x9d8 cmake/stm32cubemx/CMakeFiles/STM32_Drivers.dir/__/__/Drivers/STM32F1xx_HAL_Driver/Src/stm32f1xx_hal_i2c.c.obj
                0x0800366c                HAL_I2C_EV_IRQHandler
 .text.HAL_I2C_ER_IRQHandler
                0x08004044      0x184 cmake/stm32cubemx/CMakeFiles/STM32_Drivers.dir/__/__/Drivers/STM32F1xx_HAL_Driver/Src/stm32f1xx_hal_i2c.c.obj
                0x08004044                HAL_I2C_ER_IRQHandler
 .text.SPI_WaitFlagStateUntilTimeout
                0x080041c8       0xd4 cmake/stm32cubemx/CMakeFiles/STM32_Drivers.dir/__/__/Drivers/STM32F1xx_HAL_Driver/Src/stm32f1xx_hal_spi.c.obj
 .text.SPI_EndRxTxTransaction
                0x0800429c       0x3c cmake/stm32cubemx/CMakeFiles/STM32_Drivers.dir/__/__/Drivers/STM32F1xx_HAL_Driver/Src/stm32f1xx_hal_spi.c.obj
 .text.SPI_EndRxTransaction
                0x080042d8       0x68 cmake/stm32cubemx/CMakeFiles/STM32_Drivers.dir/__/__/Drivers/STM32F1xx_HAL_Driver/Src/stm32f1xx_hal_spi.c.obj
 .text.HAL_SPI_Init
                0x08004340       0xbc cmake/stm32cubemx/CMakeFiles/STM32_Drivers.dir/__/__/Drivers/STM32F1xx_HAL_Driver/Src/stm32f1xx_hal_spi.c.obj
                0x08004340                HAL_SPI_Init
 .text.HAL_SPI_Transmit
                0x080043fc      0x19c cmake/stm32cubemx/CMakeFiles/STM32_Drivers.dir/__/__/Drivers/STM32F1xx_HAL_Driver/Src/stm32f1xx_hal_spi.c.obj
                0x080043fc                HAL_SPI_Transmit
 .text.HAL_SPI_TransmitReceive
                0x08004598      0x204 cmake/stm32cubemx/CMakeFiles/STM32_Drivers.dir/__/__/Drivers/STM32F1xx_HAL_Driver/Src/stm32f1xx_hal_spi.c.obj
                0x08004598                HAL_SPI_TransmitReceive
 .text.HAL_SPI_Transmit_DMA
                0x0800479c       0xc0 cmake/stm32cubemx/CMakeFiles/STM32_Drivers.dir/__/__/Drivers/STM32F1xx_HAL_Driver/Src/stm32f1xx_hal_spi.c.obj
                0x0800479c                HAL_SPI_Transmit_DMA
 .text.HAL_SPI_TransmitReceive_DMA
                0x0800485c      0x120 cmake/stm32cubemx/CMakeFiles/STM32_Drivers.dir/__/__/Drivers/STM32F1xx_HAL_Driver/Src/stm32f1xx_hal_spi.c.obj
                0x0800485c                HAL_SPI_TransmitReceive_DMA
 .text.HAL_SPI_RxCpltCallback
                0x0800497c        0x4 cmake/stm32cubemx/CMakeFiles/STM32_Drivers.dir/__/__/Drivers/STM32F1xx_HAL_Driver/Src/stm32f1xx_hal_spi.c.obj
                0x0800497c                HAL_SPI_RxCpltCallback
 .text.HAL_SPI_TxHalfCpltCallback
                0x08004980        0x4 cmake/stm32cubemx/CMakeFiles/STM32_Drivers.dir/__/__/Drivers/STM32F1xx_HAL_Driver/Src/stm32f1xx_hal_spi.c.obj
                0x08004980                HAL_SPI_TxHalfCpltCallback
 .text.SPI_DMAHalfTransmitCplt
                0x08004984        0xc cmake/stm32cubemx/CMakeFiles/STM32_Drivers.dir/__/__/Drivers/STM32F1xx_HAL_Driver/Src/stm32f1xx_hal_spi.c.obj
 .text.HAL_SPI_RxHalfCpltCallback
                0x08004990        0x4 cmake/stm32cubemx/CMakeFiles/STM32_Drivers.dir/__/__/Drivers/STM32F1xx_HAL_Driver/Src/stm32f1xx_hal_spi.c.obj
                0x08004990                HAL_SPI_RxHalfCpltCallback
 .text.SPI_DMAHalfReceiveCplt
                0x08004994        0xc cmake/stm32cubemx/CMakeFiles/STM32_Drivers.dir/__/__/Drivers/STM32F1xx_HAL_Driver/Src/stm32f1xx_hal_spi.c.obj
 .text.HAL_SPI_TxRxHalfCpltCallback
                0x080049a0        0x4 cmake/stm32cubemx/CMakeFiles/STM32_Drivers.dir/__/__/Drivers/STM32F1xx_HAL_Driver/Src/stm32f1xx_hal_spi.c.obj
                0x080049a0                HAL_SPI_TxRxHalfCpltCallback
 .text.SPI_DMAHalfTransmitReceiveCplt
                0x080049a4        0xc cmake/stm32cubemx/CMakeFiles/STM32_Drivers.dir/__/__/Drivers/STM32F1xx_HAL_Driver/Src/stm32f1xx_hal_spi.c.obj
 .text.HAL_SPI_ErrorCallback
                0x080049b0        0x4 cmake/stm32cubemx/CMakeFiles/STM32_Drivers.dir/__/__/Drivers/STM32F1xx_HAL_Driver/Src/stm32f1xx_hal_spi.c.obj
                0x080049b0                HAL_SPI_ErrorCallback
 .text.SPI_DMAError
                0x080049b4       0x24 cmake/stm32cubemx/CMakeFiles/STM32_Drivers.dir/__/__/Drivers/STM32F1xx_HAL_Driver/Src/stm32f1xx_hal_spi.c.obj
 .text.SPI_DMATransmitCplt
                0x080049d8       0x70 cmake/stm32cubemx/CMakeFiles/STM32_Drivers.dir/__/__/Drivers/STM32F1xx_HAL_Driver/Src/stm32f1xx_hal_spi.c.obj
 .text.SPI_DMAReceiveCplt
                0x08004a48       0x6c cmake/stm32cubemx/CMakeFiles/STM32_Drivers.dir/__/__/Drivers/STM32F1xx_HAL_Driver/Src/stm32f1xx_hal_spi.c.obj
 .text.SPI_DMATransmitReceiveCplt
                0x08004ab4       0x5c cmake/stm32cubemx/CMakeFiles/STM32_Drivers.dir/__/__/Drivers/STM32F1xx_HAL_Driver/Src/stm32f1xx_hal_spi.c.obj
 .text.HAL_SPI_IRQHandler
                0x08004b10      0x134 cmake/stm32cubemx/CMakeFiles/STM32_Drivers.dir/__/__/Drivers/STM32F1xx_HAL_Driver/Src/stm32f1xx_hal_spi.c.obj
                0x08004b10                HAL_SPI_IRQHandler
 .text.SPI_DMAAbortOnError
                0x08004c44       0x10 cmake/stm32cubemx/CMakeFiles/STM32_Drivers.dir/__/__/Drivers/STM32F1xx_HAL_Driver/Src/stm32f1xx_hal_spi.c.obj
 .text.HAL_TIM_Base_Start_IT
                0x08004c54       0x54 cmake/stm32cubemx/CMakeFiles/STM32_Drivers.dir/__/__/Drivers/STM32F1xx_HAL_Driver/Src/stm32f1xx_hal_tim.c.obj
                0x08004c54                HAL_TIM_Base_Start_IT
 .text.HAL_TIM_Base_Stop_IT
                0x08004ca8       0x34 cmake/stm32cubemx/CMakeFiles/STM32_Drivers.dir/__/__/Drivers/STM32F1xx_HAL_Driver/Src/stm32f1xx_hal_tim.c.obj
                0x08004ca8                HAL_TIM_Base_Stop_IT
 .text.HAL_TIM_ConfigClockSource
                0x08004cdc      0x154 cmake/stm32cubemx/CMakeFiles/STM32_Drivers.dir/__/__/Drivers/STM32F1xx_HAL_Driver/Src/stm32f1xx_hal_tim.c.obj
                0x08004cdc                HAL_TIM_ConfigClockSource
 .text.HAL_TIM_PeriodElapsedCallback
                0x08004e30        0x4 cmake/stm32cubemx/CMakeFiles/STM32_Drivers.dir/__/__/Drivers/STM32F1xx_HAL_Driver/Src/stm32f1xx_hal_tim.c.obj
                0x08004e30                HAL_TIM_PeriodElapsedCallback
 .text.HAL_TIM_OC_DelayElapsedCallback
                0x08004e34        0x4 cmake/stm32cubemx/CMakeFiles/STM32_Drivers.dir/__/__/Drivers/STM32F1xx_HAL_Driver/Src/stm32f1xx_hal_tim.c.obj
                0x08004e34                HAL_TIM_OC_DelayElapsedCallback
 .text.HAL_TIM_IC_CaptureCallback
                0x08004e38        0x4 cmake/stm32cubemx/CMakeFiles/STM32_Drivers.dir/__/__/Drivers/STM32F1xx_HAL_Driver/Src/stm32f1xx_hal_tim.c.obj
                0x08004e38                HAL_TIM_IC_CaptureCallback
 .text.HAL_TIM_PWM_PulseFinishedCallback
                0x08004e3c        0x4 cmake/stm32cubemx/CMakeFiles/STM32_Drivers.dir/__/__/Drivers/STM32F1xx_HAL_Driver/Src/stm32f1xx_hal_tim.c.obj
                0x08004e3c                HAL_TIM_PWM_PulseFinishedCallback
 .text.HAL_TIM_TriggerCallback
                0x08004e40        0x4 cmake/stm32cubemx/CMakeFiles/STM32_Drivers.dir/__/__/Drivers/STM32F1xx_HAL_Driver/Src/stm32f1xx_hal_tim.c.obj
                0x08004e40                HAL_TIM_TriggerCallback
 .text.HAL_TIM_IRQHandler
                0x08004e44      0x138 cmake/stm32cubemx/CMakeFiles/STM32_Drivers.dir/__/__/Drivers/STM32F1xx_HAL_Driver/Src/stm32f1xx_hal_tim.c.obj
                0x08004e44                HAL_TIM_IRQHandler
 .text.TIM_Base_SetConfig
                0x08004f7c       0x88 cmake/stm32cubemx/CMakeFiles/STM32_Drivers.dir/__/__/Drivers/STM32F1xx_HAL_Driver/Src/stm32f1xx_hal_tim.c.obj
                0x08004f7c                TIM_Base_SetConfig
 .text.HAL_TIM_Base_Init
                0x08005004       0x5c cmake/stm32cubemx/CMakeFiles/STM32_Drivers.dir/__/__/Drivers/STM32F1xx_HAL_Driver/Src/stm32f1xx_hal_tim.c.obj
                0x08005004                HAL_TIM_Base_Init
 .text.HAL_TIMEx_MasterConfigSynchronization
                0x08005060       0x64 cmake/stm32cubemx/CMakeFiles/STM32_Drivers.dir/__/__/Drivers/STM32F1xx_HAL_Driver/Src/stm32f1xx_hal_tim_ex.c.obj
                0x08005060                HAL_TIMEx_MasterConfigSynchronization
 .text.HAL_TIMEx_CommutCallback
                0x080050c4        0x4 cmake/stm32cubemx/CMakeFiles/STM32_Drivers.dir/__/__/Drivers/STM32F1xx_HAL_Driver/Src/stm32f1xx_hal_tim_ex.c.obj
                0x080050c4                HAL_TIMEx_CommutCallback
 .text.HAL_TIMEx_BreakCallback
                0x080050c8        0x4 cmake/stm32cubemx/CMakeFiles/STM32_Drivers.dir/__/__/Drivers/STM32F1xx_HAL_Driver/Src/stm32f1xx_hal_tim_ex.c.obj
                0x080050c8                HAL_TIMEx_BreakCallback
 .text.UART_SetConfig
                0x080050cc       0x84 cmake/stm32cubemx/CMakeFiles/STM32_Drivers.dir/__/__/Drivers/STM32F1xx_HAL_Driver/Src/stm32f1xx_hal_uart.c.obj
 .text.HAL_UART_Init
                0x08005150       0x64 cmake/stm32cubemx/CMakeFiles/STM32_Drivers.dir/__/__/Drivers/STM32F1xx_HAL_Driver/Src/stm32f1xx_hal_uart.c.obj
                0x08005150                HAL_UART_Init
 .text.USBD_Init
                0x080051b4       0x44 cmake/stm32cubemx/CMakeFiles/USB_Device_Library.dir/__/__/Middlewares/ST/STM32_USB_Device_Library/Core/Src/usbd_core.c.obj
                0x080051b4                USBD_Init
 .text.USBD_RegisterClass
                0x080051f8       0x2c cmake/stm32cubemx/CMakeFiles/USB_Device_Library.dir/__/__/Middlewares/ST/STM32_USB_Device_Library/Core/Src/usbd_core.c.obj
                0x080051f8                USBD_RegisterClass
 .text.USBD_Start
                0x08005224        0xc cmake/stm32cubemx/CMakeFiles/USB_Device_Library.dir/__/__/Middlewares/ST/STM32_USB_Device_Library/Core/Src/usbd_core.c.obj
                0x08005224                USBD_Start
 .text.USBD_SetClassConfig
                0x08005230       0x1c cmake/stm32cubemx/CMakeFiles/USB_Device_Library.dir/__/__/Middlewares/ST/STM32_USB_Device_Library/Core/Src/usbd_core.c.obj
                0x08005230                USBD_SetClassConfig
 .text.USBD_ClrClassConfig
                0x0800524c       0x10 cmake/stm32cubemx/CMakeFiles/USB_Device_Library.dir/__/__/Middlewares/ST/STM32_USB_Device_Library/Core/Src/usbd_core.c.obj
                0x0800524c                USBD_ClrClassConfig
 .text.USBD_LL_SetupStage
                0x0800525c       0x60 cmake/stm32cubemx/CMakeFiles/USB_Device_Library.dir/__/__/Middlewares/ST/STM32_USB_Device_Library/Core/Src/usbd_core.c.obj
                0x0800525c                USBD_LL_SetupStage
 .text.USBD_LL_DataOutStage
                0x080052bc       0x74 cmake/stm32cubemx/CMakeFiles/USB_Device_Library.dir/__/__/Middlewares/ST/STM32_USB_Device_Library/Core/Src/usbd_core.c.obj
                0x080052bc                USBD_LL_DataOutStage
 .text.USBD_LL_DataInStage
                0x08005330       0xc0 cmake/stm32cubemx/CMakeFiles/USB_Device_Library.dir/__/__/Middlewares/ST/STM32_USB_Device_Library/Core/Src/usbd_core.c.obj
                0x08005330                USBD_LL_DataInStage
 .text.USBD_LL_Reset
                0x080053f0       0x50 cmake/stm32cubemx/CMakeFiles/USB_Device_Library.dir/__/__/Middlewares/ST/STM32_USB_Device_Library/Core/Src/usbd_core.c.obj
                0x080053f0                USBD_LL_Reset
 .text.USBD_LL_SetSpeed
                0x08005440        0x8 cmake/stm32cubemx/CMakeFiles/USB_Device_Library.dir/__/__/Middlewares/ST/STM32_USB_Device_Library/Core/Src/usbd_core.c.obj
                0x08005440                USBD_LL_SetSpeed
 .text.USBD_LL_Suspend
                0x08005448       0x14 cmake/stm32cubemx/CMakeFiles/USB_Device_Library.dir/__/__/Middlewares/ST/STM32_USB_Device_Library/Core/Src/usbd_core.c.obj
                0x08005448                USBD_LL_Suspend
 .text.USBD_LL_Resume
                0x0800545c       0x14 cmake/stm32cubemx/CMakeFiles/USB_Device_Library.dir/__/__/Middlewares/ST/STM32_USB_Device_Library/Core/Src/usbd_core.c.obj
                0x0800545c                USBD_LL_Resume
 .text.USBD_LL_SOF
                0x08005470       0x1c cmake/stm32cubemx/CMakeFiles/USB_Device_Library.dir/__/__/Middlewares/ST/STM32_USB_Device_Library/Core/Src/usbd_core.c.obj
                0x08005470                USBD_LL_SOF
 .text.USBD_StdDevReq
                0x0800548c      0x2e4 cmake/stm32cubemx/CMakeFiles/USB_Device_Library.dir/__/__/Middlewares/ST/STM32_USB_Device_Library/Core/Src/usbd_ctlreq.c.obj
                0x0800548c                USBD_StdDevReq
 .text.USBD_StdItfReq
                0x08005770       0x68 cmake/stm32cubemx/CMakeFiles/USB_Device_Library.dir/__/__/Middlewares/ST/STM32_USB_Device_Library/Core/Src/usbd_ctlreq.c.obj
                0x08005770                USBD_StdItfReq
 .text.USBD_StdEPReq
                0x080057d8      0x134 cmake/stm32cubemx/CMakeFiles/USB_Device_Library.dir/__/__/Middlewares/ST/STM32_USB_Device_Library/Core/Src/usbd_ctlreq.c.obj
                0x080057d8                USBD_StdEPReq
 .text.USBD_ParseSetupRequest
                0x0800590c       0x18 cmake/stm32cubemx/CMakeFiles/USB_Device_Library.dir/__/__/Middlewares/ST/STM32_USB_Device_Library/Core/Src/usbd_ctlreq.c.obj
                0x0800590c                USBD_ParseSetupRequest
 .text.USBD_CtlError
                0x08005924       0x18 cmake/stm32cubemx/CMakeFiles/USB_Device_Library.dir/__/__/Middlewares/ST/STM32_USB_Device_Library/Core/Src/usbd_ctlreq.c.obj
                0x08005924                USBD_CtlError
 .text.USBD_GetString
                0x0800593c       0x50 cmake/stm32cubemx/CMakeFiles/USB_Device_Library.dir/__/__/Middlewares/ST/STM32_USB_Device_Library/Core/Src/usbd_ctlreq.c.obj
                0x0800593c                USBD_GetString
 .text.USBD_CtlSendData
                0x0800598c       0x1c cmake/stm32cubemx/CMakeFiles/USB_Device_Library.dir/__/__/Middlewares/ST/STM32_USB_Device_Library/Core/Src/usbd_ioreq.c.obj
                0x0800598c                USBD_CtlSendData
 .text.USBD_CtlContinueSendData
                0x080059a8       0x14 cmake/stm32cubemx/CMakeFiles/USB_Device_Library.dir/__/__/Middlewares/ST/STM32_USB_Device_Library/Core/Src/usbd_ioreq.c.obj
                0x080059a8                USBD_CtlContinueSendData
 .text.USBD_CtlPrepareRx
                0x080059bc       0x1c cmake/stm32cubemx/CMakeFiles/USB_Device_Library.dir/__/__/Middlewares/ST/STM32_USB_Device_Library/Core/Src/usbd_ioreq.c.obj
                0x080059bc                USBD_CtlPrepareRx
 .text.USBD_CtlContinueRx
                0x080059d8       0x14 cmake/stm32cubemx/CMakeFiles/USB_Device_Library.dir/__/__/Middlewares/ST/STM32_USB_Device_Library/Core/Src/usbd_ioreq.c.obj
                0x080059d8                USBD_CtlContinueRx
 .text.USBD_CtlSendStatus
                0x080059ec       0x18 cmake/stm32cubemx/CMakeFiles/USB_Device_Library.dir/__/__/Middlewares/ST/STM32_USB_Device_Library/Core/Src/usbd_ioreq.c.obj
                0x080059ec                USBD_CtlSendStatus
 .text.USBD_CtlReceiveStatus
                0x08005a04       0x18 cmake/stm32cubemx/CMakeFiles/USB_Device_Library.dir/__/__/Middlewares/ST/STM32_USB_Device_Library/Core/Src/usbd_ioreq.c.obj
                0x08005a04                USBD_CtlReceiveStatus
 .text.USBD_CDC_EP0_RxReady
                0x08005a1c       0x2c cmake/stm32cubemx/CMakeFiles/USB_Device_Library.dir/__/__/Middlewares/ST/STM32_USB_Device_Library/Class/CDC/Src/usbd_cdc.c.obj
 .text.USBD_CDC_GetFSCfgDesc
                0x08005a48       0x10 cmake/stm32cubemx/CMakeFiles/USB_Device_Library.dir/__/__/Middlewares/ST/STM32_USB_Device_Library/Class/CDC/Src/usbd_cdc.c.obj
 .text.USBD_CDC_GetHSCfgDesc
                0x08005a58       0x10 cmake/stm32cubemx/CMakeFiles/USB_Device_Library.dir/__/__/Middlewares/ST/STM32_USB_Device_Library/Class/CDC/Src/usbd_cdc.c.obj
 .text.USBD_CDC_GetOtherSpeedCfgDesc
                0x08005a68       0x10 cmake/stm32cubemx/CMakeFiles/USB_Device_Library.dir/__/__/Middlewares/ST/STM32_USB_Device_Library/Class/CDC/Src/usbd_cdc.c.obj
 .text.USBD_CDC_GetDeviceQualifierDescriptor
                0x08005a78       0x10 cmake/stm32cubemx/CMakeFiles/USB_Device_Library.dir/__/__/Middlewares/ST/STM32_USB_Device_Library/Class/CDC/Src/usbd_cdc.c.obj
                0x08005a78                USBD_CDC_GetDeviceQualifierDescriptor
 .text.USBD_CDC_DataOut
                0x08005a88       0x30 cmake/stm32cubemx/CMakeFiles/USB_Device_Library.dir/__/__/Middlewares/ST/STM32_USB_Device_Library/Class/CDC/Src/usbd_cdc.c.obj
 .text.USBD_CDC_DataIn
                0x08005ab8       0x48 cmake/stm32cubemx/CMakeFiles/USB_Device_Library.dir/__/__/Middlewares/ST/STM32_USB_Device_Library/Class/CDC/Src/usbd_cdc.c.obj
 .text.USBD_CDC_Setup
                0x08005b00       0xb4 cmake/stm32cubemx/CMakeFiles/USB_Device_Library.dir/__/__/Middlewares/ST/STM32_USB_Device_Library/Class/CDC/Src/usbd_cdc.c.obj
 .text.USBD_CDC_DeInit
                0x08005bb4       0x44 cmake/stm32cubemx/CMakeFiles/USB_Device_Library.dir/__/__/Middlewares/ST/STM32_USB_Device_Library/Class/CDC/Src/usbd_cdc.c.obj
 .text.USBD_CDC_Init
                0x08005bf8       0xa0 cmake/stm32cubemx/CMakeFiles/USB_Device_Library.dir/__/__/Middlewares/ST/STM32_USB_Device_Library/Class/CDC/Src/usbd_cdc.c.obj
 .text.USBD_CDC_RegisterInterface
                0x08005c98       0x10 cmake/stm32cubemx/CMakeFiles/USB_Device_Library.dir/__/__/Middlewares/ST/STM32_USB_Device_Library/Class/CDC/Src/usbd_cdc.c.obj
                0x08005c98                USBD_CDC_RegisterInterface
 .text.USBD_CDC_SetTxBuffer
                0x08005ca8       0x14 cmake/stm32cubemx/CMakeFiles/USB_Device_Library.dir/__/__/Middlewares/ST/STM32_USB_Device_Library/Class/CDC/Src/usbd_cdc.c.obj
                0x08005ca8                USBD_CDC_SetTxBuffer
 .text.USBD_CDC_SetRxBuffer
                0x08005cbc       0x10 cmake/stm32cubemx/CMakeFiles/USB_Device_Library.dir/__/__/Middlewares/ST/STM32_USB_Device_Library/Class/CDC/Src/usbd_cdc.c.obj
                0x08005cbc                USBD_CDC_SetRxBuffer
 .text.USBD_CDC_TransmitPacket
                0x08005ccc       0x34 cmake/stm32cubemx/CMakeFiles/USB_Device_Library.dir/__/__/Middlewares/ST/STM32_USB_Device_Library/Class/CDC/Src/usbd_cdc.c.obj
                0x08005ccc                USBD_CDC_TransmitPacket
 .text.USBD_CDC_ReceivePacket
                0x08005d00       0x30 cmake/stm32cubemx/CMakeFiles/USB_Device_Library.dir/__/__/Middlewares/ST/STM32_USB_Device_Library/Class/CDC/Src/usbd_cdc.c.obj
                0x08005d00                USBD_CDC_ReceivePacket
 .text.HAL_PCD_MspInit
                0x08005d30       0x40 CMakeFiles/STelescope.dir/USB_DEVICE/Target/usbd_conf.c.obj
                0x08005d30                HAL_PCD_MspInit
 .text.HAL_PCD_SetupStageCallback
                0x08005d70       0x10 CMakeFiles/STelescope.dir/USB_DEVICE/Target/usbd_conf.c.obj
                0x08005d70                HAL_PCD_SetupStageCallback
 .text.HAL_PCD_DataOutStageCallback
                0x08005d80       0x14 CMakeFiles/STelescope.dir/USB_DEVICE/Target/usbd_conf.c.obj
                0x08005d80                HAL_PCD_DataOutStageCallback
 .text.HAL_PCD_DataInStageCallback
                0x08005d94       0x14 CMakeFiles/STelescope.dir/USB_DEVICE/Target/usbd_conf.c.obj
                0x08005d94                HAL_PCD_DataInStageCallback
 .text.HAL_PCD_SOFCallback
                0x08005da8        0x8 CMakeFiles/STelescope.dir/USB_DEVICE/Target/usbd_conf.c.obj
                0x08005da8                HAL_PCD_SOFCallback
 .text.HAL_PCD_ResetCallback
                0x08005db0       0x24 CMakeFiles/STelescope.dir/USB_DEVICE/Target/usbd_conf.c.obj
                0x08005db0                HAL_PCD_ResetCallback
 .text.HAL_PCD_SuspendCallback
                0x08005dd4       0x20 CMakeFiles/STelescope.dir/USB_DEVICE/Target/usbd_conf.c.obj
                0x08005dd4                HAL_PCD_SuspendCallback
 .text.HAL_PCD_ResumeCallback
                0x08005df4        0x8 CMakeFiles/STelescope.dir/USB_DEVICE/Target/usbd_conf.c.obj
                0x08005df4                HAL_PCD_ResumeCallback
 .text.USBD_LL_Init
                0x08005dfc       0x84 CMakeFiles/STelescope.dir/USB_DEVICE/Target/usbd_conf.c.obj
                0x08005dfc                USBD_LL_Init
 .text.USBD_LL_Start
                0x08005e80       0x18 CMakeFiles/STelescope.dir/USB_DEVICE/Target/usbd_conf.c.obj
                0x08005e80                USBD_LL_Start
 .text.USBD_LL_OpenEP
                0x08005e98       0x1c CMakeFiles/STelescope.dir/USB_DEVICE/Target/usbd_conf.c.obj
                0x08005e98                USBD_LL_OpenEP
 .text.USBD_LL_CloseEP
                0x08005eb4       0x18 CMakeFiles/STelescope.dir/USB_DEVICE/Target/usbd_conf.c.obj
                0x08005eb4                USBD_LL_CloseEP
 .text.USBD_LL_StallEP
                0x08005ecc       0x18 CMakeFiles/STelescope.dir/USB_DEVICE/Target/usbd_conf.c.obj
                0x08005ecc                USBD_LL_StallEP
 .text.USBD_LL_ClearStallEP
                0x08005ee4       0x18 CMakeFiles/STelescope.dir/USB_DEVICE/Target/usbd_conf.c.obj
                0x08005ee4                USBD_LL_ClearStallEP
 .text.USBD_LL_IsStallEP
                0x08005efc       0x28 CMakeFiles/STelescope.dir/USB_DEVICE/Target/usbd_conf.c.obj
                0x08005efc                USBD_LL_IsStallEP
 .text.USBD_LL_SetUSBAddress
                0x08005f24       0x18 CMakeFiles/STelescope.dir/USB_DEVICE/Target/usbd_conf.c.obj
                0x08005f24                USBD_LL_SetUSBAddress
 .text.USBD_LL_Transmit
                0x08005f3c       0x18 CMakeFiles/STelescope.dir/USB_DEVICE/Target/usbd_conf.c.obj
                0x08005f3c                USBD_LL_Transmit
 .text.USBD_LL_PrepareReceive
                0x08005f54       0x18 CMakeFiles/STelescope.dir/USB_DEVICE/Target/usbd_conf.c.obj
                0x08005f54                USBD_LL_PrepareReceive
 .text.USBD_LL_GetRxDataSize
                0x08005f6c        0x8 CMakeFiles/STelescope.dir/USB_DEVICE/Target/usbd_conf.c.obj
                0x08005f6c                USBD_LL_GetRxDataSize
 .text.USBD_static_malloc
                0x08005f74        0x8 CMakeFiles/STelescope.dir/USB_DEVICE/Target/usbd_conf.c.obj
                0x08005f74                USBD_static_malloc
 .text.USBD_static_free
                0x08005f7c        0x4 CMakeFiles/STelescope.dir/USB_DEVICE/Target/usbd_conf.c.obj
                0x08005f7c                USBD_static_free
 .text.HAL_PCDEx_SetConnectionState
                0x08005f80        0x4 CMakeFiles/STelescope.dir/USB_DEVICE/Target/usbd_conf.c.obj
                0x08005f80                HAL_PCDEx_SetConnectionState
 .text.MX_USB_DEVICE_Init
                0x08005f84       0x74 CMakeFiles/STelescope.dir/USB_DEVICE/App/usb_device.c.obj
                0x08005f84                MX_USB_DEVICE_Init
 .text.USBD_FS_DeviceDescriptor
                0x08005ff8        0xc CMakeFiles/STelescope.dir/USB_DEVICE/App/usbd_desc.c.obj
                0x08005ff8                USBD_FS_DeviceDescriptor
 .text.USBD_FS_LangIDStrDescriptor
                0x08006004        0xc CMakeFiles/STelescope.dir/USB_DEVICE/App/usbd_desc.c.obj
                0x08006004                USBD_FS_LangIDStrDescriptor
 .text.USBD_FS_ManufacturerStrDescriptor
                0x08006010       0x1c CMakeFiles/STelescope.dir/USB_DEVICE/App/usbd_desc.c.obj
                0x08006010                USBD_FS_ManufacturerStrDescriptor
 .text.USBD_FS_ProductStrDescriptor
                0x0800602c       0x1c CMakeFiles/STelescope.dir/USB_DEVICE/App/usbd_desc.c.obj
                0x0800602c                USBD_FS_ProductStrDescriptor
 .text.USBD_FS_ConfigStrDescriptor
                0x08006048       0x1c CMakeFiles/STelescope.dir/USB_DEVICE/App/usbd_desc.c.obj
                0x08006048                USBD_FS_ConfigStrDescriptor
 .text.USBD_FS_InterfaceStrDescriptor
                0x08006064       0x1c CMakeFiles/STelescope.dir/USB_DEVICE/App/usbd_desc.c.obj
                0x08006064                USBD_FS_InterfaceStrDescriptor
 .text.USBD_FS_SerialStrDescriptor
                0x08006080       0x78 CMakeFiles/STelescope.dir/USB_DEVICE/App/usbd_desc.c.obj
                0x08006080                USBD_FS_SerialStrDescriptor
 .text.CDC_DeInit_FS
                0x080060f8        0x4 CMakeFiles/STelescope.dir/USB_DEVICE/App/usbd_cdc_if.c.obj
 .text.CDC_Control_FS
                0x080060fc       0x54 CMakeFiles/STelescope.dir/USB_DEVICE/App/usbd_cdc_if.c.obj
 .text.CDC_Receive_FS
                0x08006150       0x5c CMakeFiles/STelescope.dir/USB_DEVICE/App/usbd_cdc_if.c.obj
 .text.CDC_Init_FS
                0x080061ac       0x28 CMakeFiles/STelescope.dir/USB_DEVICE/App/usbd_cdc_if.c.obj
 .text.CDC_Transmit_FS
                0x080061d4       0x2c CMakeFiles/STelescope.dir/USB_DEVICE/App/usbd_cdc_if.c.obj
                0x080061d4                CDC_Transmit_FS
 .text.get_next_command
                0x08006200       0x28 CMakeFiles/STelescope.dir/USB_DEVICE/App/usbd_cdc_if.c.obj
                0x08006200                get_next_command
 .text.SystemClock_Config
                0x08006228       0x84 CMakeFiles/STelescope.dir/Core/Src/main.c.obj
                0x08006228                SystemClock_Config
 .text.MX_I2C1_Init
                0x080062ac       0x38 CMakeFiles/STelescope.dir/Core/Src/main.c.obj
                0x080062ac                MX_I2C1_Init
 .text.MX_I2C2_Init
                0x080062e4       0x38 CMakeFiles/STelescope.dir/Core/Src/main.c.obj
                0x080062e4                MX_I2C2_Init
 .text.MX_SPI1_Init
                0x0800631c       0x40 CMakeFiles/STelescope.dir/Core/Src/main.c.obj
                0x0800631c                MX_SPI1_Init
 .text.MX_SPI2_Init
                0x0800635c       0x40 CMakeFiles/STelescope.dir/Core/Src/main.c.obj
                0x0800635c                MX_SPI2_Init
 .text.HAL_I2C_MasterTxCpltCallback
                0x0800639c       0x10 CMakeFiles/STelescope.dir/Core/Src/main.c.obj
                0x0800639c                HAL_I2C_MasterTxCpltCallback
 .text.HAL_I2C_MasterRxCpltCallback
                0x080063ac       0x10 CMakeFiles/STelescope.dir/Core/Src/main.c.obj
                0x080063ac                HAL_I2C_MasterRxCpltCallback
 .text.HAL_SPI_TxCpltCallback
                0x080063bc       0x14 CMakeFiles/STelescope.dir/Core/Src/main.c.obj
                0x080063bc                HAL_SPI_TxCpltCallback
 .text.HAL_SPI_TxRxCpltCallback
                0x080063d0       0x14 CMakeFiles/STelescope.dir/Core/Src/main.c.obj
                0x080063d0                HAL_SPI_TxRxCpltCallback
 .text.camera_update
                0x080063e4       0x68 CMakeFiles/STelescope.dir/Core/Src/main.c.obj
                0x080063e4                camera_update
 .text.step_isr
                0x0800644c       0x20 CMakeFiles/STelescope.dir/Core/Src/main.c.obj
                0x0800644c                step_isr
 .text.led_update_isr
                0x0800646c       0x78 CMakeFiles/STelescope.dir/Core/Src/main.c.obj
                0x0800646c                led_update_isr
 .text.sensor_update_isr
                0x080064e4        0xc CMakeFiles/STelescope.dir/Core/Src/main.c.obj
                0x080064e4                sensor_update_isr
 .text.camera_update_isr
                0x080064f0        0xc CMakeFiles/STelescope.dir/Core/Src/main.c.obj
                0x080064f0                camera_update_isr
 .text.populate_orientation_packet
                0x080064fc       0x88 CMakeFiles/STelescope.dir/Core/Src/main.c.obj
                0x080064fc                populate_orientation_packet
 .text.startup.main
                0x08006584      0x50c CMakeFiles/STelescope.dir/Core/Src/main.c.obj
                0x08006584                main
 .text.Error_Handler
                0x08006a90        0x4 CMakeFiles/STelescope.dir/Core/Src/main.c.obj
                0x08006a90                Error_Handler
 .text.NMI_Handler
                0x08006a94        0x4 CMakeFiles/STelescope.dir/Core/Src/stm32f1xx_it.c.obj
                0x08006a94                NMI_Handler
 .text.HardFault_Handler
                0x08006a98        0x4 CMakeFiles/STelescope.dir/Core/Src/stm32f1xx_it.c.obj
                0x08006a98                HardFault_Handler
 .text.MemManage_Handler
                0x08006a9c        0x4 CMakeFiles/STelescope.dir/Core/Src/stm32f1xx_it.c.obj
                0x08006a9c                MemManage_Handler
 .text.BusFault_Handler
                0x08006aa0        0x4 CMakeFiles/STelescope.dir/Core/Src/stm32f1xx_it.c.obj
                0x08006aa0                BusFault_Handler
 .text.UsageFault_Handler
                0x08006aa4        0x4 CMakeFiles/STelescope.dir/Core/Src/stm32f1xx_it.c.obj
                0x08006aa4                UsageFault_Handler
 .text.SVC_Handler
                0x08006aa8        0x4 CMakeFiles/STelescope.dir/Core/Src/stm32f1xx_it.c.obj
                0x08006aa8                SVC_Handler
 .text.DebugMon_Handler
                0x08006aac        0x4 CMakeFiles/STelescope.dir/Core/Src/stm32f1xx_it.c.obj
                0x08006aac                DebugMon_Handler
 .text.PendSV_Handler
                0x08006ab0        0x4 CMakeFiles/STelescope.dir/Core/Src/stm32f1xx_it.c.obj
                0x08006ab0                PendSV_Handler
 .text.SysTick_Handler
                0x08006ab4        0x4 CMakeFiles/STelescope.dir/Core/Src/stm32f1xx_it.c.obj
                0x08006ab4                SysTick_Handler
 .text.EXTI2_IRQHandler
                0x08006ab8       0x20 CMakeFiles/STelescope.dir/Core/Src/stm32f1xx_it.c.obj
                0x08006ab8                EXTI2_IRQHandler
 .text.DMA1_Channel2_IRQHandler
                0x08006ad8        0xc CMakeFiles/STelescope.dir/Core/Src/stm32f1xx_it.c.obj
                0x08006ad8                DMA1_Channel2_IRQHandler
 .text.DMA1_Channel3_IRQHandler
                0x08006ae4        0xc CMakeFiles/STelescope.dir/Core/Src/stm32f1xx_it.c.obj
                0x08006ae4                DMA1_Channel3_IRQHandler
 .text.DMA1_Channel5_IRQHandler
                0x08006af0        0xc CMakeFiles/STelescope.dir/Core/Src/stm32f1xx_it.c.obj
                0x08006af0                DMA1_Channel5_IRQHandler
 .text.USB_LP_CAN1_RX0_IRQHandler
                0x08006afc        0xc CMakeFiles/STelescope.dir/Core/Src/stm32f1xx_it.c.obj
                0x08006afc                USB_LP_CAN1_RX0_IRQHandler
 .text.TIM2_IRQHandler
                0x08006b08       0x14 CMakeFiles/STelescope.dir/Core/Src/stm32f1xx_it.c.obj
                0x08006b08                TIM2_IRQHandler
 .text.TIM3_IRQHandler
                0x08006b1c       0x14 CMakeFiles/STelescope.dir/Core/Src/stm32f1xx_it.c.obj
                0x08006b1c                TIM3_IRQHandler
 .text.TIM4_IRQHandler
                0x08006b30       0x30 CMakeFiles/STelescope.dir/Core/Src/stm32f1xx_it.c.obj
                0x08006b30                TIM4_IRQHandler
 .text.I2C1_EV_IRQHandler
                0x08006b60        0xc CMakeFiles/STelescope.dir/Core/Src/stm32f1xx_it.c.obj
                0x08006b60                I2C1_EV_IRQHandler
 .text.I2C1_ER_IRQHandler
                0x08006b6c        0xc CMakeFiles/STelescope.dir/Core/Src/stm32f1xx_it.c.obj
                0x08006b6c                I2C1_ER_IRQHandler
 .text.I2C2_EV_IRQHandler
                0x08006b78        0xc CMakeFiles/STelescope.dir/Core/Src/stm32f1xx_it.c.obj
                0x08006b78                I2C2_EV_IRQHandler
 .text.I2C2_ER_IRQHandler
                0x08006b84        0xc CMakeFiles/STelescope.dir/Core/Src/stm32f1xx_it.c.obj
                0x08006b84                I2C2_ER_IRQHandler
 .text.SPI1_IRQHandler
                0x08006b90        0xc CMakeFiles/STelescope.dir/Core/Src/stm32f1xx_it.c.obj
                0x08006b90                SPI1_IRQHandler
 .text.SPI2_IRQHandler
                0x08006b9c        0xc CMakeFiles/STelescope.dir/Core/Src/stm32f1xx_it.c.obj
                0x08006b9c                SPI2_IRQHandler
 .text.HAL_MspInit
                0x08006ba8       0x44 CMakeFiles/STelescope.dir/Core/Src/stm32f1xx_hal_msp.c.obj
                0x08006ba8                HAL_MspInit
 .text.HAL_I2C_MspInit
                0x08006bec       0xf0 CMakeFiles/STelescope.dir/Core/Src/stm32f1xx_hal_msp.c.obj
                0x08006bec                HAL_I2C_MspInit
 .text.HAL_SPI_MspInit
                0x08006cdc      0x180 CMakeFiles/STelescope.dir/Core/Src/stm32f1xx_hal_msp.c.obj
                0x08006cdc                HAL_SPI_MspInit
 .text.HAL_TIM_Base_MspInit
                0x08006e5c       0xa8 CMakeFiles/STelescope.dir/Core/Src/stm32f1xx_hal_msp.c.obj
                0x08006e5c                HAL_TIM_Base_MspInit
 .text.HAL_UART_MspInit
                0x08006f04       0x78 CMakeFiles/STelescope.dir/Core/Src/stm32f1xx_hal_msp.c.obj
                0x08006f04                HAL_UART_MspInit
 .text._sbrk    0x08006f7c       0x48 CMakeFiles/STelescope.dir/Core/Src/sysmem.c.obj
                0x08006f7c                _sbrk
 .text._read    0x08006fc4       0x1c CMakeFiles/STelescope.dir/Core/Src/syscalls.c.obj
                0x08006fc4                _read
 .text._write   0x08006fe0       0x1c CMakeFiles/STelescope.dir/Core/Src/syscalls.c.obj
                0x08006fe0                _write
 .text._close   0x08006ffc        0x8 CMakeFiles/STelescope.dir/Core/Src/syscalls.c.obj
                0x08006ffc                _close
 .text._fstat   0x08007004        0xc CMakeFiles/STelescope.dir/Core/Src/syscalls.c.obj
                0x08007004                _fstat
 .text._isatty  0x08007010        0x4 CMakeFiles/STelescope.dir/Core/Src/syscalls.c.obj
                0x08007010                _isatty
 .text._lseek   0x08007014        0x4 CMakeFiles/STelescope.dir/Core/Src/syscalls.c.obj
                0x08007014                _lseek
 .text.Reset_Handler
                0x08007018       0x48 CMakeFiles/STelescope.dir/startup_stm32f103xb.s.obj
                0x08007018                Reset_Handler
 .text.Default_Handler
                0x08007060        0x2 CMakeFiles/STelescope.dir/startup_stm32f103xb.s.obj
                0x08007060                RTC_Alarm_IRQHandler
                0x08007060                TIM1_CC_IRQHandler
                0x08007060                PVD_IRQHandler
                0x08007060                EXTI3_IRQHandler
                0x08007060                EXTI0_IRQHandler
                0x08007060                ADC1_2_IRQHandler
                0x08007060                TAMPER_IRQHandler
                0x08007060                DMA1_Channel4_IRQHandler
                0x08007060                USART3_IRQHandler
                0x08007060                RTC_IRQHandler
                0x08007060                DMA1_Channel7_IRQHandler
                0x08007060                CAN1_RX1_IRQHandler
                0x08007060                DMA1_Channel6_IRQHandler
                0x08007060                RCC_IRQHandler
                0x08007060                TIM1_TRG_COM_IRQHandler
                0x08007060                DMA1_Channel1_IRQHandler
                0x08007060                Default_Handler
                0x08007060                EXTI15_10_IRQHandler
                0x08007060                EXTI9_5_IRQHandler
                0x08007060                EXTI4_IRQHandler
                0x08007060                USB_HP_CAN1_TX_IRQHandler
                0x08007060                TIM1_UP_IRQHandler
                0x08007060                WWDG_IRQHandler
                0x08007060                TIM1_BRK_IRQHandler
                0x08007060                EXTI1_IRQHandler
                0x08007060                USART2_IRQHandler
                0x08007060                CAN1_SCE_IRQHandler
                0x08007060                FLASH_IRQHandler
                0x08007060                USART1_IRQHandler
                0x08007060                USBWakeUp_IRQHandler
 *fill*         0x08007062        0x2 
 .text.drdy_accelerometer_cb
                0x08007064       0x1c CMakeFiles/STelescope.dir/Core/Src/accelerometer.c.obj
                0x08007064                drdy_accelerometer_cb
 .text.init_accelerometer
                0x08007080       0x84 CMakeFiles/STelescope.dir/Core/Src/accelerometer.c.obj
                0x08007080                init_accelerometer
 .text.dacq_accelerometer
                0x08007104       0x34 CMakeFiles/STelescope.dir/Core/Src/accelerometer.c.obj
                0x08007104                dacq_accelerometer
 .text.get_accelerometer_data
                0x08007138        0x8 CMakeFiles/STelescope.dir/Core/Src/accelerometer.c.obj
                0x08007138                get_accelerometer_data
 .text.drdy_offboard_compass_cb
                0x08007140       0xb4 CMakeFiles/STelescope.dir/Core/Src/compass.c.obj
                0x08007140                drdy_offboard_compass_cb
 .text.drdy_onboard_compass_cb
                0x080071f4       0xc0 CMakeFiles/STelescope.dir/Core/Src/compass.c.obj
                0x080071f4                drdy_onboard_compass_cb
 .text.init_compass
                0x080072b4      0x104 CMakeFiles/STelescope.dir/Core/Src/compass.c.obj
                0x080072b4                init_compass
 .text.dacq_compass
                0x080073b8       0x50 CMakeFiles/STelescope.dir/Core/Src/compass.c.obj
                0x080073b8                dacq_compass
 .text.get_compass_data
                0x08007408       0x10 CMakeFiles/STelescope.dir/Core/Src/compass.c.obj
                0x08007408                get_compass_data
 .text.reset_display
                0x08007418       0x3c CMakeFiles/STelescope.dir/Core/Src/display.c.obj
                0x08007418                reset_display
 .text.draw_post_init
                0x08007454      0x1a4 CMakeFiles/STelescope.dir/Core/Src/display.c.obj
                0x08007454                draw_post_init
 .text.init_display
                0x080075f8      0x12c CMakeFiles/STelescope.dir/Core/Src/display.c.obj
                0x080075f8                init_display
 .text.rtx_spi_cb
                0x08007724       0x48 CMakeFiles/STelescope.dir/Core/Src/peripheral.c.obj
                0x08007724                rtx_spi_cb
 .text.rtx_spi  0x0800776c       0xbc CMakeFiles/STelescope.dir/Core/Src/peripheral.c.obj
                0x0800776c                rtx_spi
 .text.rtx_i2c  0x08007828       0x54 CMakeFiles/STelescope.dir/Core/Src/peripheral.c.obj
                0x08007828                rtx_i2c
 .text.rtx_i2c_cb
                0x0800787c       0x58 CMakeFiles/STelescope.dir/Core/Src/peripheral.c.obj
                0x0800787c                rtx_i2c_cb
 .text.write_i2c_regs
                0x080078d4       0x58 CMakeFiles/STelescope.dir/Core/Src/camera.c.obj
                0x080078d4                write_i2c_regs
 .text.read_fifo_length
                0x0800792c       0x8c CMakeFiles/STelescope.dir/Core/Src/camera.c.obj
                0x0800792c                read_fifo_length
 .text.set_fifo_burst_read
                0x080079b8       0x50 CMakeFiles/STelescope.dir/Core/Src/camera.c.obj
                0x080079b8                set_fifo_burst_read
 .text.get_camera_read_fifo_length
                0x08007a08        0xc CMakeFiles/STelescope.dir/Core/Src/camera.c.obj
                0x08007a08                get_camera_read_fifo_length
 .text.pipe_fifo
                0x08007a14       0xa4 CMakeFiles/STelescope.dir/Core/Src/camera.c.obj
                0x08007a14                pipe_fifo
 .text.init_camera
                0x08007ab8      0x1e4 CMakeFiles/STelescope.dir/Core/Src/camera.c.obj
                0x08007ab8                init_camera
 .text.capture_and_pipe
                0x08007c9c      0x124 CMakeFiles/STelescope.dir/Core/Src/camera.c.obj
                0x08007c9c                capture_and_pipe
 .text.get_microstep_mode
                0x08007dc0        0xc CMakeFiles/STelescope.dir/Core/Src/stepper.c.obj
                0x08007dc0                get_microstep_mode
 .text.get_stepper_state
                0x08007dcc        0xc CMakeFiles/STelescope.dir/Core/Src/stepper.c.obj
                0x08007dcc                get_stepper_state
 .text.get_stepper_position
                0x08007dd8       0x10 CMakeFiles/STelescope.dir/Core/Src/stepper.c.obj
                0x08007dd8                get_stepper_position
 .text.get_stepper_rate
                0x08007de8       0x10 CMakeFiles/STelescope.dir/Core/Src/stepper.c.obj
                0x08007de8                get_stepper_rate
 .text.set_microstep_mode
                0x08007df8       0xbc CMakeFiles/STelescope.dir/Core/Src/stepper.c.obj
                0x08007df8                set_microstep_mode
 .text.set_stepper_state
                0x08007eb4        0xc CMakeFiles/STelescope.dir/Core/Src/stepper.c.obj
                0x08007eb4                set_stepper_state
 .text.set_stepper_position
                0x08007ec0       0x10 CMakeFiles/STelescope.dir/Core/Src/stepper.c.obj
                0x08007ec0                set_stepper_position
 .text.set_desired_stepper_position
                0x08007ed0       0x10 CMakeFiles/STelescope.dir/Core/Src/stepper.c.obj
                0x08007ed0                set_desired_stepper_position
 .text.set_stepper_rate
                0x08007ee0      0x140 CMakeFiles/STelescope.dir/Core/Src/stepper.c.obj
                0x08007ee0                set_stepper_rate
 .text.init_stepper
                0x08008020      0x124 CMakeFiles/STelescope.dir/Core/Src/stepper.c.obj
                0x08008020                init_stepper
 .text.increment_tick
                0x08008144       0xbc CMakeFiles/STelescope.dir/Core/Src/stepper.c.obj
                0x08008144                increment_tick
 .text.step_axis
                0x08008200       0x68 CMakeFiles/STelescope.dir/Core/Src/stepper.c.obj
                0x08008200                step_axis
 .text.get_next_pulse_cc.part.0
                0x08008268       0x7c CMakeFiles/STelescope.dir/Core/Src/status.c.obj
 .text.init_status_leds
                0x080082e4       0x48 CMakeFiles/STelescope.dir/Core/Src/status.c.obj
                0x080082e4                init_status_leds
 .text.set_status_led
                0x0800832c       0x18 CMakeFiles/STelescope.dir/Core/Src/status.c.obj
                0x0800832c                set_status_led
 .text.get_next_pulse_cc
                0x08008344       0x3c CMakeFiles/STelescope.dir/Core/Src/status.c.obj
                0x08008344                get_next_pulse_cc
 .text.update_leds
                0x08008380       0x14 CMakeFiles/STelescope.dir/Core/Src/status.c.obj
                0x08008380                update_leds
 .text.drdy_rtc_cb
                0x08008394       0x38 CMakeFiles/STelescope.dir/Core/Src/rtc.c.obj
                0x08008394                drdy_rtc_cb
 .text.init_rtc
                0x080083cc       0x74 CMakeFiles/STelescope.dir/Core/Src/rtc.c.obj
                0x080083cc                init_rtc
 .text.printf   0x08008440       0x24 D:/ST/STM32CubeCLT_1.18.0/GNU-tools-for-STM32/bin/../lib/gcc/arm-none-eabi/13.3.1/../../../../arm-none-eabi/lib/thumb/v7-m/nofp\libg_nano.a(libc_a-printf.o)
                0x08008440                iprintf
                0x08008440                printf
 .text.putchar  0x08008464       0x10 D:/ST/STM32CubeCLT_1.18.0/GNU-tools-for-STM32/bin/../lib/gcc/arm-none-eabi/13.3.1/../../../../arm-none-eabi/lib/thumb/v7-m/nofp\libg_nano.a(libc_a-putchar.o)
                0x08008464                putchar
 .text.__errno  0x08008474        0xc D:/ST/STM32CubeCLT_1.18.0/GNU-tools-for-STM32/bin/../lib/gcc/arm-none-eabi/13.3.1/../../../../arm-none-eabi/lib/thumb/v7-m/nofp\libg_nano.a(libc_a-errno.o)
                0x08008474                __errno
 .text.__sfputc_r
                0x08008480       0x2a D:/ST/STM32CubeCLT_1.18.0/GNU-tools-for-STM32/bin/../lib/gcc/arm-none-eabi/13.3.1/../../../../arm-none-eabi/lib/thumb/v7-m/nofp\libg_nano.a(libc_a-nano-vfprintf.o)
 .text.__sfputs_r
                0x080084aa       0x24 D:/ST/STM32CubeCLT_1.18.0/GNU-tools-for-STM32/bin/../lib/gcc/arm-none-eabi/13.3.1/../../../../arm-none-eabi/lib/thumb/v7-m/nofp\libg_nano.a(libc_a-nano-vfprintf.o)
                0x080084aa                __sfputs_r
 *fill*         0x080084ce        0x2 
 .text._vfprintf_r
                0x080084d0      0x230 D:/ST/STM32CubeCLT_1.18.0/GNU-tools-for-STM32/bin/../lib/gcc/arm-none-eabi/13.3.1/../../../../arm-none-eabi/lib/thumb/v7-m/nofp\libg_nano.a(libc_a-nano-vfprintf.o)
                0x080084d0                _vfprintf_r
                0x080084d0                _vfiprintf_r
 .text._printf_common
                0x08008700       0xe4 D:/ST/STM32CubeCLT_1.18.0/GNU-tools-for-STM32/bin/../lib/gcc/arm-none-eabi/13.3.1/../../../../arm-none-eabi/lib/thumb/v7-m/nofp\libg_nano.a(libc_a-nano-vfprintf_i.o)
                0x08008700                _printf_common
 .text._printf_i
                0x080087e4      0x23c D:/ST/STM32CubeCLT_1.18.0/GNU-tools-for-STM32/bin/../lib/gcc/arm-none-eabi/13.3.1/../../../../arm-none-eabi/lib/thumb/v7-m/nofp\libg_nano.a(libc_a-nano-vfprintf_i.o)
                0x080087e4                _printf_i
 .text._putc_r  0x08008a20       0x68 D:/ST/STM32CubeCLT_1.18.0/GNU-tools-for-STM32/bin/../lib/gcc/arm-none-eabi/13.3.1/../../../../arm-none-eabi/lib/thumb/v7-m/nofp\libg_nano.a(libc_a-putc.o)
                0x08008a20                _putc_r
 .text.__swbuf_r
                0x08008a88       0x7c D:/ST/STM32CubeCLT_1.18.0/GNU-tools-for-STM32/bin/../lib/gcc/arm-none-eabi/13.3.1/../../../../arm-none-eabi/lib/thumb/v7-m/nofp\libg_nano.a(libc_a-wbuf.o)
                0x08008a88                __swbuf_r
 .text.__swsetup_r
                0x08008b04       0xac D:/ST/STM32CubeCLT_1.18.0/GNU-tools-for-STM32/bin/../lib/gcc/arm-none-eabi/13.3.1/../../../../arm-none-eabi/lib/thumb/v7-m/nofp\libg_nano.a(libc_a-wsetup.o)
                0x08008b04                __swsetup_r
 .text.memchr   0x08008bb0       0x1c D:/ST/STM32CubeCLT_1.18.0/GNU-tools-for-STM32/bin/../lib/gcc/arm-none-eabi/13.3.1/../../../../arm-none-eabi/lib/thumb/v7-m/nofp\libg_nano.a(libc_a-memchr-stub.o)
                0x08008bb0                memchr
 .text.__swhatbuf_r
                0x08008bcc       0x4a D:/ST/STM32CubeCLT_1.18.0/GNU-tools-for-STM32/bin/../lib/gcc/arm-none-eabi/13.3.1/../../../../arm-none-eabi/lib/thumb/v7-m/nofp\libg_nano.a(libc_a-makebuf.o)
                0x08008bcc                __swhatbuf_r
 .text.__smakebuf_r
                0x08008c16       0x78 D:/ST/STM32CubeCLT_1.18.0/GNU-tools-for-STM32/bin/../lib/gcc/arm-none-eabi/13.3.1/../../../../arm-none-eabi/lib/thumb/v7-m/nofp\libg_nano.a(libc_a-makebuf.o)
                0x08008c16                __smakebuf_r
 *fill*         0x08008c8e        0x2 
 .text._fstat_r
                0x08008c90       0x24 D:/ST/STM32CubeCLT_1.18.0/GNU-tools-for-STM32/bin/../lib/gcc/arm-none-eabi/13.3.1/../../../../arm-none-eabi/lib/thumb/v7-m/nofp\libg_nano.a(libc_a-fstatr.o)
                0x08008c90                _fstat_r
 .text._isatty_r
                0x08008cb4       0x20 D:/ST/STM32CubeCLT_1.18.0/GNU-tools-for-STM32/bin/../lib/gcc/arm-none-eabi/13.3.1/../../../../arm-none-eabi/lib/thumb/v7-m/nofp\libg_nano.a(libc_a-isattyr.o)
                0x08008cb4                _isatty_r
 *(.glue_7)
 .glue_7        0x08008cd4        0x0 linker stubs
 *(.glue_7t)
 .glue_7t       0x08008cd4        0x0 linker stubs
 *(.eh_frame)
 .eh_frame      0x08008cd4        0x0 D:/ST/STM32CubeCLT_1.18.0/GNU-tools-for-STM32/bin/../lib/gcc/arm-none-eabi/13.3.1/thumb/v7-m/nofp/crtbegin.o
 *(.init)
 .init          0x08008cd4        0x4 D:/ST/STM32CubeCLT_1.18.0/GNU-tools-for-STM32/bin/../lib/gcc/arm-none-eabi/13.3.1/thumb/v7-m/nofp/crti.o
                0x08008cd4                _init
 .init          0x08008cd8        0x8 D:/ST/STM32CubeCLT_1.18.0/GNU-tools-for-STM32/bin/../lib/gcc/arm-none-eabi/13.3.1/thumb/v7-m/nofp/crtn.o
 *(.fini)
 .fini          0x08008ce0        0x4 D:/ST/STM32CubeCLT_1.18.0/GNU-tools-for-STM32/bin/../lib/gcc/arm-none-eabi/13.3.1/thumb/v7-m/nofp/crti.o
                0x08008ce0                _fini
 .fini          0x08008ce4        0x8 D:/ST/STM32CubeCLT_1.18.0/GNU-tools-for-STM32/bin/../lib/gcc/arm-none-eabi/13.3.1/thumb/v7-m/nofp/crtn.o
                0x08008cec                        . = ALIGN (0x4)
                0x08008cec                        _etext = .

.vfp11_veneer   0x08008cec        0x0
 .vfp11_veneer  0x08008cec        0x0 linker stubs

.v4_bx          0x08008cec        0x0
 .v4_bx         0x08008cec        0x0 linker stubs

.iplt           0x08008cec        0x0
 .iplt          0x08008cec        0x0 D:/ST/STM32CubeCLT_1.18.0/GNU-tools-for-STM32/bin/../lib/gcc/arm-none-eabi/13.3.1/thumb/v7-m/nofp/crtbegin.o

.rodata         0x08008cec      0x3cc
                0x08008cec                        . = ALIGN (0x4)
 *(.rodata)
 *(.rodata*)
 .rodata.APBPrescTable
                0x08008cec        0x8 cmake/stm32cubemx/CMakeFiles/STM32_Drivers.dir/__/__/Core/Src/system_stm32f1xx.c.obj
                0x08008cec                APBPrescTable
 .rodata.AHBPrescTable
                0x08008cf4       0x10 cmake/stm32cubemx/CMakeFiles/STM32_Drivers.dir/__/__/Core/Src/system_stm32f1xx.c.obj
                0x08008cf4                AHBPrescTable
 .rodata.aPredivFactorTable.0
                0x08008d04        0x2 cmake/stm32cubemx/CMakeFiles/STM32_Drivers.dir/__/__/Drivers/STM32F1xx_HAL_Driver/Src/stm32f1xx_hal_rcc.c.obj
 *fill*         0x08008d06        0x2 
 .rodata.aPLLMULFactorTable.1
                0x08008d08       0x10 cmake/stm32cubemx/CMakeFiles/STM32_Drivers.dir/__/__/Drivers/STM32F1xx_HAL_Driver/Src/stm32f1xx_hal_rcc.c.obj
 .rodata.USBD_Init.str1.4
                0x08008d18       0x7e cmake/stm32cubemx/CMakeFiles/USB_Device_Library.dir/__/__/Middlewares/ST/STM32_USB_Device_Library/Core/Src/usbd_core.c.obj
                                 0x1e (size before relaxing)
 .rodata.USBD_RegisterClass.str1.4
                0x08008d96       0x15 cmake/stm32cubemx/CMakeFiles/USB_Device_Library.dir/__/__/Middlewares/ST/STM32_USB_Device_Library/Core/Src/usbd_core.c.obj
 .rodata.USBD_FS_ManufacturerStrDescriptor.str1.4
                0x08008d96       0x13 CMakeFiles/STelescope.dir/USB_DEVICE/App/usbd_desc.c.obj
 .rodata.USBD_FS_ProductStrDescriptor.str1.4
                0x08008d96       0x16 CMakeFiles/STelescope.dir/USB_DEVICE/App/usbd_desc.c.obj
 .rodata.USBD_FS_ConfigStrDescriptor.str1.4
                0x08008d96        0xb CMakeFiles/STelescope.dir/USB_DEVICE/App/usbd_desc.c.obj
 .rodata.USBD_FS_InterfaceStrDescriptor.str1.4
                0x08008d96        0xe CMakeFiles/STelescope.dir/USB_DEVICE/App/usbd_desc.c.obj
 *fill*         0x08008d96        0x2 
 .rodata.initcmd
                0x08008d98       0xe0 CMakeFiles/STelescope.dir/Core/Src/display.c.obj
 .rodata.CSWTCH.2
                0x08008e78       0x10 CMakeFiles/STelescope.dir/Core/Src/peripheral.c.obj
 .rodata.OV2640_640x480_JPEG
                0x08008e88       0x52 CMakeFiles/STelescope.dir/Core/Src/camera.c.obj
                0x08008e88                OV2640_640x480_JPEG
 *fill*         0x08008eda        0x2 
 .rodata.OV2640_JPEG
                0x08008edc       0x12 CMakeFiles/STelescope.dir/Core/Src/camera.c.obj
                0x08008edc                OV2640_JPEG
 *fill*         0x08008eee        0x2 
 .rodata.OV2640_YUV422
                0x08008ef0       0x14 CMakeFiles/STelescope.dir/Core/Src/camera.c.obj
                0x08008ef0                OV2640_YUV422
 .rodata.OV2640_JPEG_INIT
                0x08008f04      0x17e CMakeFiles/STelescope.dir/Core/Src/camera.c.obj
                0x08008f04                OV2640_JPEG_INIT
 .rodata._vfprintf_r.str1.1
                0x08009082       0x33 D:/ST/STM32CubeCLT_1.18.0/GNU-tools-for-STM32/bin/../lib/gcc/arm-none-eabi/13.3.1/../../../../arm-none-eabi/lib/thumb/v7-m/nofp\libg_nano.a(libc_a-nano-vfprintf.o)
                                 0x11 (size before relaxing)
 .rodata._printf_i.str1.1
                0x080090b5       0x22 D:/ST/STM32CubeCLT_1.18.0/GNU-tools-for-STM32/bin/../lib/gcc/arm-none-eabi/13.3.1/../../../../arm-none-eabi/lib/thumb/v7-m/nofp\libg_nano.a(libc_a-nano-vfprintf_i.o)
                0x080090d8                        . = ALIGN (0x4)
 *fill*         0x080090b5        0x3 

.ARM.extab      0x080090b8        0x0
                0x080090b8                        . = ALIGN (0x4)
 *(.ARM.extab* .gnu.linkonce.armextab.*)
                0x080090b8                        . = ALIGN (0x4)

.ARM            0x080090b8        0x8
                0x080090b8                        . = ALIGN (0x4)
                0x080090b8                        __exidx_start = .
 *(.ARM.exidx*)
 .ARM.exidx     0x080090b8        0x8 D:/ST/STM32CubeCLT_1.18.0/GNU-tools-for-STM32/bin/../lib/gcc/arm-none-eabi/13.3.1/../../../../arm-none-eabi/lib/thumb/v7-m/nofp\libg_nano.a(libc_a-strlen.o)
                0x080090c0                        __exidx_end = .
                0x080090c0                        . = ALIGN (0x4)

.preinit_array  0x080090c0        0x0
                0x080090c0                        . = ALIGN (0x4)
                0x080090c0                        PROVIDE (__preinit_array_start = .)
 *(.preinit_array*)
                0x080090c0                        PROVIDE (__preinit_array_end = .)
                0x080090c0                        . = ALIGN (0x4)

.init_array     0x080090c0        0x4
                0x080090c0                        . = ALIGN (0x4)
                0x080090c0                        PROVIDE (__init_array_start = .)
 *(SORT_BY_NAME(.init_array.*))
 *(.init_array*)
 .init_array    0x080090c0        0x4 D:/ST/STM32CubeCLT_1.18.0/GNU-tools-for-STM32/bin/../lib/gcc/arm-none-eabi/13.3.1/thumb/v7-m/nofp/crtbegin.o
                0x080090c4                        PROVIDE (__init_array_end = .)
                0x080090c4                        . = ALIGN (0x4)

.fini_array     0x080090c4        0x4
                0x080090c4                        . = ALIGN (0x4)
                [!provide]                        PROVIDE (__fini_array_start = .)
 *(SORT_BY_NAME(.fini_array.*))
 *(.fini_array*)
 .fini_array    0x080090c4        0x4 D:/ST/STM32CubeCLT_1.18.0/GNU-tools-for-STM32/bin/../lib/gcc/arm-none-eabi/13.3.1/thumb/v7-m/nofp/crtbegin.o
                [!provide]                        PROVIDE (__fini_array_end = .)
                0x080090c8                        . = ALIGN (0x4)
                0x080090c8                        _sidata = LOADADDR (.data)

.rel.dyn        0x080090c8        0x0
 .rel.iplt      0x080090c8        0x0 D:/ST/STM32CubeCLT_1.18.0/GNU-tools-for-STM32/bin/../lib/gcc/arm-none-eabi/13.3.1/thumb/v7-m/nofp/crtbegin.o

.data           0x20000000      0x1e4 load address 0x080090c8
                0x20000000                        . = ALIGN (0x4)
                0x20000000                        _sdata = .
 *(.data)
 *(.data*)
 .data.__sglue  0x20000000        0xc D:/ST/STM32CubeCLT_1.18.0/GNU-tools-for-STM32/bin/../lib/gcc/arm-none-eabi/13.3.1/../../../../arm-none-eabi/lib/thumb/v7-m/nofp\libc_nano.a(libc_a-findfp.o)
                0x20000000                __sglue
 .data._impure_ptr
                0x2000000c        0x4 D:/ST/STM32CubeCLT_1.18.0/GNU-tools-for-STM32/bin/../lib/gcc/arm-none-eabi/13.3.1/../../../../arm-none-eabi/lib/thumb/v7-m/nofp\libc_nano.a(libc_a-impure.o)
                0x2000000c                _impure_ptr
 .data._impure_data
                0x20000010       0x4c D:/ST/STM32CubeCLT_1.18.0/GNU-tools-for-STM32/bin/../lib/gcc/arm-none-eabi/13.3.1/../../../../arm-none-eabi/lib/thumb/v7-m/nofp\libc_nano.a(libc_a-impure.o)
                0x20000010                _impure_data
 .data.SystemCoreClock
                0x2000005c        0x4 cmake/stm32cubemx/CMakeFiles/STM32_Drivers.dir/__/__/Core/Src/system_stm32f1xx.c.obj
                0x2000005c                SystemCoreClock
 .data.uwTickFreq
                0x20000060        0x1 cmake/stm32cubemx/CMakeFiles/STM32_Drivers.dir/__/__/Drivers/STM32F1xx_HAL_Driver/Src/stm32f1xx_hal.c.obj
                0x20000060                uwTickFreq
 *fill*         0x20000061        0x3 
 .data.uwTickPrio
                0x20000064        0x4 cmake/stm32cubemx/CMakeFiles/STM32_Drivers.dir/__/__/Drivers/STM32F1xx_HAL_Driver/Src/stm32f1xx_hal.c.obj
                0x20000064                uwTickPrio
 .data.USBD_CDC_OtherSpeedCfgDesc
                0x20000068       0x43 cmake/stm32cubemx/CMakeFiles/USB_Device_Library.dir/__/__/Middlewares/ST/STM32_USB_Device_Library/Class/CDC/Src/usbd_cdc.c.obj
                0x20000068                USBD_CDC_OtherSpeedCfgDesc
 *fill*         0x200000ab        0x1 
 .data.USBD_CDC_CfgFSDesc
                0x200000ac       0x43 cmake/stm32cubemx/CMakeFiles/USB_Device_Library.dir/__/__/Middlewares/ST/STM32_USB_Device_Library/Class/CDC/Src/usbd_cdc.c.obj
                0x200000ac                USBD_CDC_CfgFSDesc
 *fill*         0x200000ef        0x1 
 .data.USBD_CDC_CfgHSDesc
                0x200000f0       0x43 cmake/stm32cubemx/CMakeFiles/USB_Device_Library.dir/__/__/Middlewares/ST/STM32_USB_Device_Library/Class/CDC/Src/usbd_cdc.c.obj
                0x200000f0                USBD_CDC_CfgHSDesc
 *fill*         0x20000133        0x1 
 .data.USBD_CDC
                0x20000134       0x38 cmake/stm32cubemx/CMakeFiles/USB_Device_Library.dir/__/__/Middlewares/ST/STM32_USB_Device_Library/Class/CDC/Src/usbd_cdc.c.obj
                0x20000134                USBD_CDC
 .data.USBD_CDC_DeviceQualifierDesc
                0x2000016c        0xa cmake/stm32cubemx/CMakeFiles/USB_Device_Library.dir/__/__/Middlewares/ST/STM32_USB_Device_Library/Class/CDC/Src/usbd_cdc.c.obj
 *fill*         0x20000176        0x2 
 .data.USBD_StringSerial
                0x20000178       0x1a CMakeFiles/STelescope.dir/USB_DEVICE/App/usbd_desc.c.obj
                0x20000178                USBD_StringSerial
 *fill*         0x20000192        0x2 
 .data.USBD_LangIDDesc
                0x20000194        0x4 CMakeFiles/STelescope.dir/USB_DEVICE/App/usbd_desc.c.obj
                0x20000194                USBD_LangIDDesc
 .data.USBD_FS_DeviceDesc
                0x20000198       0x12 CMakeFiles/STelescope.dir/USB_DEVICE/App/usbd_desc.c.obj
                0x20000198                USBD_FS_DeviceDesc
 *fill*         0x200001aa        0x2 
 .data.FS_Desc  0x200001ac       0x1c CMakeFiles/STelescope.dir/USB_DEVICE/App/usbd_desc.c.obj
                0x200001ac                FS_Desc
 .data.USBD_Interface_fops_FS
                0x200001c8       0x10 CMakeFiles/STelescope.dir/USB_DEVICE/App/usbd_cdc_if.c.obj
                0x200001c8                USBD_Interface_fops_FS
 .data.LineCoding
                0x200001d8        0x8 CMakeFiles/STelescope.dir/USB_DEVICE/App/usbd_cdc_if.c.obj
                0x200001d8                LineCoding
 .data.step_alt.1
                0x200001e0        0x3 CMakeFiles/STelescope.dir/Core/Src/stepper.c.obj
 *(.RamFunc)
 *(.RamFunc*)
                0x200001e4                        . = ALIGN (0x4)
 *fill*         0x200001e3        0x1 
                0x200001e4                        _edata = .

.igot.plt       0x200001e4        0x0 load address 0x080092ac
 .igot.plt      0x200001e4        0x0 D:/ST/STM32CubeCLT_1.18.0/GNU-tools-for-STM32/bin/../lib/gcc/arm-none-eabi/13.3.1/thumb/v7-m/nofp/crtbegin.o
                0x200001e4                        . = ALIGN (0x4)

.bss            0x200001e8     0x23b8 load address 0x080092ac
                0x200001e8                        _sbss = .
                0x200001e8                        __bss_start__ = _sbss
 *(.bss)
 .bss           0x200001e8       0x1c D:/ST/STM32CubeCLT_1.18.0/GNU-tools-for-STM32/bin/../lib/gcc/arm-none-eabi/13.3.1/thumb/v7-m/nofp/crtbegin.o
 *(.bss*)
 .bss.__sf      0x20000204      0x138 D:/ST/STM32CubeCLT_1.18.0/GNU-tools-for-STM32/bin/../lib/gcc/arm-none-eabi/13.3.1/../../../../arm-none-eabi/lib/thumb/v7-m/nofp\libc_nano.a(libc_a-findfp.o)
                0x20000204                __sf
 .bss.__stdio_exit_handler
                0x2000033c        0x4 D:/ST/STM32CubeCLT_1.18.0/GNU-tools-for-STM32/bin/../lib/gcc/arm-none-eabi/13.3.1/../../../../arm-none-eabi/lib/thumb/v7-m/nofp\libc_nano.a(libc_a-findfp.o)
                0x2000033c                __stdio_exit_handler
 .bss.errno     0x20000340        0x4 D:/ST/STM32CubeCLT_1.18.0/GNU-tools-for-STM32/bin/../lib/gcc/arm-none-eabi/13.3.1/../../../../arm-none-eabi/lib/thumb/v7-m/nofp\libc_nano.a(libc_a-reent.o)
                0x20000340                errno
 .bss.__lock___malloc_recursive_mutex
                0x20000344        0x1 D:/ST/STM32CubeCLT_1.18.0/GNU-tools-for-STM32/bin/../lib/gcc/arm-none-eabi/13.3.1/../../../../arm-none-eabi/lib/thumb/v7-m/nofp\libc_nano.a(libc_a-lock.o)
                0x20000344                __lock___malloc_recursive_mutex
 .bss.__lock___sfp_recursive_mutex
                0x20000345        0x1 D:/ST/STM32CubeCLT_1.18.0/GNU-tools-for-STM32/bin/../lib/gcc/arm-none-eabi/13.3.1/../../../../arm-none-eabi/lib/thumb/v7-m/nofp\libc_nano.a(libc_a-lock.o)
                0x20000345                __lock___sfp_recursive_mutex
 *fill*         0x20000346        0x2 
 .bss.__malloc_sbrk_start
                0x20000348        0x4 D:/ST/STM32CubeCLT_1.18.0/GNU-tools-for-STM32/bin/../lib/gcc/arm-none-eabi/13.3.1/../../../../arm-none-eabi/lib/thumb/v7-m/nofp\libc_nano.a(libc_a-mallocr.o)
                0x20000348                __malloc_sbrk_start
 .bss.__malloc_free_list
                0x2000034c        0x4 D:/ST/STM32CubeCLT_1.18.0/GNU-tools-for-STM32/bin/../lib/gcc/arm-none-eabi/13.3.1/../../../../arm-none-eabi/lib/thumb/v7-m/nofp\libc_nano.a(libc_a-mallocr.o)
                0x2000034c                __malloc_free_list
 .bss.uwTick    0x20000350        0x4 cmake/stm32cubemx/CMakeFiles/STM32_Drivers.dir/__/__/Drivers/STM32F1xx_HAL_Driver/Src/stm32f1xx_hal.c.obj
                0x20000350                uwTick
 .bss.cfgidx.0  0x20000354        0x1 cmake/stm32cubemx/CMakeFiles/USB_Device_Library.dir/__/__/Middlewares/ST/STM32_USB_Device_Library/Core/Src/usbd_ctlreq.c.obj
 *fill*         0x20000355        0x3 
 .bss.mem.0     0x20000358      0x220 CMakeFiles/STelescope.dir/USB_DEVICE/Target/usbd_conf.c.obj
 .bss.hpcd_USB_FS
                0x20000578      0x2d8 CMakeFiles/STelescope.dir/USB_DEVICE/Target/usbd_conf.c.obj
                0x20000578                hpcd_USB_FS
 .bss.hUsbDeviceFS
                0x20000850      0x2c4 CMakeFiles/STelescope.dir/USB_DEVICE/App/usb_device.c.obj
                0x20000850                hUsbDeviceFS
 .bss.USBD_StrDesc
                0x20000b14      0x200 CMakeFiles/STelescope.dir/USB_DEVICE/App/usbd_desc.c.obj
                0x20000b14                USBD_StrDesc
 .bss.commands  0x20000d14      0x400 CMakeFiles/STelescope.dir/USB_DEVICE/App/usbd_cdc_if.c.obj
                0x20000d14                commands
 .bss.pending_cmds
                0x20001114        0x1 CMakeFiles/STelescope.dir/USB_DEVICE/App/usbd_cdc_if.c.obj
                0x20001114                pending_cmds
 .bss.last_processed_cmd
                0x20001115        0x1 CMakeFiles/STelescope.dir/USB_DEVICE/App/usbd_cdc_if.c.obj
                0x20001115                last_processed_cmd
 .bss.cmds_idx  0x20001116        0x1 CMakeFiles/STelescope.dir/USB_DEVICE/App/usbd_cdc_if.c.obj
                0x20001116                cmds_idx
 *fill*         0x20001117        0x1 
 .bss.UserTxBufferFS
                0x20001118      0x400 CMakeFiles/STelescope.dir/USB_DEVICE/App/usbd_cdc_if.c.obj
                0x20001118                UserTxBufferFS
 .bss.UserRxBufferFS
                0x20001518      0x400 CMakeFiles/STelescope.dir/USB_DEVICE/App/usbd_cdc_if.c.obj
                0x20001518                UserRxBufferFS
 .bss.data.0    0x20001918        0x4 CMakeFiles/STelescope.dir/Core/Src/main.c.obj
 .bss.period.1  0x2000191c        0x1 CMakeFiles/STelescope.dir/Core/Src/main.c.obj
 *fill*         0x2000191d        0x1 
 .bss.packet.2  0x2000191e        0x2 CMakeFiles/STelescope.dir/Core/Src/main.c.obj
 .bss.cam_data  0x20001920      0x400 CMakeFiles/STelescope.dir/Core/Src/main.c.obj
                0x20001920                cam_data
 .bss.orientation
                0x20001d20       0x38 CMakeFiles/STelescope.dir/Core/Src/main.c.obj
                0x20001d20                orientation
 .bss.connected
                0x20001d58        0x1 CMakeFiles/STelescope.dir/Core/Src/main.c.obj
                0x20001d58                connected
 .bss.sensor_flag