Archive member included to satisfy reference by file (symbol)

D:/ST/STM32CubeCLT_1.18.0/GNU-tools-for-STM32/bin/../lib/gcc/arm-none-eabi/13.3.1/../../../../arm-none-eabi/lib/thumb/v7-m/nofp\libc_nano.a(libc_a-exit.o)
                              D:/ST/STM32CubeCLT_1.18.0/GNU-tools-for-STM32/bin/../lib/gcc/arm-none-eabi/13.3.1/../../../../arm-none-eabi/lib/thumb/v7-m/nofp/crt0.o (exit)
D:/ST/STM32CubeCLT_1.18.0/GNU-tools-for-STM32/bin/../lib/gcc/arm-none-eabi/13.3.1/../../../../arm-none-eabi/lib/thumb/v7-m/nofp\libc_nano.a(libc_a-findfp.o)
                              D:/ST/STM32CubeCLT_1.18.0/GNU-tools-for-STM32/bin/../lib/gcc/arm-none-eabi/13.3.1/../../../../arm-none-eabi/lib/thumb/v7-m/nofp\libc_nano.a(libc_a-exit.o) (__stdio_exit_handler)
D:/ST/STM32CubeCLT_1.18.0/GNU-tools-for-STM32/bin/../lib/gcc/arm-none-eabi/13.3.1/../../../../arm-none-eabi/lib/thumb/v7-m/nofp\libc_nano.a(libc_a-fwalk.o)
                              D:/ST/STM32CubeCLT_1.18.0/GNU-tools-for-STM32/bin/../lib/gcc/arm-none-eabi/13.3.1/../../../../arm-none-eabi/lib/thumb/v7-m/nofp\libc_nano.a(libc_a-findfp.o) (_fwalk_sglue)
D:/ST/STM32CubeCLT_1.18.0/GNU-tools-for-STM32/bin/../lib/gcc/arm-none-eabi/13.3.1/../../../../arm-none-eabi/lib/thumb/v7-m/nofp\libc_nano.a(libc_a-stdio.o)
                              D:/ST/STM32CubeCLT_1.18.0/GNU-tools-for-STM32/bin/../lib/gcc/arm-none-eabi/13.3.1/../../../../arm-none-eabi/lib/thumb/v7-m/nofp\libc_nano.a(libc_a-findfp.o) (__sread)
D:/ST/STM32CubeCLT_1.18.0/GNU-tools-for-STM32/bin/../lib/gcc/arm-none-eabi/13.3.1/../../../../arm-none-eabi/lib/thumb/v7-m/nofp\libc_nano.a(libc_a-memset.o)
                              D:/ST/STM32CubeCLT_1.18.0/GNU-tools-for-STM32/bin/../lib/gcc/arm-none-eabi/13.3.1/../../../../arm-none-eabi/lib/thumb/v7-m/nofp/crt0.o (memset)
D:/ST/STM32CubeCLT_1.18.0/GNU-tools-for-STM32/bin/../lib/gcc/arm-none-eabi/13.3.1/../../../../arm-none-eabi/lib/thumb/v7-m/nofp\libc_nano.a(libc_a-closer.o)
                              D:/ST/STM32CubeCLT_1.18.0/GNU-tools-for-STM32/bin/../lib/gcc/arm-none-eabi/13.3.1/../../../../arm-none-eabi/lib/thumb/v7-m/nofp\libc_nano.a(libc_a-stdio.o) (_close_r)
D:/ST/STM32CubeCLT_1.18.0/GNU-tools-for-STM32/bin/../lib/gcc/arm-none-eabi/13.3.1/../../../../arm-none-eabi/lib/thumb/v7-m/nofp\libc_nano.a(libc_a-reent.o)
                              D:/ST/STM32CubeCLT_1.18.0/GNU-tools-for-STM32/bin/../lib/gcc/arm-none-eabi/13.3.1/../../../../arm-none-eabi/lib/thumb/v7-m/nofp\libc_nano.a(libc_a-closer.o) (errno)
D:/ST/STM32CubeCLT_1.18.0/GNU-tools-for-STM32/bin/../lib/gcc/arm-none-eabi/13.3.1/../../../../arm-none-eabi/lib/thumb/v7-m/nofp\libc_nano.a(libc_a-impure.o)
                              D:/ST/STM32CubeCLT_1.18.0/GNU-tools-for-STM32/bin/../lib/gcc/arm-none-eabi/13.3.1/../../../../arm-none-eabi/lib/thumb/v7-m/nofp\libc_nano.a(libc_a-reent.o) (_impure_ptr)
D:/ST/STM32CubeCLT_1.18.0/GNU-tools-for-STM32/bin/../lib/gcc/arm-none-eabi/13.3.1/../../../../arm-none-eabi/lib/thumb/v7-m/nofp\libc_nano.a(libc_a-lseekr.o)
                              D:/ST/STM32CubeCLT_1.18.0/GNU-tools-for-STM32/bin/../lib/gcc/arm-none-eabi/13.3.1/../../../../arm-none-eabi/lib/thumb/v7-m/nofp\libc_nano.a(libc_a-stdio.o) (_lseek_r)
D:/ST/STM32CubeCLT_1.18.0/GNU-tools-for-STM32/bin/../lib/gcc/arm-none-eabi/13.3.1/../../../../arm-none-eabi/lib/thumb/v7-m/nofp\libc_nano.a(libc_a-readr.o)
                              D:/ST/STM32CubeCLT_1.18.0/GNU-tools-for-STM32/bin/../lib/gcc/arm-none-eabi/13.3.1/../../../../arm-none-eabi/lib/thumb/v7-m/nofp\libc_nano.a(libc_a-stdio.o) (_read_r)
D:/ST/STM32CubeCLT_1.18.0/GNU-tools-for-STM32/bin/../lib/gcc/arm-none-eabi/13.3.1/../../../../arm-none-eabi/lib/thumb/v7-m/nofp\libc_nano.a(libc_a-writer.o)
                              D:/ST/STM32CubeCLT_1.18.0/GNU-tools-for-STM32/bin/../lib/gcc/arm-none-eabi/13.3.1/../../../../arm-none-eabi/lib/thumb/v7-m/nofp\libc_nano.a(libc_a-stdio.o) (_write_r)
D:/ST/STM32CubeCLT_1.18.0/GNU-tools-for-STM32/bin/../lib/gcc/arm-none-eabi/13.3.1/../../../../arm-none-eabi/lib/thumb/v7-m/nofp\libc_nano.a(libc_a-init.o)
                              D:/ST/STM32CubeCLT_1.18.0/GNU-tools-for-STM32/bin/../lib/gcc/arm-none-eabi/13.3.1/../../../../arm-none-eabi/lib/thumb/v7-m/nofp/crt0.o (__libc_init_array)
D:/ST/STM32CubeCLT_1.18.0/GNU-tools-for-STM32/bin/../lib/gcc/arm-none-eabi/13.3.1/../../../../arm-none-eabi/lib/thumb/v7-m/nofp\libc_nano.a(libc_a-lock.o)
                              D:/ST/STM32CubeCLT_1.18.0/GNU-tools-for-STM32/bin/../lib/gcc/arm-none-eabi/13.3.1/../../../../arm-none-eabi/lib/thumb/v7-m/nofp\libc_nano.a(libc_a-findfp.o) (__retarget_lock_init_recursive)
D:/ST/STM32CubeCLT_1.18.0/GNU-tools-for-STM32/bin/../lib/gcc/arm-none-eabi/13.3.1/../../../../arm-none-eabi/lib/thumb/v7-m/nofp\libc_nano.a(libc_a-freer.o)
                              D:/ST/STM32CubeCLT_1.18.0/GNU-tools-for-STM32/bin/../lib/gcc/arm-none-eabi/13.3.1/../../../../arm-none-eabi/lib/thumb/v7-m/nofp\libc_nano.a(libc_a-reent.o) (_free_r)
[...]
Memory Configuration

Name             Origin             Length             Attributes
RAM              0x20000000         0x00005000         xrw
FLASH            0x08000000         0x00010000         xr
*default*        0x00000000         0xffffffff

Linker script and memory map

LOAD D:/ST/STM32CubeCLT_1.18.0/GNU-tools-for-STM32/bin/../lib/gcc/arm-none-eabi/13.3.1/thumb/v7-m/nofp/crti.o
LOAD D:/ST/STM32CubeCLT_1.18.0/GNU-tools-for-STM32/bin/../lib/gcc/arm-none-eabi/13.3.1/thumb/v7-m/nofp/crtbegin.o
LOAD D:/ST/STM32CubeCLT_1.18.0/GNU-tools-for-STM32/bin/../lib/gcc/arm-none-eabi/13.3.1/../../../../arm-none-eabi/lib/thumb/v7-m/nofp/crt0.o
START GROUP
LOAD D:/ST/STM32CubeCLT_1.18.0/GNU-tools-for-STM32/bin/../lib/gcc/arm-none-eabi/13.3.1/../../../../arm-none-eabi/lib/thumb/v7-m/nofp\libc_nano.a
LOAD D:/ST/STM32CubeCLT_1.18.0/GNU-tools-for-STM32/bin/../lib/gcc/arm-none-eabi/13.3.1/../../../../arm-none-eabi/lib/thumb/v7-m/nofp\libm.a
END GROUP
LOAD cmake/stm32cubemx/CMakeFiles/STM32_Drivers.dir/__/__/Core/Src/system_stm32f1xx.c.obj
LOAD cmake/stm32cubemx/CMakeFiles/STM32_Drivers.dir/__/__/Drivers/STM32F1xx_HAL_Driver/Src/stm32f1xx_hal_gpio_ex.c.obj
LOAD cmake/stm32cubemx/CMakeFiles/STM32_Drivers.dir/__/__/Drivers/STM32F1xx_HAL_Driver/Src/stm32f1xx_hal_pcd.c.obj
LOAD cmake/stm32cubemx/CMakeFiles/STM32_Drivers.dir/__/__/Drivers/STM32F1xx_HAL_Driver/Src/stm32f1xx_hal_pcd_ex.c.obj
LOAD cmake/stm32cubemx/CMakeFiles/STM32_Drivers.dir/__/__/Drivers/STM32F1xx_HAL_Driver/Src/stm32f1xx_ll_usb.c.obj
LOAD cmake/stm32cubemx/CMakeFiles/STM32_Drivers.dir/__/__/Drivers/STM32F1xx_HAL_Driver/Src/stm32f1xx_hal.c.obj
LOAD cmake/stm32cubemx/CMakeFiles/STM32_Drivers.dir/__/__/Drivers/STM32F1xx_HAL_Driver/Src/stm32f1xx_hal_rcc.c.obj
LOAD cmake/stm32cubemx/CMakeFiles/STM32_Drivers.dir/__/__/Drivers/STM32F1xx_HAL_Driver/Src/stm32f1xx_hal_rcc_ex.c.obj
LOAD cmake/stm32cubemx/CMakeFiles/STM32_Drivers.dir/__/__/Drivers/STM32F1xx_HAL_Driver/Src/stm32f1xx_hal_gpio.c.obj
LOAD cmake/stm32cubemx/CMakeFiles/STM32_Drivers.dir/__/__/Drivers/STM32F1xx_HAL_Driver/Src/stm32f1xx_hal_dma.c.obj
LOAD cmake/stm32cubemx/CMakeFiles/STM32_Drivers.dir/__/__/Drivers/STM32F1xx_HAL_Driver/Src/stm32f1xx_hal_cortex.c.obj
LOAD cmake/stm32cubemx/CMakeFiles/STM32_Drivers.dir/__/__/Drivers/STM32F1xx_HAL_Driver/Src/stm32f1xx_hal_pwr.c.obj
LOAD cmake/stm32cubemx/CMakeFiles/STM32_Drivers.dir/__/__/Drivers/STM32F1xx_HAL_Driver/Src/stm32f1xx_hal_flash.c.obj
LOAD cmake/stm32cubemx/CMakeFiles/STM32_Drivers.dir/__/__/Drivers/STM32F1xx_HAL_Driver/Src/stm32f1xx_hal_flash_ex.c.obj
LOAD cmake/stm32cubemx/CMakeFiles/STM32_Drivers.dir/__/__/Drivers/STM32F1xx_HAL_Driver/Src/stm32f1xx_hal_exti.c.obj
LOAD cmake/stm32cubemx/CMakeFiles/STM32_Drivers.dir/__/__/Drivers/STM32F1xx_HAL_Driver/Src/stm32f1xx_hal_i2c.c.obj
LOAD cmake/stm32cubemx/CMakeFiles/STM32_Drivers.dir/__/__/Drivers/STM32F1xx_HAL_Driver/Src/stm32f1xx_hal_rtc.c.obj
LOAD cmake/stm32cubemx/CMakeFiles/STM32_Drivers.dir/__/__/Drivers/STM32F1xx_HAL_Driver/Src/stm32f1xx_hal_rtc_ex.c.obj
LOAD cmake/stm32cubemx/CMakeFiles/STM32_Drivers.dir/__/__/Drivers/STM32F1xx_HAL_Driver/Src/stm32f1xx_hal_spi.c.obj
LOAD cmake/stm32cubemx/CMakeFiles/STM32_Drivers.dir/__/__/Drivers/STM32F1xx_HAL_Driver/Src/stm32f1xx_hal_tim.c.obj
LOAD cmake/stm32cubemx/CMakeFiles/STM32_Drivers.dir/__/__/Drivers/STM32F1xx_HAL_Driver/Src/stm32f1xx_hal_tim_ex.c.obj
LOAD cmake/stm32cubemx/CMakeFiles/STM32_Drivers.dir/__/__/Drivers/STM32F1xx_HAL_Driver/Src/stm32f1xx_hal_uart.c.obj
LOAD cmake/stm32cubemx/CMakeFiles/USB_Device_Library.dir/__/__/Middlewares/ST/STM32_USB_Device_Library/Core/Src/usbd_core.c.obj
LOAD cmake/stm32cubemx/CMakeFiles/USB_Device_Library.dir/__/__/Middlewares/ST/STM32_USB_Device_Library/Core/Src/usbd_ctlreq.c.obj
LOAD cmake/stm32cubemx/CMakeFiles/USB_Device_Library.dir/__/__/Middlewares/ST/STM32_USB_Device_Library/Core/Src/usbd_ioreq.c.obj
LOAD cmake/stm32cubemx/CMakeFiles/USB_Device_Library.dir/__/__/Middlewares/ST/STM32_USB_Device_Library/Class/CDC/Src/usbd_cdc.c.obj
LOAD CMakeFiles/STelescope.dir/USB_DEVICE/Target/usbd_conf.c.obj
LOAD CMakeFiles/STelescope.dir/USB_DEVICE/App/usb_device.c.obj
LOAD CMakeFiles/STelescope.dir/USB_DEVICE/App/usbd_desc.c.obj
LOAD CMakeFiles/STelescope.dir/USB_DEVICE/App/usbd_cdc_if.c.obj
LOAD CMakeFiles/STelescope.dir/Core/Src/main.c.obj
LOAD CMakeFiles/STelescope.dir/Core/Src/stm32f1xx_it.c.obj
LOAD CMakeFiles/STelescope.dir/Core/Src/stm32f1xx_hal_msp.c.obj
LOAD CMakeFiles/STelescope.dir/Core/Src/sysmem.c.obj
LOAD CMakeFiles/STelescope.dir/Core/Src/syscalls.c.obj
LOAD CMakeFiles/STelescope.dir/startup_stm32f103xb.s.obj
LOAD CMakeFiles/STelescope.dir/Core/Src/accelerometer.c.obj
LOAD CMakeFiles/STelescope.dir/Core/Src/compass.c.obj
LOAD CMakeFiles/STelescope.dir/Core/Src/display.c.obj
LOAD CMakeFiles/STelescope.dir/Core/Src/peripheral.c.obj
LOAD CMakeFiles/STelescope.dir/Core/Src/camera.c.obj
LOAD CMakeFiles/STelescope.dir/Core/Src/stepper.c.obj
LOAD CMakeFiles/STelescope.dir/Core/Src/mobility.c.obj
START GROUP
LOAD D:/ST/STM32CubeCLT_1.18.0/GNU-tools-for-STM32/bin/../lib/gcc/arm-none-eabi/13.3.1/thumb/v7-m/nofp\libgcc.a
LOAD D:/ST/STM32CubeCLT_1.18.0/GNU-tools-for-STM32/bin/../lib/gcc/arm-none-eabi/13.3.1/../../../../arm-none-eabi/lib/thumb/v7-m/nofp\libg_nano.a
LOAD D:/ST/STM32CubeCLT_1.18.0/GNU-tools-for-STM32/bin/../lib/gcc/arm-none-eabi/13.3.1/../../../../arm-none-eabi/lib/thumb/v7-m/nofp\libc_nano.a
END GROUP
START GROUP
LOAD D:/ST/STM32CubeCLT_1.18.0/GNU-tools-for-STM32/bin/../lib/gcc/arm-none-eabi/13.3.1/thumb/v7-m/nofp\libgcc.a
LOAD D:/ST/STM32CubeCLT_1.18.0/GNU-tools-for-STM32/bin/../lib/gcc/arm-none-eabi/13.3.1/../../../../arm-none-eabi/lib/thumb/v7-m/nofp\libc_nano.a
END GROUP
LOAD D:/ST/STM32CubeCLT_1.18.0/GNU-tools-for-STM32/bin/../lib/gcc/arm-none-eabi/13.3.1/thumb/v7-m/nofp/crtend.o
LOAD D:/ST/STM32CubeCLT_1.18.0/GNU-tools-for-STM32/bin/../lib/gcc/arm-none-eabi/13.3.1/thumb/v7-m/nofp/crtn.o
                0x20005000                        _estack = (ORIGIN (RAM) + LENGTH (RAM))
                0x00000200                        _Min_Heap_Size = 0x200
                0x00000400                        _Min_Stack_Size = 0x400

.isr_vector     0x08000000      0x10c
                0x08000000                        . = ALIGN (0x4)
 *(.isr_vector)
 .isr_vector    0x08000000      0x10c CMakeFiles/STelescope.dir/startup_stm32f103xb.s.obj
                0x08000000                g_pfnVectors
                0x0800010c                        . = ALIGN (0x4)

.text           0x0800010c     0xeb90
                0x0800010c                        . = ALIGN (0x4)
 *(.text)
 .text          0x0800010c       0x40 D:/ST/STM32CubeCLT_1.18.0/GNU-tools-for-STM32/bin/../lib/gcc/arm-none-eabi/13.3.1/thumb/v7-m/nofp/crtbegin.o
 *(.text*)
 .text.std      0x0800014c       0x6c D:/ST/STM32CubeCLT_1.18.0/GNU-tools-for-STM32/bin/../lib/gcc/arm-none-eabi/13.3.1/../../../../arm-none-eabi/lib/thumb/v7-m/nofp\libc_nano.a(libc_a-findfp.o)
 .text.stdio_exit_handler
                0x080001b8       0x18 D:/ST/STM32CubeCLT_1.18.0/GNU-tools-for-STM32/bin/../lib/gcc/arm-none-eabi/13.3.1/../../../../arm-none-eabi/lib/thumb/v7-m/nofp\libc_nano.a(libc_a-findfp.o)
 .text.cleanup_stdio
                0x080001d0       0x40 D:/ST/STM32CubeCLT_1.18.0/GNU-tools-for-STM32/bin/../lib/gcc/arm-none-eabi/13.3.1/../../../../arm-none-eabi/lib/thumb/v7-m/nofp\libc_nano.a(libc_a-findfp.o)
 .text.global_stdio_init.part.0
                0x08000210       0x3c D:/ST/STM32CubeCLT_1.18.0/GNU-tools-for-STM32/bin/../lib/gcc/arm-none-eabi/13.3.1/../../../../arm-none-eabi/lib/thumb/v7-m/nofp\libc_nano.a(libc_a-findfp.o)
 .text.__sfp_lock_acquire
                0x0800024c        0xc D:/ST/STM32CubeCLT_1.18.0/GNU-tools-for-STM32/bin/../lib/gcc/arm-none-eabi/13.3.1/../../../../arm-none-eabi/lib/thumb/v7-m/nofp\libc_nano.a(libc_a-findfp.o)
                0x0800024c                __sfp_lock_acquire
 .text.__sfp_lock_release
                0x08000258        0xc D:/ST/STM32CubeCLT_1.18.0/GNU-tools-for-STM32/bin/../lib/gcc/arm-none-eabi/13.3.1/../../../../arm-none-eabi/lib/thumb/v7-m/nofp\libc_nano.a(libc_a-findfp.o)
                0x08000258                __sfp_lock_release
 .text.__sinit  0x08000264       0x30 D:/ST/STM32CubeCLT_1.18.0/GNU-tools-for-STM32/bin/../lib/gcc/arm-none-eabi/13.3.1/../../../../arm-none-eabi/lib/thumb/v7-m/nofp\libc_nano.a(libc_a-findfp.o)
                0x08000264                __sinit
 .text._fwalk_sglue
                0x08000294       0x3c D:/ST/STM32CubeCLT_1.18.0/GNU-tools-for-STM32/bin/../lib/gcc/arm-none-eabi/13.3.1/../../../../arm-none-eabi/lib/thumb/v7-m/nofp\libc_nano.a(libc_a-fwalk.o)
                0x08000294                _fwalk_sglue
 .text.__sread  0x080002d0       0x22 D:/ST/STM32CubeCLT_1.18.0/GNU-tools-for-STM32/bin/../lib/gcc/arm-none-eabi/13.3.1/../../../../arm-none-eabi/lib/thumb/v7-m/nofp\libc_nano.a(libc_a-stdio.o)
                0x080002d0                __sread
 .text.__swrite
                0x080002f2       0x38 D:/ST/STM32CubeCLT_1.18.0/GNU-tools-for-STM32/bin/../lib/gcc/arm-none-eabi/13.3.1/../../../../arm-none-eabi/lib/thumb/v7-m/nofp\libc_nano.a(libc_a-stdio.o)
                0x080002f2                __swrite
 .text.__sseek  0x0800032a       0x24 D:/ST/STM32CubeCLT_1.18.0/GNU-tools-for-STM32/bin/../lib/gcc/arm-none-eabi/13.3.1/../../../../arm-none-eabi/lib/thumb/v7-m/nofp\libc_nano.a(libc_a-stdio.o)
                0x0800032a                __sseek
 .text.__sclose
                0x0800034e        0x8 D:/ST/STM32CubeCLT_1.18.0/GNU-tools-for-STM32/bin/../lib/gcc/arm-none-eabi/13.3.1/../../../../arm-none-eabi/lib/thumb/v7-m/nofp\libc_nano.a(libc_a-stdio.o)
                0x0800034e                __sclose
 .text.memset   0x08000356       0x10 D:/ST/STM32CubeCLT_1.18.0/GNU-tools-for-STM32/bin/../lib/gcc/arm-none-eabi/13.3.1/../../../../arm-none-eabi/lib/thumb/v7-m/nofp\libc_nano.a(libc_a-memset.o)
                0x08000356                memset
 *fill*         0x08000366        0x2 
 .text._close_r
                0x08000368       0x20 D:/ST/STM32CubeCLT_1.18.0/GNU-tools-for-STM32/bin/../lib/gcc/arm-none-eabi/13.3.1/../../../../arm-none-eabi/lib/thumb/v7-m/nofp\libc_nano.a(libc_a-closer.o)
                0x08000368                _close_r
 .text._lseek_r
                0x08000388       0x24 D:/ST/STM32CubeCLT_1.18.0/GNU-tools-for-STM32/bin/../lib/gcc/arm-none-eabi/13.3.1/../../../../arm-none-eabi/lib/thumb/v7-m/nofp\libc_nano.a(libc_a-lseekr.o)
                0x08000388                _lseek_r
 .text._read_r  0x080003ac       0x24 D:/ST/STM32CubeCLT_1.18.0/GNU-tools-for-STM32/bin/../lib/gcc/arm-none-eabi/13.3.1/../../../../arm-none-eabi/lib/thumb/v7-m/nofp\libc_nano.a(libc_a-readr.o)
                0x080003ac                _read_r
 .text._write_r
                0x080003d0       0x24 D:/ST/STM32CubeCLT_1.18.0/GNU-tools-for-STM32/bin/../lib/gcc/arm-none-eabi/13.3.1/../../../../arm-none-eabi/lib/thumb/v7-m/nofp\libc_nano.a(libc_a-writer.o)
                0x080003d0                _write_r
 .text.__libc_init_array
                0x080003f4       0x48 D:/ST/STM32CubeCLT_1.18.0/GNU-tools-for-STM32/bin/../lib/gcc/arm-none-eabi/13.3.1/../../../../arm-none-eabi/lib/thumb/v7-m/nofp\libc_nano.a(libc_a-init.o)
                0x080003f4                __libc_init_array
 .text.__retarget_lock_init_recursive
                0x0800043c        0x2 D:/ST/STM32CubeCLT_1.18.0/GNU-tools-for-STM32/bin/../lib/gcc/arm-none-eabi/13.3.1/../../../../arm-none-eabi/lib/thumb/v7-m/nofp\libc_nano.a(libc_a-lock.o)
                0x0800043c                __retarget_lock_init_recursive
 .text.__retarget_lock_acquire_recursive
                0x0800043e        0x2 D:/ST/STM32CubeCLT_1.18.0/GNU-tools-for-STM32/bin/../lib/gcc/arm-none-eabi/13.3.1/../../../../arm-none-eabi/lib/thumb/v7-m/nofp\libc_nano.a(libc_a-lock.o)
                0x0800043e                __retarget_lock_acquire_recursive
 .text.__retarget_lock_release_recursive
                0x08000440        0x2 D:/ST/STM32CubeCLT_1.18.0/GNU-tools-for-STM32/bin/../lib/gcc/arm-none-eabi/13.3.1/../../../../arm-none-eabi/lib/thumb/v7-m/nofp\libc_nano.a(libc_a-lock.o)
                0x08000440                __retarget_lock_release_recursive
 *fill*         0x08000442        0x2 
 .text._free_r  0x08000444       0x90 D:/ST/STM32CubeCLT_1.18.0/GNU-tools-for-STM32/bin/../lib/gcc/arm-none-eabi/13.3.1/../../../../arm-none-eabi/lib/thumb/v7-m/nofp\libc_nano.a(libc_a-freer.o)
                0x08000444                _free_r
 .text.sbrk_aligned
                0x080004d4       0x44 D:/ST/STM32CubeCLT_1.18.0/GNU-tools-for-STM32/bin/../lib/gcc/arm-none-eabi/13.3.1/../../../../arm-none-eabi/lib/thumb/v7-m/nofp\libc_nano.a(libc_a-mallocr.o)
 .text._malloc_r
                0x08000518      0x100 D:/ST/STM32CubeCLT_1.18.0/GNU-tools-for-STM32/bin/../lib/gcc/arm-none-eabi/13.3.1/../../../../arm-none-eabi/lib/thumb/v7-m/nofp\libc_nano.a(libc_a-mallocr.o)
                0x08000518                _malloc_r
 .text.__malloc_lock
                0x08000618        0xc D:/ST/STM32CubeCLT_1.18.0/GNU-tools-for-STM32/bin/../lib/gcc/arm-none-eabi/13.3.1/../../../../arm-none-eabi/lib/thumb/v7-m/nofp\libc_nano.a(libc_a-mlock.o)
                0x08000618                __malloc_lock
 .text.__malloc_unlock
                0x08000624        0xc D:/ST/STM32CubeCLT_1.18.0/GNU-tools-for-STM32/bin/../lib/gcc/arm-none-eabi/13.3.1/../../../../arm-none-eabi/lib/thumb/v7-m/nofp\libc_nano.a(libc_a-mlock.o)
                0x08000624                __malloc_unlock
 .text.__sflush_r
                0x08000630      0x100 D:/ST/STM32CubeCLT_1.18.0/GNU-tools-for-STM32/bin/../lib/gcc/arm-none-eabi/13.3.1/../../../../arm-none-eabi/lib/thumb/v7-m/nofp\libc_nano.a(libc_a-fflush.o)
                0x08000630                __sflush_r
 .text._fflush_r
                0x08000730       0x50 D:/ST/STM32CubeCLT_1.18.0/GNU-tools-for-STM32/bin/../lib/gcc/arm-none-eabi/13.3.1/../../../../arm-none-eabi/lib/thumb/v7-m/nofp\libc_nano.a(libc_a-fflush.o)
                0x08000730                _fflush_r
 .text._sbrk_r  0x08000780       0x20 D:/ST/STM32CubeCLT_1.18.0/GNU-tools-for-STM32/bin/../lib/gcc/arm-none-eabi/13.3.1/../../../../arm-none-eabi/lib/thumb/v7-m/nofp\libc_nano.a(libc_a-sbrkr.o)
                0x08000780                _sbrk_r
 .text.SystemInit
                0x080007a0       0x20 cmake/stm32cubemx/CMakeFiles/STM32_Drivers.dir/__/__/Core/Src/system_stm32f1xx.c.obj
                0x080007a0                SystemInit
 .text.HAL_PCD_Init
                0x080007c0      0x1ec cmake/stm32cubemx/CMakeFiles/STM32_Drivers.dir/__/__/Drivers/STM32F1xx_HAL_Driver/Src/stm32f1xx_hal_pcd.c.obj
                0x080007c0                HAL_PCD_Init
 .text.HAL_PCD_Start
                0x080009ac       0x4c cmake/stm32cubemx/CMakeFiles/STM32_Drivers.dir/__/__/Drivers/STM32F1xx_HAL_Driver/Src/stm32f1xx_hal_pcd.c.obj
                0x080009ac                HAL_PCD_Start
 .text.HAL_PCD_IRQHandler
                0x080009f8      0x260 cmake/stm32cubemx/CMakeFiles/STM32_Drivers.dir/__/__/Drivers/STM32F1xx_HAL_Driver/Src/stm32f1xx_hal_pcd.c.obj
                0x080009f8                HAL_PCD_IRQHandler
 .text.HAL_PCD_SetAddress
                0x08000c58       0x48 cmake/stm32cubemx/CMakeFiles/STM32_Drivers.dir/__/__/Drivers/STM32F1xx_HAL_Driver/Src/stm32f1xx_hal_pcd.c.obj
                0x08000c58                HAL_PCD_SetAddress
 .text.HAL_PCD_EP_Open
                0x08000ca0       0xba cmake/stm32cubemx/CMakeFiles/STM32_Drivers.dir/__/__/Drivers/STM32F1xx_HAL_Driver/Src/stm32f1xx_hal_pcd.c.obj
                0x08000ca0                HAL_PCD_EP_Open
 .text.HAL_PCD_EP_Close
                0x08000d5a       0x90 cmake/stm32cubemx/CMakeFiles/STM32_Drivers.dir/__/__/Drivers/STM32F1xx_HAL_Driver/Src/stm32f1xx_hal_pcd.c.obj
                0x08000d5a                HAL_PCD_EP_Close
 .text.HAL_PCD_EP_Receive
                0x08000dea       0x62 cmake/stm32cubemx/CMakeFiles/STM32_Drivers.dir/__/__/Drivers/STM32F1xx_HAL_Driver/Src/stm32f1xx_hal_pcd.c.obj
                0x08000dea                HAL_PCD_EP_Receive
 .text.HAL_PCD_EP_GetRxCount
                0x08000e4c       0x2e cmake/stm32cubemx/CMakeFiles/STM32_Drivers.dir/__/__/Drivers/STM32F1xx_HAL_Driver/Src/stm32f1xx_hal_pcd.c.obj
                0x08000e4c                HAL_PCD_EP_GetRxCount
 .text.HAL_PCD_EP_Transmit
                0x08000e7a       0x6e cmake/stm32cubemx/CMakeFiles/STM32_Drivers.dir/__/__/Drivers/STM32F1xx_HAL_Driver/Src/stm32f1xx_hal_pcd.c.obj
                0x08000e7a                HAL_PCD_EP_Transmit
 .text.HAL_PCD_EP_SetStall
                0x08000ee8       0xc0 cmake/stm32cubemx/CMakeFiles/STM32_Drivers.dir/__/__/Drivers/STM32F1xx_HAL_Driver/Src/stm32f1xx_hal_pcd.c.obj
                0x08000ee8                HAL_PCD_EP_SetStall
 .text.HAL_PCD_EP_ClrStall
                0x08000fa8       0xa8 cmake/stm32cubemx/CMakeFiles/STM32_Drivers.dir/__/__/Drivers/STM32F1xx_HAL_Driver/Src/stm32f1xx_hal_pcd.c.obj
                0x08000fa8                HAL_PCD_EP_ClrStall
 .text.PCD_EP_ISR_Handler
                0x08001050      0x79e cmake/stm32cubemx/CMakeFiles/STM32_Drivers.dir/__/__/Drivers/STM32F1xx_HAL_Driver/Src/stm32f1xx_hal_pcd.c.obj
 .text.HAL_PCD_EP_DB_Receive
                0x080017ee      0x21a cmake/stm32cubemx/CMakeFiles/STM32_Drivers.dir/__/__/Drivers/STM32F1xx_HAL_Driver/Src/stm32f1xx_hal_pcd.c.obj
 .text.HAL_PCD_EP_DB_Transmit
                0x08001a08      0x7f4 cmake/stm32cubemx/CMakeFiles/STM32_Drivers.dir/__/__/Drivers/STM32F1xx_HAL_Driver/Src/stm32f1xx_hal_pcd.c.obj
 .text.HAL_PCDEx_PMAConfig
                0x080021fc       0x84 cmake/stm32cubemx/CMakeFiles/STM32_Drivers.dir/__/__/Drivers/STM32F1xx_HAL_Driver/Src/stm32f1xx_hal_pcd_ex.c.obj
                0x080021fc                HAL_PCDEx_PMAConfig
 .text.USB_CoreInit
                0x08002280       0x1a cmake/stm32cubemx/CMakeFiles/STM32_Drivers.dir/__/__/Drivers/STM32F1xx_HAL_Driver/Src/stm32f1xx_ll_usb.c.obj
                0x08002280                USB_CoreInit
 .text.USB_EnableGlobalInt
                0x0800229a       0x2c cmake/stm32cubemx/CMakeFiles/STM32_Drivers.dir/__/__/Drivers/STM32F1xx_HAL_Driver/Src/stm32f1xx_ll_usb.c.obj
                0x0800229a                USB_EnableGlobalInt
 .text.USB_DisableGlobalInt
                0x080022c6       0x34 cmake/stm32cubemx/CMakeFiles/STM32_Drivers.dir/__/__/Drivers/STM32F1xx_HAL_Driver/Src/stm32f1xx_ll_usb.c.obj
                0x080022c6                USB_DisableGlobalInt
 .text.USB_SetCurrentMode
                0x080022fa       0x18 cmake/stm32cubemx/CMakeFiles/STM32_Drivers.dir/__/__/Drivers/STM32F1xx_HAL_Driver/Src/stm32f1xx_ll_usb.c.obj
                0x080022fa                USB_SetCurrentMode
 .text.USB_DevInit
                0x08002312       0x3a cmake/stm32cubemx/CMakeFiles/STM32_Drivers.dir/__/__/Drivers/STM32F1xx_HAL_Driver/Src/stm32f1xx_ll_usb.c.obj
                0x08002312                USB_DevInit
 .text.USB_ActivateEndpoint
                0x0800234c      0x780 cmake/stm32cubemx/CMakeFiles/STM32_Drivers.dir/__/__/Drivers/STM32F1xx_HAL_Driver/Src/stm32f1xx_ll_usb.c.obj
                0x0800234c                USB_ActivateEndpoint
 .text.USB_DeactivateEndpoint
                0x08002acc      0x3d8 cmake/stm32cubemx/CMakeFiles/STM32_Drivers.dir/__/__/Drivers/STM32F1xx_HAL_Driver/Src/stm32f1xx_ll_usb.c.obj
                0x08002acc                USB_DeactivateEndpoint
 .text.USB_EPStartXfer
                0x08002ea4     0x1762 cmake/stm32cubemx/CMakeFiles/STM32_Drivers.dir/__/__/Drivers/STM32F1xx_HAL_Driver/Src/stm32f1xx_ll_usb.c.obj
                0x08002ea4                USB_EPStartXfer
 .text.USB_EPSetStall
                0x08004606       0xa0 cmake/stm32cubemx/CMakeFiles/STM32_Drivers.dir/__/__/Drivers/STM32F1xx_HAL_Driver/Src/stm32f1xx_ll_usb.c.obj
                0x08004606                USB_EPSetStall
 .text.USB_EPClearStall
                0x080046a6      0x15a cmake/stm32cubemx/CMakeFiles/STM32_Drivers.dir/__/__/Drivers/STM32F1xx_HAL_Driver/Src/stm32f1xx_ll_usb.c.obj
                0x080046a6                USB_EPClearStall
 .text.USB_SetDevAddress
                0x08004800       0x26 cmake/stm32cubemx/CMakeFiles/STM32_Drivers.dir/__/__/Drivers/STM32F1xx_HAL_Driver/Src/stm32f1xx_ll_usb.c.obj
                0x08004800                USB_SetDevAddress
 .text.USB_DevConnect
                0x08004826       0x14 cmake/stm32cubemx/CMakeFiles/STM32_Drivers.dir/__/__/Drivers/STM32F1xx_HAL_Driver/Src/stm32f1xx_ll_usb.c.obj
                0x08004826                USB_DevConnect
 .text.USB_DevDisconnect
                0x0800483a       0x14 cmake/stm32cubemx/CMakeFiles/STM32_Drivers.dir/__/__/Drivers/STM32F1xx_HAL_Driver/Src/stm32f1xx_ll_usb.c.obj
                0x0800483a                USB_DevDisconnect
 .text.USB_ReadInterrupts
                0x0800484e       0x1e cmake/stm32cubemx/CMakeFiles/STM32_Drivers.dir/__/__/Drivers/STM32F1xx_HAL_Driver/Src/stm32f1xx_ll_usb.c.obj
                0x0800484e                USB_ReadInterrupts
 .text.USB_EP0_OutStart
                0x0800486c       0x16 cmake/stm32cubemx/CMakeFiles/STM32_Drivers.dir/__/__/Drivers/STM32F1xx_HAL_Driver/Src/stm32f1xx_ll_usb.c.obj
                0x0800486c                USB_EP0_OutStart
 .text.USB_WritePMA
                0x08004882       0x8c cmake/stm32cubemx/CMakeFiles/STM32_Drivers.dir/__/__/Drivers/STM32F1xx_HAL_Driver/Src/stm32f1xx_ll_usb.c.obj
                0x08004882                USB_WritePMA
 .text.USB_ReadPMA
                0x0800490e       0x9e cmake/stm32cubemx/CMakeFiles/STM32_Drivers.dir/__/__/Drivers/STM32F1xx_HAL_Driver/Src/stm32f1xx_ll_usb.c.obj
                0x0800490e                USB_ReadPMA
 .text.HAL_Init
                0x080049ac       0x2c cmake/stm32cubemx/CMakeFiles/STM32_Drivers.dir/__/__/Drivers/STM32F1xx_HAL_Driver/Src/stm32f1xx_hal.c.obj
                0x080049ac                HAL_Init
 .text.HAL_InitTick
                0x080049d8       0x60 cmake/stm32cubemx/CMakeFiles/STM32_Drivers.dir/__/__/Drivers/STM32F1xx_HAL_Driver/Src/stm32f1xx_hal.c.obj
                0x080049d8                HAL_InitTick
 .text.HAL_IncTick
                0x08004a38       0x24 cmake/stm32cubemx/CMakeFiles/STM32_Drivers.dir/__/__/Drivers/STM32F1xx_HAL_Driver/Src/stm32f1xx_hal.c.obj
                0x08004a38                HAL_IncTick
 .text.HAL_GetTick
                0x08004a5c       0x14 cmake/stm32cubemx/CMakeFiles/STM32_Drivers.dir/__/__/Drivers/STM32F1xx_HAL_Driver/Src/stm32f1xx_hal.c.obj
                0x08004a5c                HAL_GetTick
 .text.HAL_Delay
                0x08004a70       0x48 cmake/stm32cubemx/CMakeFiles/STM32_Drivers.dir/__/__/Drivers/STM32F1xx_HAL_Driver/Src/stm32f1xx_hal.c.obj
                0x08004a70                HAL_Delay
 .text.HAL_RCC_OscConfig
                0x08004ab8      0x504 cmake/stm32cubemx/CMakeFiles/STM32_Drivers.dir/__/__/Drivers/STM32F1xx_HAL_Driver/Src/stm32f1xx_hal_rcc.c.obj
                0x08004ab8                HAL_RCC_OscConfig
 .text.HAL_RCC_ClockConfig
                0x08004fbc      0x1d4 cmake/stm32cubemx/CMakeFiles/STM32_Drivers.dir/__/__/Drivers/STM32F1xx_HAL_Driver/Src/stm32f1xx_hal_rcc.c.obj
                0x08004fbc                HAL_RCC_ClockConfig
 .text.HAL_RCC_GetSysClockFreq
                0x08005190       0xac cmake/stm32cubemx/CMakeFiles/STM32_Drivers.dir/__/__/Drivers/STM32F1xx_HAL_Driver/Src/stm32f1xx_hal_rcc.c.obj
                0x08005190                HAL_RCC_GetSysClockFreq
 .text.HAL_RCC_GetHCLKFreq
                0x0800523c       0x14 cmake/stm32cubemx/CMakeFiles/STM32_Drivers.dir/__/__/Drivers/STM32F1xx_HAL_Driver/Src/stm32f1xx_hal_rcc.c.obj
                0x0800523c                HAL_RCC_GetHCLKFreq
 .text.HAL_RCC_GetPCLK1Freq
                0x08005250       0x28 cmake/stm32cubemx/CMakeFiles/STM32_Drivers.dir/__/__/Drivers/STM32F1xx_HAL_Driver/Src/stm32f1xx_hal_rcc.c.obj
                0x08005250                HAL_RCC_GetPCLK1Freq
 .text.HAL_RCC_GetPCLK2Freq
                0x08005278       0x28 cmake/stm32cubemx/CMakeFiles/STM32_Drivers.dir/__/__/Drivers/STM32F1xx_HAL_Driver/Src/stm32f1xx_hal_rcc.c.obj
                0x08005278                HAL_RCC_GetPCLK2Freq
 .text.RCC_Delay
                0x080052a0       0x3c cmake/stm32cubemx/CMakeFiles/STM32_Drivers.dir/__/__/Drivers/STM32F1xx_HAL_Driver/Src/stm32f1xx_hal_rcc.c.obj
 .text.HAL_RCCEx_PeriphCLKConfig
                0x080052dc      0x16c cmake/stm32cubemx/CMakeFiles/STM32_Drivers.dir/__/__/Drivers/STM32F1xx_HAL_Driver/Src/stm32f1xx_hal_rcc_ex.c.obj
                0x080052dc                HAL_RCCEx_PeriphCLKConfig
 .text.HAL_RCCEx_GetPeriphCLKFreq
                0x08005448      0x16c cmake/stm32cubemx/CMakeFiles/STM32_Drivers.dir/__/__/Drivers/STM32F1xx_HAL_Driver/Src/stm32f1xx_hal_rcc_ex.c.obj
                0x08005448                HAL_RCCEx_GetPeriphCLKFreq
 .text.HAL_GPIO_Init
                0x080055b4      0x308 cmake/stm32cubemx/CMakeFiles/STM32_Drivers.dir/__/__/Drivers/STM32F1xx_HAL_Driver/Src/stm32f1xx_hal_gpio.c.obj
                0x080055b4                HAL_GPIO_Init
 .text.HAL_GPIO_WritePin
                0x080058bc       0x30 cmake/stm32cubemx/CMakeFiles/STM32_Drivers.dir/__/__/Drivers/STM32F1xx_HAL_Driver/Src/stm32f1xx_hal_gpio.c.obj
                0x080058bc                HAL_GPIO_WritePin
 .text.HAL_GPIO_TogglePin
                0x080058ec       0x32 cmake/stm32cubemx/CMakeFiles/STM32_Drivers.dir/__/__/Drivers/STM32F1xx_HAL_Driver/Src/stm32f1xx_hal_gpio.c.obj
                0x080058ec                HAL_GPIO_TogglePin
 *fill*         0x0800591e        0x2 
 .text.HAL_DMA_Abort_IT
                0x08005920       0xf0 cmake/stm32cubemx/CMakeFiles/STM32_Drivers.dir/__/__/Drivers/STM32F1xx_HAL_Driver/Src/stm32f1xx_hal_dma.c.obj
                0x08005920                HAL_DMA_Abort_IT
 .text.HAL_DMA_GetState
                0x08005a10       0x1a cmake/stm32cubemx/CMakeFiles/STM32_Drivers.dir/__/__/Drivers/STM32F1xx_HAL_Driver/Src/stm32f1xx_hal_dma.c.obj
                0x08005a10                HAL_DMA_GetState
 *fill*         0x08005a2a        0x2 
 .text.__NVIC_SetPriorityGrouping
                0x08005a2c       0x48 cmake/stm32cubemx/CMakeFiles/STM32_Drivers.dir/__/__/Drivers/STM32F1xx_HAL_Driver/Src/stm32f1xx_hal_cortex.c.obj
 .text.__NVIC_GetPriorityGrouping
                0x08005a74       0x1c cmake/stm32cubemx/CMakeFiles/STM32_Drivers.dir/__/__/Drivers/STM32F1xx_HAL_Driver/Src/stm32f1xx_hal_cortex.c.obj
 .text.__NVIC_EnableIRQ
                0x08005a90       0x38 cmake/stm32cubemx/CMakeFiles/STM32_Drivers.dir/__/__/Drivers/STM32F1xx_HAL_Driver/Src/stm32f1xx_hal_cortex.c.obj
 .text.__NVIC_SetPriority
                0x08005ac8       0x54 cmake/stm32cubemx/CMakeFiles/STM32_Drivers.dir/__/__/Drivers/STM32F1xx_HAL_Driver/Src/stm32f1xx_hal_cortex.c.obj
 .text.NVIC_EncodePriority
                0x08005b1c       0x64 cmake/stm32cubemx/CMakeFiles/STM32_Drivers.dir/__/__/Drivers/STM32F1xx_HAL_Driver/Src/stm32f1xx_hal_cortex.c.obj
 .text.SysTick_Config
                0x08005b80       0x44 cmake/stm32cubemx/CMakeFiles/STM32_Drivers.dir/__/__/Drivers/STM32F1xx_HAL_Driver/Src/stm32f1xx_hal_cortex.c.obj
 .text.HAL_NVIC_SetPriorityGrouping
                0x08005bc4       0x16 cmake/stm32cubemx/CMakeFiles/STM32_Drivers.dir/__/__/Drivers/STM32F1xx_HAL_Driver/Src/stm32f1xx_hal_cortex.c.obj
                0x08005bc4                HAL_NVIC_SetPriorityGrouping
 .text.HAL_NVIC_SetPriority
                0x08005bda       0x38 cmake/stm32cubemx/CMakeFiles/STM32_Drivers.dir/__/__/Drivers/STM32F1xx_HAL_Driver/Src/stm32f1xx_hal_cortex.c.obj
                0x08005bda                HAL_NVIC_SetPriority
 .text.HAL_NVIC_EnableIRQ
                0x08005c12       0x1c cmake/stm32cubemx/CMakeFiles/STM32_Drivers.dir/__/__/Drivers/STM32F1xx_HAL_Driver/Src/stm32f1xx_hal_cortex.c.obj
                0x08005c12                HAL_NVIC_EnableIRQ
 .text.HAL_SYSTICK_Config
                0x08005c2e       0x18 cmake/stm32cubemx/CMakeFiles/STM32_Drivers.dir/__/__/Drivers/STM32F1xx_HAL_Driver/Src/stm32f1xx_hal_cortex.c.obj
                0x08005c2e                HAL_SYSTICK_Config
 *fill*         0x08005c46        0x2 
 .text.HAL_PWR_EnableBkUpAccess
                0x08005c48       0x18 cmake/stm32cubemx/CMakeFiles/STM32_Drivers.dir/__/__/Drivers/STM32F1xx_HAL_Driver/Src/stm32f1xx_hal_pwr.c.obj
                0x08005c48                HAL_PWR_EnableBkUpAccess
 .text.HAL_I2C_Init
                0x08005c60      0x288 cmake/stm32cubemx/CMakeFiles/STM32_Drivers.dir/__/__/Drivers/STM32F1xx_HAL_Driver/Src/stm32f1xx_hal_i2c.c.obj
                0x08005c60                HAL_I2C_Init
 .text.I2C_Flush_DR
                0x08005ee8       0x28 cmake/stm32cubemx/CMakeFiles/STM32_Drivers.dir/__/__/Drivers/STM32F1xx_HAL_Driver/Src/stm32f1xx_hal_i2c.c.obj
 .text.HAL_I2C_Master_Transmit_IT
                0x08005f10      0x140 cmake/stm32cubemx/CMakeFiles/STM32_Drivers.dir/__/__/Drivers/STM32F1xx_HAL_Driver/Src/stm32f1xx_hal_i2c.c.obj
                0x08005f10                HAL_I2C_Master_Transmit_IT
 .text.HAL_I2C_Master_Receive_IT
                0x08006050      0x150 cmake/stm32cubemx/CMakeFiles/STM32_Drivers.dir/__/__/Drivers/STM32F1xx_HAL_Driver/Src/stm32f1xx_hal_i2c.c.obj
                0x08006050                HAL_I2C_Master_Receive_IT
 .text.HAL_I2C_EV_IRQHandler
                0x080061a0      0x2e2 cmake/stm32cubemx/CMakeFiles/STM32_Drivers.dir/__/__/Drivers/STM32F1xx_HAL_Driver/Src/stm32f1xx_hal_i2c.c.obj
                0x080061a0                HAL_I2C_EV_IRQHandler
 .text.HAL_I2C_ER_IRQHandler
                0x08006482      0x15e cmake/stm32cubemx/CMakeFiles/STM32_Drivers.dir/__/__/Drivers/STM32F1xx_HAL_Driver/Src/stm32f1xx_hal_i2c.c.obj
                0x08006482                HAL_I2C_ER_IRQHandler
 .text.HAL_I2C_SlaveTxCpltCallback
                0x080065e0       0x12 cmake/stm32cubemx/CMakeFiles/STM32_Drivers.dir/__/__/Drivers/STM32F1xx_HAL_Driver/Src/stm32f1xx_hal_i2c.c.obj
                0x080065e0                HAL_I2C_SlaveTxCpltCallback
 .text.HAL_I2C_SlaveRxCpltCallback
                0x080065f2       0x12 cmake/stm32cubemx/CMakeFiles/STM32_Drivers.dir/__/__/Drivers/STM32F1xx_HAL_Driver/Src/stm32f1xx_hal_i2c.c.obj
                0x080065f2                HAL_I2C_SlaveRxCpltCallback
 .text.HAL_I2C_AddrCallback
                0x08006604       0x1a cmake/stm32cubemx/CMakeFiles/STM32_Drivers.dir/__/__/Drivers/STM32F1xx_HAL_Driver/Src/stm32f1xx_hal_i2c.c.obj
                0x08006604                HAL_I2C_AddrCallback
 .text.HAL_I2C_ListenCpltCallback
                0x0800661e       0x12 cmake/stm32cubemx/CMakeFiles/STM32_Drivers.dir/__/__/Drivers/STM32F1xx_HAL_Driver/Src/stm32f1xx_hal_i2c.c.obj
                0x0800661e                HAL_I2C_ListenCpltCallback
 .text.HAL_I2C_MemTxCpltCallback
                0x08006630       0x12 cmake/stm32cubemx/CMakeFiles/STM32_Drivers.dir/__/__/Drivers/STM32F1xx_HAL_Driver/Src/stm32f1xx_hal_i2c.c.obj
                0x08006630                HAL_I2C_MemTxCpltCallback
 .text.HAL_I2C_MemRxCpltCallback
                0x08006642       0x12 cmake/stm32cubemx/CMakeFiles/STM32_Drivers.dir/__/__/Drivers/STM32F1xx_HAL_Driver/Src/stm32f1xx_hal_i2c.c.obj
                0x08006642                HAL_I2C_MemRxCpltCallback
 .text.HAL_I2C_ErrorCallback
                0x08006654       0x12 cmake/stm32cubemx/CMakeFiles/STM32_Drivers.dir/__/__/Drivers/STM32F1xx_HAL_Driver/Src/stm32f1xx_hal_i2c.c.obj
                0x08006654                HAL_I2C_ErrorCallback
 .text.HAL_I2C_AbortCpltCallback
                0x08006666       0x12 cmake/stm32cubemx/CMakeFiles/STM32_Drivers.dir/__/__/Drivers/STM32F1xx_HAL_Driver/Src/stm32f1xx_hal_i2c.c.obj
                0x08006666                HAL_I2C_AbortCpltCallback
 .text.I2C_MasterTransmit_TXE
                0x08006678      0x138 cmake/stm32cubemx/CMakeFiles/STM32_Drivers.dir/__/__/Drivers/STM32F1xx_HAL_Driver/Src/stm32f1xx_hal_i2c.c.obj
 .text.I2C_MasterTransmit_BTF
                0x080067b0       0xec cmake/stm32cubemx/CMakeFiles/STM32_Drivers.dir/__/__/Drivers/STM32F1xx_HAL_Driver/Src/stm32f1xx_hal_i2c.c.obj
 .text.I2C_MemoryTransmit_TXE_BTF
                0x0800689c      0x130 cmake/stm32cubemx/CMakeFiles/STM32_Drivers.dir/__/__/Drivers/STM32F1xx_HAL_Driver/Src/stm32f1xx_hal_i2c.c.obj
 .text.I2C_MasterReceive_RXNE
                0x080069cc      0x190 cmake/stm32cubemx/CMakeFiles/STM32_Drivers.dir/__/__/Drivers/STM32F1xx_HAL_Driver/Src/stm32f1xx_hal_i2c.c.obj
 .text.I2C_MasterReceive_BTF
                0x08006b5c      0x1e2 cmake/stm32cubemx/CMakeFiles/STM32_Drivers.dir/__/__/Drivers/STM32F1xx_HAL_Driver/Src/stm32f1xx_hal_i2c.c.obj
 .text.I2C_Master_SB
                0x08006d3e      0x10a cmake/stm32cubemx/CMakeFiles/STM32_Drivers.dir/__/__/Drivers/STM32F1xx_HAL_Driver/Src/stm32f1xx_hal_i2c.c.obj
 .text.I2C_Master_ADD10
                0x08006e48       0x52 cmake/stm32cubemx/CMakeFiles/STM32_Drivers.dir/__/__/Drivers/STM32F1xx_HAL_Driver/Src/stm32f1xx_hal_i2c.c.obj
 .text.I2C_Master_ADDR
                0x08006e9a      0x336 cmake/stm32cubemx/CMakeFiles/STM32_Drivers.dir/__/__/Drivers/STM32F1xx_HAL_Driver/Src/stm32f1xx_hal_i2c.c.obj
 .text.I2C_SlaveTransmit_TXE
                0x080071d0       0x7a cmake/stm32cubemx/CMakeFiles/STM32_Drivers.dir/__/__/Drivers/STM32F1xx_HAL_Driver/Src/stm32f1xx_hal_i2c.c.obj
 .text.I2C_SlaveTransmit_BTF
                0x0800724a       0x40 cmake/stm32cubemx/CMakeFiles/STM32_Drivers.dir/__/__/Drivers/STM32F1xx_HAL_Driver/Src/stm32f1xx_hal_i2c.c.obj
 .text.I2C_SlaveReceive_RXNE
                0x0800728a       0x7c cmake/stm32cubemx/CMakeFiles/STM32_Drivers.dir/__/__/Drivers/STM32F1xx_HAL_Driver/Src/stm32f1xx_hal_i2c.c.obj
 .text.I2C_SlaveReceive_BTF
                0x08007306       0x42 cmake/stm32cubemx/CMakeFiles/STM32_Drivers.dir/__/__/Drivers/STM32F1xx_HAL_Driver/Src/stm32f1xx_hal_i2c.c.obj
 .text.I2C_Slave_ADDR
                0x08007348       0x94 cmake/stm32cubemx/CMakeFiles/STM32_Drivers.dir/__/__/Drivers/STM32F1xx_HAL_Driver/Src/stm32f1xx_hal_i2c.c.obj
 .text.I2C_Slave_STOPF
                0x080073dc      0x260 cmake/stm32cubemx/CMakeFiles/STM32_Drivers.dir/__/__/Drivers/STM32F1xx_HAL_Driver/Src/stm32f1xx_hal_i2c.c.obj
 .text.I2C_Slave_AF
                0x0800763c       0xe8 cmake/stm32cubemx/CMakeFiles/STM32_Drivers.dir/__/__/Drivers/STM32F1xx_HAL_Driver/Src/stm32f1xx_hal_i2c.c.obj
 .text.I2C_ITError
                0x08007724      0x264 cmake/stm32cubemx/CMakeFiles/STM32_Drivers.dir/__/__/Drivers/STM32F1xx_HAL_Driver/Src/stm32f1xx_hal_i2c.c.obj
 .text.I2C_DMAAbort
                0x08007988      0x150 cmake/stm32cubemx/CMakeFiles/STM32_Drivers.dir/__/__/Drivers/STM32F1xx_HAL_Driver/Src/stm32f1xx_hal_i2c.c.obj
 .text.I2C_WaitOnSTOPRequestThroughIT
                0x08007ad8       0x64 cmake/stm32cubemx/CMakeFiles/STM32_Drivers.dir/__/__/Drivers/STM32F1xx_HAL_Driver/Src/stm32f1xx_hal_i2c.c.obj
 .text.I2C_ConvertOtherXferOptions
                0x08007b3c       0x34 cmake/stm32cubemx/CMakeFiles/STM32_Drivers.dir/__/__/Drivers/STM32F1xx_HAL_Driver/Src/stm32f1xx_hal_i2c.c.obj
 .text.HAL_RTC_Init
                0x08007b70      0x118 cmake/stm32cubemx/CMakeFiles/STM32_Drivers.dir/__/__/Drivers/STM32F1xx_HAL_Driver/Src/stm32f1xx_hal_rtc.c.obj
                0x08007b70                HAL_RTC_Init
 .text.HAL_RTC_WaitForSynchro
                0x08007c88       0x5a cmake/stm32cubemx/CMakeFiles/STM32_Drivers.dir/__/__/Drivers/STM32F1xx_HAL_Driver/Src/stm32f1xx_hal_rtc.c.obj
                0x08007c88                HAL_RTC_WaitForSynchro
 .text.RTC_EnterInitMode
                0x08007ce2       0x50 cmake/stm32cubemx/CMakeFiles/STM32_Drivers.dir/__/__/Drivers/STM32F1xx_HAL_Driver/Src/stm32f1xx_hal_rtc.c.obj
 .text.RTC_ExitInitMode
                0x08007d32       0x50 cmake/stm32cubemx/CMakeFiles/STM32_Drivers.dir/__/__/Drivers/STM32F1xx_HAL_Driver/Src/stm32f1xx_hal_rtc.c.obj
 .text.HAL_SPI_Init
                0x08007d82      0x108 cmake/stm32cubemx/CMakeFiles/STM32_Drivers.dir/__/__/Drivers/STM32F1xx_HAL_Driver/Src/stm32f1xx_hal_spi.c.obj
                0x08007d82                HAL_SPI_Init
 .text.HAL_SPI_Transmit
                0x08007e8a      0x288 cmake/stm32cubemx/CMakeFiles/STM32_Drivers.dir/__/__/Drivers/STM32F1xx_HAL_Driver/Src/stm32f1xx_hal_spi.c.obj
                0x08007e8a                HAL_SPI_Transmit
 .text.HAL_SPI_TransmitReceive
                0x08008112      0x352 cmake/stm32cubemx/CMakeFiles/STM32_Drivers.dir/__/__/Drivers/STM32F1xx_HAL_Driver/Src/stm32f1xx_hal_spi.c.obj
                0x08008112                HAL_SPI_TransmitReceive
 .text.HAL_SPI_Transmit_IT
                0x08008464      0x108 cmake/stm32cubemx/CMakeFiles/STM32_Drivers.dir/__/__/Drivers/STM32F1xx_HAL_Driver/Src/stm32f1xx_hal_spi.c.obj
                0x08008464                HAL_SPI_Transmit_IT
 .text.HAL_SPI_TransmitReceive_IT
                0x0800856c      0x11c cmake/stm32cubemx/CMakeFiles/STM32_Drivers.dir/__/__/Drivers/STM32F1xx_HAL_Driver/Src/stm32f1xx_hal_spi.c.obj
                0x0800856c                HAL_SPI_TransmitReceive_IT
 .text.HAL_SPI_IRQHandler
                0x08008688      0x1cc cmake/stm32cubemx/CMakeFiles/STM32_Drivers.dir/__/__/Drivers/STM32F1xx_HAL_Driver/Src/stm32f1xx_hal_spi.c.obj
                0x08008688                HAL_SPI_IRQHandler
 .text.HAL_SPI_RxCpltCallback
                0x08008854       0x12 cmake/stm32cubemx/CMakeFiles/STM32_Drivers.dir/__/__/Drivers/STM32F1xx_HAL_Driver/Src/stm32f1xx_hal_spi.c.obj
                0x08008854                HAL_SPI_RxCpltCallback
 .text.HAL_SPI_ErrorCallback
                0x08008866       0x12 cmake/stm32cubemx/CMakeFiles/STM32_Drivers.dir/__/__/Drivers/STM32F1xx_HAL_Driver/Src/stm32f1xx_hal_spi.c.obj
                0x08008866                HAL_SPI_ErrorCallback
 .text.SPI_DMAAbortOnError
                0x08008878       0x28 cmake/stm32cubemx/CMakeFiles/STM32_Drivers.dir/__/__/Drivers/STM32F1xx_HAL_Driver/Src/stm32f1xx_hal_spi.c.obj
 .text.SPI_2linesRxISR_8BIT
                0x080088a0       0x64 cmake/stm32cubemx/CMakeFiles/STM32_Drivers.dir/__/__/Drivers/STM32F1xx_HAL_Driver/Src/stm32f1xx_hal_spi.c.obj
 .text.SPI_2linesTxISR_8BIT
                0x08008904       0x60 cmake/stm32cubemx/CMakeFiles/STM32_Drivers.dir/__/__/Drivers/STM32F1xx_HAL_Driver/Src/stm32f1xx_hal_spi.c.obj
 .text.SPI_2linesRxISR_16BIT
                0x08008964       0x60 cmake/stm32cubemx/CMakeFiles/STM32_Drivers.dir/__/__/Drivers/STM32F1xx_HAL_Driver/Src/stm32f1xx_hal_spi.c.obj
 .text.SPI_2linesTxISR_16BIT
                0x080089c4       0x5e cmake/stm32cubemx/CMakeFiles/STM32_Drivers.dir/__/__/Drivers/STM32F1xx_HAL_Driver/Src/stm32f1xx_hal_spi.c.obj
 .text.SPI_TxISR_8BIT
                0x08008a22       0x46 cmake/stm32cubemx/CMakeFiles/STM32_Drivers.dir/__/__/Drivers/STM32F1xx_HAL_Driver/Src/stm32f1xx_hal_spi.c.obj
 .text.SPI_TxISR_16BIT
                0x08008a68       0x44 cmake/stm32cubemx/CMakeFiles/STM32_Drivers.dir/__/__/Drivers/STM32F1xx_HAL_Driver/Src/stm32f1xx_hal_spi.c.obj
 .text.SPI_WaitFlagStateUntilTimeout
                0x08008aac      0x110 cmake/stm32cubemx/CMakeFiles/STM32_Drivers.dir/__/__/Drivers/STM32F1xx_HAL_Driver/Src/stm32f1xx_hal_spi.c.obj
 .text.SPI_EndRxTxTransaction
                0x08008bbc       0x62 cmake/stm32cubemx/CMakeFiles/STM32_Drivers.dir/__/__/Drivers/STM32F1xx_HAL_Driver/Src/stm32f1xx_hal_spi.c.obj
 *fill*         0x08008c1e        0x2 
 .text.SPI_CloseRxTx_ISR
                0x08008c20       0xe8 cmake/stm32cubemx/CMakeFiles/STM32_Drivers.dir/__/__/Drivers/STM32F1xx_HAL_Driver/Src/stm32f1xx_hal_spi.c.obj
 .text.SPI_CloseTx_ISR
                0x08008d08       0xc4 cmake/stm32cubemx/CMakeFiles/STM32_Drivers.dir/__/__/Drivers/STM32F1xx_HAL_Driver/Src/stm32f1xx_hal_spi.c.obj
 .text.HAL_TIM_Base_Init
                0x08008dcc       0x9e cmake/stm32cubemx/CMakeFiles/STM32_Drivers.dir/__/__/Drivers/STM32F1xx_HAL_Driver/Src/stm32f1xx_hal_tim.c.obj
                0x08008dcc                HAL_TIM_Base_Init
 *fill*         0x08008e6a        0x2 
 .text.HAL_TIM_Base_Start_IT
                0x08008e6c       0xa4 cmake/stm32cubemx/CMakeFiles/STM32_Drivers.dir/__/__/Drivers/STM32F1xx_HAL_Driver/Src/stm32f1xx_hal_tim.c.obj
                0x08008e6c                HAL_TIM_Base_Start_IT
 .text.HAL_TIM_IRQHandler
                0x08008f10      0x1e0 cmake/stm32cubemx/CMakeFiles/STM32_Drivers.dir/__/__/Drivers/STM32F1xx_HAL_Driver/Src/stm32f1xx_hal_tim.c.obj
                0x08008f10                HAL_TIM_IRQHandler
 .text.HAL_TIM_ConfigClockSource
                0x080090f0      0x18e cmake/stm32cubemx/CMakeFiles/STM32_Drivers.dir/__/__/Drivers/STM32F1xx_HAL_Driver/Src/stm32f1xx_hal_tim.c.obj
                0x080090f0                HAL_TIM_ConfigClockSource
 .text.HAL_TIM_PeriodElapsedCallback
                0x0800927e       0x12 cmake/stm32cubemx/CMakeFiles/STM32_Drivers.dir/__/__/Drivers/STM32F1xx_HAL_Driver/Src/stm32f1xx_hal_tim.c.obj
                0x0800927e                HAL_TIM_PeriodElapsedCallback
 .text.HAL_TIM_OC_DelayElapsedCallback
                0x08009290       0x12 cmake/stm32cubemx/CMakeFiles/STM32_Drivers.dir/__/__/Drivers/STM32F1xx_HAL_Driver/Src/stm32f1xx_hal_tim.c.obj
                0x08009290                HAL_TIM_OC_DelayElapsedCallback
 .text.HAL_TIM_IC_CaptureCallback
                0x080092a2       0x12 cmake/stm32cubemx/CMakeFiles/STM32_Drivers.dir/__/__/Drivers/STM32F1xx_HAL_Driver/Src/stm32f1xx_hal_tim.c.obj
                0x080092a2                HAL_TIM_IC_CaptureCallback
 .text.HAL_TIM_PWM_PulseFinishedCallback
                0x080092b4       0x12 cmake/stm32cubemx/CMakeFiles/STM32_Drivers.dir/__/__/Drivers/STM32F1xx_HAL_Driver/Src/stm32f1xx_hal_tim.c.obj
                0x080092b4                HAL_TIM_PWM_PulseFinishedCallback
 .text.HAL_TIM_TriggerCallback
                0x080092c6       0x12 cmake/stm32cubemx/CMakeFiles/STM32_Drivers.dir/__/__/Drivers/STM32F1xx_HAL_Driver/Src/stm32f1xx_hal_tim.c.obj
                0x080092c6                HAL_TIM_TriggerCallback
 .text.TIM_Base_SetConfig
                0x080092d8       0xdc cmake/stm32cubemx/CMakeFiles/STM32_Drivers.dir/__/__/Drivers/STM32F1xx_HAL_Driver/Src/stm32f1xx_hal_tim.c.obj
                0x080092d8                TIM_Base_SetConfig
 .text.TIM_TI1_ConfigInputStage
                0x080093b4       0x5c cmake/stm32cubemx/CMakeFiles/STM32_Drivers.dir/__/__/Drivers/STM32F1xx_HAL_Driver/Src/stm32f1xx_hal_tim.c.obj
 .text.TIM_TI2_ConfigInputStage
                0x08009410       0x5e cmake/stm32cubemx/CMakeFiles/STM32_Drivers.dir/__/__/Drivers/STM32F1xx_HAL_Driver/Src/stm32f1xx_hal_tim.c.obj
 .text.TIM_ITRx_SetConfig
                0x0800946e       0x34 cmake/stm32cubemx/CMakeFiles/STM32_Drivers.dir/__/__/Drivers/STM32F1xx_HAL_Driver/Src/stm32f1xx_hal_tim.c.obj
 .text.TIM_ETR_SetConfig
                0x080094a2       0x3e cmake/stm32cubemx/CMakeFiles/STM32_Drivers.dir/__/__/Drivers/STM32F1xx_HAL_Driver/Src/stm32f1xx_hal_tim.c.obj
                0x080094a2                TIM_ETR_SetConfig
 .text.HAL_TIMEx_MasterConfigSynchronization
                0x080094e0       0xbc cmake/stm32cubemx/CMakeFiles/STM32_Drivers.dir/__/__/Drivers/STM32F1xx_HAL_Driver/Src/stm32f1xx_hal_tim_ex.c.obj
                0x080094e0                HAL_TIMEx_MasterConfigSynchronization
 .text.HAL_TIMEx_CommutCallback
                0x0800959c       0x12 cmake/stm32cubemx/CMakeFiles/STM32_Drivers.dir/__/__/Drivers/STM32F1xx_HAL_Driver/Src/stm32f1xx_hal_tim_ex.c.obj
                0x0800959c                HAL_TIMEx_CommutCallback
 .text.HAL_TIMEx_BreakCallback
                0x080095ae       0x12 cmake/stm32cubemx/CMakeFiles/STM32_Drivers.dir/__/__/Drivers/STM32F1xx_HAL_Driver/Src/stm32f1xx_hal_tim_ex.c.obj
                0x080095ae                HAL_TIMEx_BreakCallback
 .text.HAL_UART_Init
                0x080095c0       0xa0 cmake/stm32cubemx/CMakeFiles/STM32_Drivers.dir/__/__/Drivers/STM32F1xx_HAL_Driver/Src/stm32f1xx_hal_uart.c.obj
                0x080095c0                HAL_UART_Init
 .text.UART_SetConfig
                0x08009660      0x11c cmake/stm32cubemx/CMakeFiles/STM32_Drivers.dir/__/__/Drivers/STM32F1xx_HAL_Driver/Src/stm32f1xx_hal_uart.c.obj
 .text.USBD_Init
                0x0800977c       0x70 cmake/stm32cubemx/CMakeFiles/USB_Device_Library.dir/__/__/Middlewares/ST/STM32_USB_Device_Library/Core/Src/usbd_core.c.obj
                0x0800977c                USBD_Init
 .text.USBD_RegisterClass
                0x080097ec       0x4c cmake/stm32cubemx/CMakeFiles/USB_Device_Library.dir/__/__/Middlewares/ST/STM32_USB_Device_Library/Core/Src/usbd_core.c.obj
                0x080097ec                USBD_RegisterClass
 .text.USBD_Start
                0x08009838       0x18 cmake/stm32cubemx/CMakeFiles/USB_Device_Library.dir/__/__/Middlewares/ST/STM32_USB_Device_Library/Core/Src/usbd_core.c.obj
                0x08009838                USBD_Start
 .text.USBD_RunTestMode
                0x08009850       0x14 cmake/stm32cubemx/CMakeFiles/USB_Device_Library.dir/__/__/Middlewares/ST/STM32_USB_Device_Library/Core/Src/usbd_core.c.obj
                0x08009850                USBD_RunTestMode
 .text.USBD_SetClassConfig
                0x08009864       0x3e cmake/stm32cubemx/CMakeFiles/USB_Device_Library.dir/__/__/Middlewares/ST/STM32_USB_Device_Library/Core/Src/usbd_core.c.obj
                0x08009864                USBD_SetClassConfig
 .text.USBD_ClrClassConfig
                0x080098a2       0x26 cmake/stm32cubemx/CMakeFiles/USB_Device_Library.dir/__/__/Middlewares/ST/STM32_USB_Device_Library/Core/Src/usbd_core.c.obj
                0x080098a2                USBD_ClrClassConfig
 .text.USBD_LL_SetupStage
                0x080098c8       0x9a cmake/stm32cubemx/CMakeFiles/USB_Device_Library.dir/__/__/Middlewares/ST/STM32_USB_Device_Library/Core/Src/usbd_core.c.obj
                0x080098c8                USBD_LL_SetupStage
 .text.USBD_LL_DataOutStage
                0x08009962       0xe2 cmake/stm32cubemx/CMakeFiles/USB_Device_Library.dir/__/__/Middlewares/ST/STM32_USB_Device_Library/Core/Src/usbd_core.c.obj
                0x08009962                USBD_LL_DataOutStage
 .text.USBD_LL_DataInStage
                0x08009a44      0x14a cmake/stm32cubemx/CMakeFiles/USB_Device_Library.dir/__/__/Middlewares/ST/STM32_USB_Device_Library/Core/Src/usbd_core.c.obj
                0x08009a44                USBD_LL_DataInStage
 .text.USBD_LL_Reset
                0x08009b8e       0x82 cmake/stm32cubemx/CMakeFiles/USB_Device_Library.dir/__/__/Middlewares/ST/STM32_USB_Device_Library/Core/Src/usbd_core.c.obj
                0x08009b8e                USBD_LL_Reset
 .text.USBD_LL_SetSpeed
                0x08009c10       0x1e cmake/stm32cubemx/CMakeFiles/USB_Device_Library.dir/__/__/Middlewares/ST/STM32_USB_Device_Library/Core/Src/usbd_core.c.obj
                0x08009c10                USBD_LL_SetSpeed
 .text.USBD_LL_Suspend
                0x08009c2e       0x28 cmake/stm32cubemx/CMakeFiles/USB_Device_Library.dir/__/__/Middlewares/ST/STM32_USB_Device_Library/Core/Src/usbd_core.c.obj
                0x08009c2e                USBD_LL_Suspend
 .text.USBD_LL_Resume
                0x08009c56       0x2a cmake/stm32cubemx/CMakeFiles/USB_Device_Library.dir/__/__/Middlewares/ST/STM32_USB_Device_Library/Core/Src/usbd_core.c.obj
                0x08009c56                USBD_LL_Resume
 .text.USBD_LL_SOF
                0x08009c80       0x34 cmake/stm32cubemx/CMakeFiles/USB_Device_Library.dir/__/__/Middlewares/ST/STM32_USB_Device_Library/Core/Src/usbd_core.c.obj
                0x08009c80                USBD_LL_SOF
 .text.USBD_StdDevReq
                0x08009cb4       0xd4 cmake/stm32cubemx/CMakeFiles/USB_Device_Library.dir/__/__/Middlewares/ST/STM32_USB_Device_Library/Core/Src/usbd_ctlreq.c.obj
                0x08009cb4                USBD_StdDevReq
 .text.USBD_StdItfReq
                0x08009d88       0x90 cmake/stm32cubemx/CMakeFiles/USB_Device_Library.dir/__/__/Middlewares/ST/STM32_USB_Device_Library/Core/Src/usbd_ctlreq.c.obj
                0x08009d88                USBD_StdItfReq
 .text.USBD_StdEPReq
                0x08009e18      0x2c6 cmake/stm32cubemx/CMakeFiles/USB_Device_Library.dir/__/__/Middlewares/ST/STM32_USB_Device_Library/Core/Src/usbd_ctlreq.c.obj
                0x08009e18                USBD_StdEPReq
 *fill*         0x0800a0de        0x2 
 .text.USBD_GetDescriptor
                0x0800a0e0      0x2d0 cmake/stm32cubemx/CMakeFiles/USB_Device_Library.dir/__/__/Middlewares/ST/STM32_USB_Device_Library/Core/Src/usbd_ctlreq.c.obj
 .text.USBD_SetAddress
                0x0800a3b0       0x86 cmake/stm32cubemx/CMakeFiles/USB_Device_Library.dir/__/__/Middlewares/ST/STM32_USB_Device_Library/Core/Src/usbd_ctlreq.c.obj
 *fill*         0x0800a436        0x2 
 .text.USBD_SetConfig
                0x0800a438      0x11c cmake/stm32cubemx/CMakeFiles/USB_Device_Library.dir/__/__/Middlewares/ST/STM32_USB_Device_Library/Core/Src/usbd_ctlreq.c.obj
 .text.USBD_GetConfig
                0x0800a554       0x6a cmake/stm32cubemx/CMakeFiles/USB_Device_Library.dir/__/__/Middlewares/ST/STM32_USB_Device_Library/Core/Src/usbd_ctlreq.c.obj
 .text.USBD_GetStatus
                0x0800a5be       0x66 cmake/stm32cubemx/CMakeFiles/USB_Device_Library.dir/__/__/Middlewares/ST/STM32_USB_Device_Library/Core/Src/usbd_ctlreq.c.obj
 .text.USBD_SetFeature
                0x0800a624       0x28 cmake/stm32cubemx/CMakeFiles/USB_Device_Library.dir/__/__/Middlewares/ST/STM32_USB_Device_Library/Core/Src/usbd_ctlreq.c.obj
 .text.USBD_ClrFeature
                0x0800a64c       0x42 cmake/stm32cubemx/CMakeFiles/USB_Device_Library.dir/__/__/Middlewares/ST/STM32_USB_Device_Library/Core/Src/usbd_ctlreq.c.obj
 .text.USBD_ParseSetupRequest
                0x0800a68e       0x72 cmake/stm32cubemx/CMakeFiles/USB_Device_Library.dir/__/__/Middlewares/ST/STM32_USB_Device_Library/Core/Src/usbd_ctlreq.c.obj
                0x0800a68e                USBD_ParseSetupRequest
 .text.USBD_CtlError
                0x0800a700       0x22 cmake/stm32cubemx/CMakeFiles/USB_Device_Library.dir/__/__/Middlewares/ST/STM32_USB_Device_Library/Core/Src/usbd_ctlreq.c.obj
                0x0800a700                USBD_CtlError
 .text.USBD_GetString
                0x0800a722       0x84 cmake/stm32cubemx/CMakeFiles/USB_Device_Library.dir/__/__/Middlewares/ST/STM32_USB_Device_Library/Core/Src/usbd_ctlreq.c.obj
                0x0800a722                USBD_GetString
 .text.USBD_GetLen
                0x0800a7a6       0x2e cmake/stm32cubemx/CMakeFiles/USB_Device_Library.dir/__/__/Middlewares/ST/STM32_USB_Device_Library/Core/Src/usbd_ctlreq.c.obj
 .text.USBD_CtlSendData
                0x0800a7d4       0x38 cmake/stm32cubemx/CMakeFiles/USB_Device_Library.dir/__/__/Middlewares/ST/STM32_USB_Device_Library/Core/Src/usbd_ioreq.c.obj
                0x0800a7d4                USBD_CtlSendData
 .text.USBD_CtlContinueSendData
                0x0800a80c       0x24 cmake/stm32cubemx/CMakeFiles/USB_Device_Library.dir/__/__/Middlewares/ST/STM32_USB_Device_Library/Core/Src/usbd_ioreq.c.obj
                0x0800a80c                USBD_CtlContinueSendData
 .text.USBD_CtlPrepareRx
                0x0800a830       0x3c cmake/stm32cubemx/CMakeFiles/USB_Device_Library.dir/__/__/Middlewares/ST/STM32_USB_Device_Library/Core/Src/usbd_ioreq.c.obj
                0x0800a830                USBD_CtlPrepareRx
 .text.USBD_CtlContinueRx
                0x0800a86c       0x24 cmake/stm32cubemx/CMakeFiles/USB_Device_Library.dir/__/__/Middlewares/ST/STM32_USB_Device_Library/Core/Src/usbd_ioreq.c.obj
                0x0800a86c                USBD_CtlContinueRx
 .text.USBD_CtlSendStatus
                0x0800a890       0x26 cmake/stm32cubemx/CMakeFiles/USB_Device_Library.dir/__/__/Middlewares/ST/STM32_USB_Device_Library/Core/Src/usbd_ioreq.c.obj
                0x0800a890                USBD_CtlSendStatus
 .text.USBD_CtlReceiveStatus
                0x0800a8b6       0x26 cmake/stm32cubemx/CMakeFiles/USB_Device_Library.dir/__/__/Middlewares/ST/STM32_USB_Device_Library/Core/Src/usbd_ioreq.c.obj
                0x0800a8b6                USBD_CtlReceiveStatus
 .text.USBD_CDC_Init
                0x0800a8dc       0xf4 cmake/stm32cubemx/CMakeFiles/USB_Device_Library.dir/__/__/Middlewares/ST/STM32_USB_Device_Library/Class/CDC/Src/usbd_cdc.c.obj
 .text.USBD_CDC_DeInit
                0x0800a9d0       0x6e cmake/stm32cubemx/CMakeFiles/USB_Device_Library.dir/__/__/Middlewares/ST/STM32_USB_Device_Library/Class/CDC/Src/usbd_cdc.c.obj
 .text.USBD_CDC_Setup
                0x0800aa3e      0x146 cmake/stm32cubemx/CMakeFiles/USB_Device_Library.dir/__/__/Middlewares/ST/STM32_USB_Device_Library/Class/CDC/Src/usbd_cdc.c.obj
 .text.USBD_CDC_DataIn
                0x0800ab84       0xa6 cmake/stm32cubemx/CMakeFiles/USB_Device_Library.dir/__/__/Middlewares/ST/STM32_USB_Device_Library/Class/CDC/Src/usbd_cdc.c.obj
 .text.USBD_CDC_DataOut
                0x0800ac2a       0x56 cmake/stm32cubemx/CMakeFiles/USB_Device_Library.dir/__/__/Middlewares/ST/STM32_USB_Device_Library/Class/CDC/Src/usbd_cdc.c.obj
 .text.USBD_CDC_EP0_RxReady
                0x0800ac80       0x4e cmake/stm32cubemx/CMakeFiles/USB_Device_Library.dir/__/__/Middlewares/ST/STM32_USB_Device_Library/Class/CDC/Src/usbd_cdc.c.obj
 *fill*         0x0800acce        0x2 
 .text.USBD_CDC_GetFSCfgDesc
                0x0800acd0       0x20 cmake/stm32cubemx/CMakeFiles/USB_Device_Library.dir/__/__/Middlewares/ST/STM32_USB_Device_Library/Class/CDC/Src/usbd_cdc.c.obj
 .text.USBD_CDC_GetHSCfgDesc
                0x0800acf0       0x20 cmake/stm32cubemx/CMakeFiles/USB_Device_Library.dir/__/__/Middlewares/ST/STM32_USB_Device_Library/Class/CDC/Src/usbd_cdc.c.obj
 .text.USBD_CDC_GetOtherSpeedCfgDesc
                0x0800ad10       0x20 cmake/stm32cubemx/CMakeFiles/USB_Device_Library.dir/__/__/Middlewares/ST/STM32_USB_Device_Library/Class/CDC/Src/usbd_cdc.c.obj
 .text.USBD_CDC_GetDeviceQualifierDescriptor
                0x0800ad30       0x20 cmake/stm32cubemx/CMakeFiles/USB_Device_Library.dir/__/__/Middlewares/ST/STM32_USB_Device_Library/Class/CDC/Src/usbd_cdc.c.obj
                0x0800ad30                USBD_CDC_GetDeviceQualifierDescriptor
 .text.USBD_CDC_RegisterInterface
                0x0800ad50       0x2c cmake/stm32cubemx/CMakeFiles/USB_Device_Library.dir/__/__/Middlewares/ST/STM32_USB_Device_Library/Class/CDC/Src/usbd_cdc.c.obj
                0x0800ad50                USBD_CDC_RegisterInterface
 .text.USBD_CDC_SetTxBuffer
                0x0800ad7c       0x32 cmake/stm32cubemx/CMakeFiles/USB_Device_Library.dir/__/__/Middlewares/ST/STM32_USB_Device_Library/Class/CDC/Src/usbd_cdc.c.obj
                0x0800ad7c                USBD_CDC_SetTxBuffer
 .text.USBD_CDC_SetRxBuffer
                0x0800adae       0x26 cmake/stm32cubemx/CMakeFiles/USB_Device_Library.dir/__/__/Middlewares/ST/STM32_USB_Device_Library/Class/CDC/Src/usbd_cdc.c.obj
                0x0800adae                USBD_CDC_SetRxBuffer
 .text.USBD_CDC_TransmitPacket
                0x0800add4       0x5e cmake/stm32cubemx/CMakeFiles/USB_Device_Library.dir/__/__/Middlewares/ST/STM32_USB_Device_Library/Class/CDC/Src/usbd_cdc.c.obj
                0x0800add4                USBD_CDC_TransmitPacket
 .text.USBD_CDC_ReceivePacket
                0x0800ae32       0x54 cmake/stm32cubemx/CMakeFiles/USB_Device_Library.dir/__/__/Middlewares/ST/STM32_USB_Device_Library/Class/CDC/Src/usbd_cdc.c.obj
                0x0800ae32                USBD_CDC_ReceivePacket
 *fill*         0x0800ae86        0x2 
 .text.HAL_PCD_MspInit
                0x0800ae88       0x4c CMakeFiles/STelescope.dir/USB_DEVICE/Target/usbd_conf.c.obj
                0x0800ae88                HAL_PCD_MspInit
 .text.HAL_PCD_SetupStageCallback
                0x0800aed4       0x24 CMakeFiles/STelescope.dir/USB_DEVICE/Target/usbd_conf.c.obj
                0x0800aed4                HAL_PCD_SetupStageCallback
 .text.HAL_PCD_DataOutStageCallback
                0x0800aef8       0x36 CMakeFiles/STelescope.dir/USB_DEVICE/Target/usbd_conf.c.obj
                0x0800aef8                HAL_PCD_DataOutStageCallback
 .text.HAL_PCD_DataInStageCallback
                0x0800af2e       0x34 CMakeFiles/STelescope.dir/USB_DEVICE/Target/usbd_conf.c.obj
                0x0800af2e                HAL_PCD_DataInStageCallback
 .text.HAL_PCD_SOFCallback
                0x0800af62       0x1c CMakeFiles/STelescope.dir/USB_DEVICE/Target/usbd_conf.c.obj
                0x0800af62                HAL_PCD_SOFCallback
 .text.HAL_PCD_ResetCallback
                0x0800af7e       0x3c CMakeFiles/STelescope.dir/USB_DEVICE/Target/usbd_conf.c.obj
                0x0800af7e                HAL_PCD_ResetCallback
 *fill*         0x0800afba        0x2 
 .text.HAL_PCD_SuspendCallback
                0x0800afbc       0x34 CMakeFiles/STelescope.dir/USB_DEVICE/Target/usbd_conf.c.obj
                0x0800afbc                HAL_PCD_SuspendCallback
 .text.HAL_PCD_ResumeCallback
                0x0800aff0       0x1c CMakeFiles/STelescope.dir/USB_DEVICE/Target/usbd_conf.c.obj
                0x0800aff0                HAL_PCD_ResumeCallback
 .text.USBD_LL_Init
                0x0800b00c       0xb4 CMakeFiles/STelescope.dir/USB_DEVICE/Target/usbd_conf.c.obj
                0x0800b00c                USBD_LL_Init
 .text.USBD_LL_Start
                0x0800b0c0       0x36 CMakeFiles/STelescope.dir/USB_DEVICE/Target/usbd_conf.c.obj
                0x0800b0c0                USBD_LL_Start
 .text.USBD_LL_OpenEP
                0x0800b0f6       0x4c CMakeFiles/STelescope.dir/USB_DEVICE/Target/usbd_conf.c.obj
                0x0800b0f6                USBD_LL_OpenEP
 .text.USBD_LL_CloseEP
                0x0800b142       0x3e CMakeFiles/STelescope.dir/USB_DEVICE/Target/usbd_conf.c.obj
                0x0800b142                USBD_LL_CloseEP
 .text.USBD_LL_StallEP
                0x0800b180       0x3e CMakeFiles/STelescope.dir/USB_DEVICE/Target/usbd_conf.c.obj
                0x0800b180                USBD_LL_StallEP
 .text.USBD_LL_ClearStallEP
                0x0800b1be       0x3e CMakeFiles/STelescope.dir/USB_DEVICE/Target/usbd_conf.c.obj
                0x0800b1be                USBD_LL_ClearStallEP
 .text.USBD_LL_IsStallEP
                0x0800b1fc       0x56 CMakeFiles/STelescope.dir/USB_DEVICE/Target/usbd_conf.c.obj
                0x0800b1fc                USBD_LL_IsStallEP
 .text.USBD_LL_SetUSBAddress
                0x0800b252       0x3e CMakeFiles/STelescope.dir/USB_DEVICE/Target/usbd_conf.c.obj
                0x0800b252                USBD_LL_SetUSBAddress
 .text.USBD_LL_Transmit
                0x0800b290       0x46 CMakeFiles/STelescope.dir/USB_DEVICE/Target/usbd_conf.c.obj
                0x0800b290                USBD_LL_Transmit
 .text.USBD_LL_PrepareReceive
                0x0800b2d6       0x46 CMakeFiles/STelescope.dir/USB_DEVICE/Target/usbd_conf.c.obj
                0x0800b2d6                USBD_LL_PrepareReceive
 .text.USBD_LL_GetRxDataSize
                0x0800b31c       0x26 CMakeFiles/STelescope.dir/USB_DEVICE/Target/usbd_conf.c.obj
                0x0800b31c                USBD_LL_GetRxDataSize
 *fill*         0x0800b342        0x2 
 .text.USBD_static_malloc
                0x0800b344       0x18 CMakeFiles/STelescope.dir/USB_DEVICE/Target/usbd_conf.c.obj
                0x0800b344                USBD_static_malloc
 .text.USBD_static_free
                0x0800b35c       0x12 CMakeFiles/STelescope.dir/USB_DEVICE/Target/usbd_conf.c.obj
                0x0800b35c                USBD_static_free
 .text.HAL_PCDEx_SetConnectionState
                0x0800b36e       0x16 CMakeFiles/STelescope.dir/USB_DEVICE/Target/usbd_conf.c.obj
                0x0800b36e                HAL_PCDEx_SetConnectionState
 .text.USBD_Get_USB_Status
                0x0800b384       0x58 CMakeFiles/STelescope.dir/USB_DEVICE/Target/usbd_conf.c.obj
 .text.MX_USB_DEVICE_Init
                0x0800b3dc       0x60 CMakeFiles/STelescope.dir/USB_DEVICE/App/usb_device.c.obj
                0x0800b3dc                MX_USB_DEVICE_Init
 .text.USBD_FS_DeviceDescriptor
                0x0800b43c       0x24 CMakeFiles/STelescope.dir/USB_DEVICE/App/usbd_desc.c.obj
                0x0800b43c                USBD_FS_DeviceDescriptor
 .text.USBD_FS_LangIDStrDescriptor
                0x0800b460       0x24 CMakeFiles/STelescope.dir/USB_DEVICE/App/usbd_desc.c.obj
                0x0800b460                USBD_FS_LangIDStrDescriptor
 .text.USBD_FS_ProductStrDescriptor
                0x0800b484       0x3c CMakeFiles/STelescope.dir/USB_DEVICE/App/usbd_desc.c.obj
                0x0800b484                USBD_FS_ProductStrDescriptor
 .text.USBD_FS_ManufacturerStrDescriptor
                0x0800b4c0       0x28 CMakeFiles/STelescope.dir/USB_DEVICE/App/usbd_desc.c.obj
                0x0800b4c0                USBD_FS_ManufacturerStrDescriptor
 .text.USBD_FS_SerialStrDescriptor
                0x0800b4e8       0x24 CMakeFiles/STelescope.dir/USB_DEVICE/App/usbd_desc.c.obj
                0x0800b4e8                USBD_FS_SerialStrDescriptor
 .text.USBD_FS_ConfigStrDescriptor
                0x0800b50c       0x3c CMakeFiles/STelescope.dir/USB_DEVICE/App/usbd_desc.c.obj
                0x0800b50c                USBD_FS_ConfigStrDescriptor
 .text.USBD_FS_InterfaceStrDescriptor
                0x0800b548       0x3c CMakeFiles/STelescope.dir/USB_DEVICE/App/usbd_desc.c.obj
                0x0800b548                USBD_FS_InterfaceStrDescriptor
 .text.Get_SerialNum
                0x0800b584       0x58 CMakeFiles/STelescope.dir/USB_DEVICE/App/usbd_desc.c.obj
 .text.IntToUnicode
                0x0800b5dc       0x7c CMakeFiles/STelescope.dir/USB_DEVICE/App/usbd_desc.c.obj
 .text.CDC_Init_FS
                0x0800b658       0x28 CMakeFiles/STelescope.dir/USB_DEVICE/App/usbd_cdc_if.c.obj
 .text.CDC_DeInit_FS
                0x0800b680        0xe CMakeFiles/STelescope.dir/USB_DEVICE/App/usbd_cdc_if.c.obj
 *fill*         0x0800b68e        0x2 
 .text.CDC_Control_FS
                0x0800b690      0x15c CMakeFiles/STelescope.dir/USB_DEVICE/App/usbd_cdc_if.c.obj
 .text.CDC_Receive_FS
                0x0800b7ec       0x28 CMakeFiles/STelescope.dir/USB_DEVICE/App/usbd_cdc_if.c.obj
 .text.CDC_Transmit_FS
                0x0800b814       0x4c CMakeFiles/STelescope.dir/USB_DEVICE/App/usbd_cdc_if.c.obj
                0x0800b814                CDC_Transmit_FS
 .text.main     0x0800b860      0x128 CMakeFiles/STelescope.dir/Core/Src/main.c.obj
                0x0800b860                main
 .text.SystemClock_Config
                0x0800b988       0xba CMakeFiles/STelescope.dir/Core/Src/main.c.obj
                0x0800b988                SystemClock_Config
 *fill*         0x0800ba42        0x2 
 .text.MX_I2C1_Init
                0x0800ba44       0x5c CMakeFiles/STelescope.dir/Core/Src/main.c.obj
                0x0800ba44                MX_I2C1_Init
 .text.MX_I2C2_Init
                0x0800baa0       0x5c CMakeFiles/STelescope.dir/Core/Src/main.c.obj
                0x0800baa0                MX_I2C2_Init
 .text.MX_RTC_Init
                0x0800bafc       0x38 CMakeFiles/STelescope.dir/Core/Src/main.c.obj
                0x0800bafc                MX_RTC_Init
 .text.MX_SPI1_Init
                0x0800bb34       0x6c CMakeFiles/STelescope.dir/Core/Src/main.c.obj
                0x0800bb34                MX_SPI1_Init
 .text.MX_SPI2_Init
                0x0800bba0       0x6c CMakeFiles/STelescope.dir/Core/Src/main.c.obj
                0x0800bba0                MX_SPI2_Init
 .text.MX_TIM2_Init
                0x0800bc0c       0xbc CMakeFiles/STelescope.dir/Core/Src/main.c.obj
 .text.MX_USART1_UART_Init
                0x0800bcc8       0x54 CMakeFiles/STelescope.dir/Core/Src/main.c.obj
 .text.MX_GPIO_Init
                0x0800bd1c      0x124 CMakeFiles/STelescope.dir/Core/Src/main.c.obj
 .text.HAL_I2C_MasterTxCpltCallback
                0x0800be40       0x2c CMakeFiles/STelescope.dir/Core/Src/main.c.obj
                0x0800be40                HAL_I2C_MasterTxCpltCallback
 .text.HAL_I2C_MasterRxCpltCallback
                0x0800be6c       0x2c CMakeFiles/STelescope.dir/Core/Src/main.c.obj
                0x0800be6c                HAL_I2C_MasterRxCpltCallback
 .text.HAL_SPI_TxCpltCallback
                0x0800be98       0x2c CMakeFiles/STelescope.dir/Core/Src/main.c.obj
                0x0800be98                HAL_SPI_TxCpltCallback
 .text.HAL_SPI_TxRxCpltCallback
                0x0800bec4       0x2c CMakeFiles/STelescope.dir/Core/Src/main.c.obj
                0x0800bec4                HAL_SPI_TxRxCpltCallback
 .text.step     0x0800bef0       0x38 CMakeFiles/STelescope.dir/Core/Src/main.c.obj
                0x0800bef0                step
 .text.Error_Handler
                0x0800bf28        0xc CMakeFiles/STelescope.dir/Core/Src/main.c.obj
                0x0800bf28                Error_Handler
 .text.NMI_Handler
                0x0800bf34        0x8 CMakeFiles/STelescope.dir/Core/Src/stm32f1xx_it.c.obj
                0x0800bf34                NMI_Handler
 .text.HardFault_Handler
                0x0800bf3c        0x8 CMakeFiles/STelescope.dir/Core/Src/stm32f1xx_it.c.obj
                0x0800bf3c                HardFault_Handler
 .text.MemManage_Handler
                0x0800bf44        0x8 CMakeFiles/STelescope.dir/Core/Src/stm32f1xx_it.c.obj
                0x0800bf44                MemManage_Handler
 .text.BusFault_Handler
                0x0800bf4c        0x8 CMakeFiles/STelescope.dir/Core/Src/stm32f1xx_it.c.obj
                0x0800bf4c                BusFault_Handler
 .text.UsageFault_Handler
                0x0800bf54        0x8 CMakeFiles/STelescope.dir/Core/Src/stm32f1xx_it.c.obj
                0x0800bf54                UsageFault_Handler
 .text.SVC_Handler
                0x0800bf5c        0xc CMakeFiles/STelescope.dir/Core/Src/stm32f1xx_it.c.obj
                0x0800bf5c                SVC_Handler
 .text.DebugMon_Handler
                0x0800bf68        0xc CMakeFiles/STelescope.dir/Core/Src/stm32f1xx_it.c.obj
                0x0800bf68                DebugMon_Handler
 .text.PendSV_Handler
                0x0800bf74        0xc CMakeFiles/STelescope.dir/Core/Src/stm32f1xx_it.c.obj
                0x0800bf74                PendSV_Handler
 .text.SysTick_Handler
                0x0800bf80        0xc CMakeFiles/STelescope.dir/Core/Src/stm32f1xx_it.c.obj
                0x0800bf80                SysTick_Handler
 .text.USB_LP_CAN1_RX0_IRQHandler
                0x0800bf8c       0x14 CMakeFiles/STelescope.dir/Core/Src/stm32f1xx_it.c.obj
                0x0800bf8c                USB_LP_CAN1_RX0_IRQHandler
 .text.TIM2_IRQHandler
                0x0800bfa0       0x18 CMakeFiles/STelescope.dir/Core/Src/stm32f1xx_it.c.obj
                0x0800bfa0                TIM2_IRQHandler
 .text.I2C1_EV_IRQHandler
                0x0800bfb8       0x14 CMakeFiles/STelescope.dir/Core/Src/stm32f1xx_it.c.obj
                0x0800bfb8                I2C1_EV_IRQHandler
 .text.I2C1_ER_IRQHandler
                0x0800bfcc       0x14 CMakeFiles/STelescope.dir/Core/Src/stm32f1xx_it.c.obj
                0x0800bfcc                I2C1_ER_IRQHandler
 .text.I2C2_EV_IRQHandler
                0x0800bfe0       0x14 CMakeFiles/STelescope.dir/Core/Src/stm32f1xx_it.c.obj
                0x0800bfe0                I2C2_EV_IRQHandler
 .text.I2C2_ER_IRQHandler
                0x0800bff4       0x14 CMakeFiles/STelescope.dir/Core/Src/stm32f1xx_it.c.obj
                0x0800bff4                I2C2_ER_IRQHandler
 .text.SPI1_IRQHandler
                0x0800c008       0x14 CMakeFiles/STelescope.dir/Core/Src/stm32f1xx_it.c.obj
                0x0800c008                SPI1_IRQHandler
 .text.SPI2_IRQHandler
                0x0800c01c       0x14 CMakeFiles/STelescope.dir/Core/Src/stm32f1xx_it.c.obj
                0x0800c01c                SPI2_IRQHandler
 .text.HAL_MspInit
                0x0800c030       0x64 CMakeFiles/STelescope.dir/Core/Src/stm32f1xx_hal_msp.c.obj
                0x0800c030                HAL_MspInit
 .text.HAL_I2C_MspInit
                0x0800c094      0x118 CMakeFiles/STelescope.dir/Core/Src/stm32f1xx_hal_msp.c.obj
                0x0800c094                HAL_I2C_MspInit
 .text.HAL_RTC_MspInit
                0x0800c1ac       0x48 CMakeFiles/STelescope.dir/Core/Src/stm32f1xx_hal_msp.c.obj
                0x0800c1ac                HAL_RTC_MspInit
 .text.HAL_SPI_MspInit
                0x0800c1f4      0x114 CMakeFiles/STelescope.dir/Core/Src/stm32f1xx_hal_msp.c.obj
                0x0800c1f4                HAL_SPI_MspInit
 .text.HAL_TIM_Base_MspInit
                0x0800c308       0x48 CMakeFiles/STelescope.dir/Core/Src/stm32f1xx_hal_msp.c.obj
                0x0800c308                HAL_TIM_Base_MspInit
 .text.HAL_UART_MspInit
                0x0800c350       0x98 CMakeFiles/STelescope.dir/Core/Src/stm32f1xx_hal_msp.c.obj
                0x0800c350                HAL_UART_MspInit
 .text._sbrk    0x0800c3e8       0x6c CMakeFiles/STelescope.dir/Core/Src/sysmem.c.obj
                0x0800c3e8                _sbrk
 .text._read    0x0800c454       0x3a CMakeFiles/STelescope.dir/Core/Src/syscalls.c.obj
                0x0800c454                _read
 .text._write   0x0800c48e       0x38 CMakeFiles/STelescope.dir/Core/Src/syscalls.c.obj
                0x0800c48e                _write
 .text._close   0x0800c4c6       0x16 CMakeFiles/STelescope.dir/Core/Src/syscalls.c.obj
                0x0800c4c6                _close
 .text._fstat   0x0800c4dc       0x1e CMakeFiles/STelescope.dir/Core/Src/syscalls.c.obj
                0x0800c4dc                _fstat
 .text._isatty  0x0800c4fa       0x14 CMakeFiles/STelescope.dir/Core/Src/syscalls.c.obj
                0x0800c4fa                _isatty
 .text._lseek   0x0800c50e       0x18 CMakeFiles/STelescope.dir/Core/Src/syscalls.c.obj
                0x0800c50e                _lseek
 *fill*         0x0800c526        0x2 
 .text.Reset_Handler
                0x0800c528       0x48 CMakeFiles/STelescope.dir/startup_stm32f103xb.s.obj
                0x0800c528                Reset_Handler
 .text.Default_Handler
                0x0800c570        0x2 CMakeFiles/STelescope.dir/startup_stm32f103xb.s.obj
                0x0800c570                RTC_Alarm_IRQHandler
                0x0800c570                EXTI2_IRQHandler
                0x0800c570                TIM1_CC_IRQHandler
                0x0800c570                PVD_IRQHandler
                0x0800c570                EXTI3_IRQHandler
                0x0800c570                EXTI0_IRQHandler
                0x0800c570                ADC1_2_IRQHandler
                0x0800c570                TAMPER_IRQHandler
                0x0800c570                DMA1_Channel4_IRQHandler
                0x0800c570                USART3_IRQHandler
                0x0800c570                RTC_IRQHandler
                0x0800c570                DMA1_Channel7_IRQHandler
                0x0800c570                CAN1_RX1_IRQHandler
                0x0800c570                TIM4_IRQHandler
                0x0800c570                DMA1_Channel6_IRQHandler
                0x0800c570                TIM3_IRQHandler
                0x0800c570                RCC_IRQHandler
                0x0800c570                TIM1_TRG_COM_IRQHandler
                0x0800c570                DMA1_Channel1_IRQHandler
                0x0800c570                Default_Handler
                0x0800c570                EXTI15_10_IRQHandler
                0x0800c570                EXTI9_5_IRQHandler
                0x0800c570                DMA1_Channel5_IRQHandler
                0x0800c570                EXTI4_IRQHandler
                0x0800c570                USB_HP_CAN1_TX_IRQHandler
                0x0800c570                DMA1_Channel3_IRQHandler
                0x0800c570                TIM1_UP_IRQHandler
                0x0800c570                WWDG_IRQHandler
                0x0800c570                TIM1_BRK_IRQHandler
                0x0800c570                EXTI1_IRQHandler
                0x0800c570                USART2_IRQHandler
                0x0800c570                DMA1_Channel2_IRQHandler
                0x0800c570                CAN1_SCE_IRQHandler
                0x0800c570                FLASH_IRQHandler
                0x0800c570                USART1_IRQHandler
                0x0800c570                USBWakeUp_IRQHandler
 *fill*         0x0800c572        0x2 
 .text.populate_accelerometer_tx_buff
                0x0800c574       0x5c CMakeFiles/STelescope.dir/Core/Src/accelerometer.c.obj
                0x0800c574                populate_accelerometer_tx_buff
 .text.init_accelerometer
                0x0800c5d0       0xec CMakeFiles/STelescope.dir/Core/Src/accelerometer.c.obj
                0x0800c5d0                init_accelerometer
 .text.dacq_accelerometer
                0x0800c6bc       0x3c CMakeFiles/STelescope.dir/Core/Src/accelerometer.c.obj
                0x0800c6bc                dacq_accelerometer
 .text.set_accelerometer_read
                0x0800c6f8       0x34 CMakeFiles/STelescope.dir/Core/Src/accelerometer.c.obj
                0x0800c6f8                set_accelerometer_read
 .text.drdy_accelerometer_cb
                0x0800c72c       0xa4 CMakeFiles/STelescope.dir/Core/Src/accelerometer.c.obj
                0x0800c72c                drdy_accelerometer_cb
 .text.get_accelerometer_data
                0x0800c7d0       0x14 CMakeFiles/STelescope.dir/Core/Src/accelerometer.c.obj
                0x0800c7d0                get_accelerometer_data
 .text.populate_compass_tx_buff
                0x0800c7e4       0x5c CMakeFiles/STelescope.dir/Core/Src/compass.c.obj
                0x0800c7e4                populate_compass_tx_buff
 .text.init_compass
                0x0800c840       0xc4 CMakeFiles/STelescope.dir/Core/Src/compass.c.obj
                0x0800c840                init_compass
 .text.dacq_compass
                0x0800c904       0x3c CMakeFiles/STelescope.dir/Core/Src/compass.c.obj
                0x0800c904                dacq_compass
 .text.set_compass_read
                0x0800c940       0x34 CMakeFiles/STelescope.dir/Core/Src/compass.c.obj
                0x0800c940                set_compass_read
 .text.drdy_compass_cb
                0x0800c974      0x1a0 CMakeFiles/STelescope.dir/Core/Src/compass.c.obj
                0x0800c974                drdy_compass_cb
 .text.get_compass_data
                0x0800cb14       0x14 CMakeFiles/STelescope.dir/Core/Src/compass.c.obj
                0x0800cb14                get_compass_data
 .text.populate_display_tx_buff
                0x0800cb28       0x5c CMakeFiles/STelescope.dir/Core/Src/display.c.obj
                0x0800cb28                populate_display_tx_buff
 .text.set_display_read
                0x0800cb84       0x30 CMakeFiles/STelescope.dir/Core/Src/display.c.obj
                0x0800cb84                set_display_read
 .text.reset_display
                0x0800cbb4       0x50 CMakeFiles/STelescope.dir/Core/Src/display.c.obj
                0x0800cbb4                reset_display
 .text.write_command
                0x0800cc04       0x48 CMakeFiles/STelescope.dir/Core/Src/display.c.obj
                0x0800cc04                write_command
 .text.write_data
                0x0800cc4c       0x48 CMakeFiles/STelescope.dir/Core/Src/display.c.obj
                0x0800cc4c                write_data
 .text.write_data16
                0x0800cc94       0x5c CMakeFiles/STelescope.dir/Core/Src/display.c.obj
                0x0800cc94                write_data16
 .text.draw_post_init
                0x0800ccf0       0xc8 CMakeFiles/STelescope.dir/Core/Src/display.c.obj
                0x0800ccf0                draw_post_init
 .text.init_display
                0x0800cdb8       0xe8 CMakeFiles/STelescope.dir/Core/Src/display.c.obj
                0x0800cdb8                init_display
 .text.get_transaction_handle
                0x0800cea0       0x60 CMakeFiles/STelescope.dir/Core/Src/peripheral.c.obj
                0x0800cea0                get_transaction_handle
 .text.rtx_spi  0x0800cf00      0x120 CMakeFiles/STelescope.dir/Core/Src/peripheral.c.obj
                0x0800cf00                rtx_spi
 .text.rtx_spi_cb
                0x0800d020       0x74 CMakeFiles/STelescope.dir/Core/Src/peripheral.c.obj
                0x0800d020                rtx_spi_cb
 .text.rtx_i2c  0x0800d094       0x88 CMakeFiles/STelescope.dir/Core/Src/peripheral.c.obj
                0x0800d094                rtx_i2c
 .text.rtx_i2c_cb
                0x0800d11c       0xbc CMakeFiles/STelescope.dir/Core/Src/peripheral.c.obj
                0x0800d11c                rtx_i2c_cb
 .text.init_stepper
                0x0800d1d8      0x214 CMakeFiles/STelescope.dir/Core/Src/stepper.c.obj
                0x0800d1d8                init_stepper
 .text.get_microstep_mode
                0x0800d3ec       0x18 CMakeFiles/STelescope.dir/Core/Src/stepper.c.obj
                0x0800d3ec                get_microstep_mode
 .text.get_stepper_state
                0x0800d404       0x18 CMakeFiles/STelescope.dir/Core/Src/stepper.c.obj
                0x0800d404                get_stepper_state
 .text.get_stepper_position
                0x0800d41c       0x2c CMakeFiles/STelescope.dir/Core/Src/stepper.c.obj
                0x0800d41c                get_stepper_position
 .text.set_update_freq
                0x0800d448       0x20 CMakeFiles/STelescope.dir/Core/Src/stepper.c.obj
                0x0800d448                set_update_freq
 .text.set_microstep_mode
                0x0800d468      0x104 CMakeFiles/STelescope.dir/Core/Src/stepper.c.obj
                0x0800d468                set_microstep_mode
 .text.set_stepper_state
                0x0800d56c       0x20 CMakeFiles/STelescope.dir/Core/Src/stepper.c.obj
                0x0800d56c                set_stepper_state
 .text.set_stepper_position
                0x0800d58c       0x30 CMakeFiles/STelescope.dir/Core/Src/stepper.c.obj
                0x0800d58c                set_stepper_position
 .text.set_stepper_rate
                0x0800d5bc      0x1a0 CMakeFiles/STelescope.dir/Core/Src/stepper.c.obj
                0x0800d5bc                set_stepper_rate
 .text.increment_tick
                0x0800d75c      0x218 CMakeFiles/STelescope.dir/Core/Src/stepper.c.obj
                0x0800d75c                increment_tick
 .text.step_axis
                0x0800d974       0x90 CMakeFiles/STelescope.dir/Core/Src/stepper.c.obj
                0x0800d974                step_axis
 .text.get_stepper_flags
                0x0800da04       0x2c CMakeFiles/STelescope.dir/Core/Src/stepper.c.obj
                0x0800da04                get_stepper_flags
 .text.home     0x0800da30      0x5e8 CMakeFiles/STelescope.dir/Core/Src/mobility.c.obj
                0x0800da30                home
 .text.printf   0x0800e018       0x24 D:/ST/STM32CubeCLT_1.18.0/GNU-tools-for-STM32/bin/../lib/gcc/arm-none-eabi/13.3.1/../../../../arm-none-eabi/lib/thumb/v7-m/nofp\libg_nano.a(libc_a-printf.o)
                0x0800e018                iprintf
                0x0800e018                printf
 .text.putchar  0x0800e03c       0x10 D:/ST/STM32CubeCLT_1.18.0/GNU-tools-for-STM32/bin/../lib/gcc/arm-none-eabi/13.3.1/../../../../arm-none-eabi/lib/thumb/v7-m/nofp\libg_nano.a(libc_a-putchar.o)
                0x0800e03c                putchar
 .text.snprintf
                0x0800e04c       0x6c D:/ST/STM32CubeCLT_1.18.0/GNU-tools-for-STM32/bin/../lib/gcc/arm-none-eabi/13.3.1/../../../../arm-none-eabi/lib/thumb/v7-m/nofp\libg_nano.a(libc_a-snprintf.o)
                0x0800e04c                sniprintf
                0x0800e04c                snprintf
 .text.__errno  0x0800e0b8        0xc D:/ST/STM32CubeCLT_1.18.0/GNU-tools-for-STM32/bin/../lib/gcc/arm-none-eabi/13.3.1/../../../../arm-none-eabi/lib/thumb/v7-m/nofp\libg_nano.a(libc_a-errno.o)
                0x0800e0b8                __errno
 .text.__ssputs_r
                0x0800e0c4       0xb6 D:/ST/STM32CubeCLT_1.18.0/GNU-tools-for-STM32/bin/../lib/gcc/arm-none-eabi/13.3.1/../../../../arm-none-eabi/lib/thumb/v7-m/nofp\libg_nano.a(libc_a-nano-svfprintf.o)
                0x0800e0c4                __ssputs_r
 *fill*         0x0800e17a        0x2 
 .text._svfprintf_r
                0x0800e17c      0x1f8 D:/ST/STM32CubeCLT_1.18.0/GNU-tools-for-STM32/bin/../lib/gcc/arm-none-eabi/13.3.1/../../../../arm-none-eabi/lib/thumb/v7-m/nofp\libg_nano.a(libc_a-nano-svfprintf.o)
                0x0800e17c                _svfiprintf_r
                0x0800e17c                _svfprintf_r
 .text.__sfputc_r
                0x0800e374       0x2a D:/ST/STM32CubeCLT_1.18.0/GNU-tools-for-STM32/bin/../lib/gcc/arm-none-eabi/13.3.1/../../../../arm-none-eabi/lib/thumb/v7-m/nofp\libg_nano.a(libc_a-nano-vfprintf.o)
 .text.__sfputs_r
                0x0800e39e       0x24 D:/ST/STM32CubeCLT_1.18.0/GNU-tools-for-STM32/bin/../lib/gcc/arm-none-eabi/13.3.1/../../../../arm-none-eabi/lib/thumb/v7-m/nofp\libg_nano.a(libc_a-nano-vfprintf.o)
                0x0800e39e                __sfputs_r
 *fill*         0x0800e3c2        0x2 
 .text._vfprintf_r
                0x0800e3c4      0x230 D:/ST/STM32CubeCLT_1.18.0/GNU-tools-for-STM32/bin/../lib/gcc/arm-none-eabi/13.3.1/../../../../arm-none-eabi/lib/thumb/v7-m/nofp\libg_nano.a(libc_a-nano-vfprintf.o)
                0x0800e3c4                _vfprintf_r
                0x0800e3c4                _vfiprintf_r
 .text._printf_common
                0x0800e5f4       0xe4 D:/ST/STM32CubeCLT_1.18.0/GNU-tools-for-STM32/bin/../lib/gcc/arm-none-eabi/13.3.1/../../../../arm-none-eabi/lib/thumb/v7-m/nofp\libg_nano.a(libc_a-nano-vfprintf_i.o)
                0x0800e5f4                _printf_common
 .text._printf_i
                0x0800e6d8      0x23c D:/ST/STM32CubeCLT_1.18.0/GNU-tools-for-STM32/bin/../lib/gcc/arm-none-eabi/13.3.1/../../../../arm-none-eabi/lib/thumb/v7-m/nofp\libg_nano.a(libc_a-nano-vfprintf_i.o)
                0x0800e6d8                _printf_i
 .text._putc_r  0x0800e914       0x68 D:/ST/STM32CubeCLT_1.18.0/GNU-tools-for-STM32/bin/../lib/gcc/arm-none-eabi/13.3.1/../../../../arm-none-eabi/lib/thumb/v7-m/nofp\libg_nano.a(libc_a-putc.o)
                0x0800e914                _putc_r
 .text.__swbuf_r
                0x0800e97c       0x7c D:/ST/STM32CubeCLT_1.18.0/GNU-tools-for-STM32/bin/../lib/gcc/arm-none-eabi/13.3.1/../../../../arm-none-eabi/lib/thumb/v7-m/nofp\libg_nano.a(libc_a-wbuf.o)
                0x0800e97c                __swbuf_r
 .text.__swsetup_r
                0x0800e9f8       0xac D:/ST/STM32CubeCLT_1.18.0/GNU-tools-for-STM32/bin/../lib/gcc/arm-none-eabi/13.3.1/../../../../arm-none-eabi/lib/thumb/v7-m/nofp\libg_nano.a(libc_a-wsetup.o)
                0x0800e9f8                __swsetup_r
 .text.memmove  0x0800eaa4       0x34 D:/ST/STM32CubeCLT_1.18.0/GNU-tools-for-STM32/bin/../lib/gcc/arm-none-eabi/13.3.1/../../../../arm-none-eabi/lib/thumb/v7-m/nofp\libg_nano.a(libc_a-memmove.o)
                0x0800eaa4                memmove
 .text.memchr   0x0800ead8       0x1c D:/ST/STM32CubeCLT_1.18.0/GNU-tools-for-STM32/bin/../lib/gcc/arm-none-eabi/13.3.1/../../../../arm-none-eabi/lib/thumb/v7-m/nofp\libg_nano.a(libc_a-memchr-stub.o)
                0x0800ead8                memchr
 .text.memcpy   0x0800eaf4       0x1c D:/ST/STM32CubeCLT_1.18.0/GNU-tools-for-STM32/bin/../lib/gcc/arm-none-eabi/13.3.1/../../../../arm-none-eabi/lib/thumb/v7-m/nofp\libg_nano.a(libc_a-memcpy-stub.o)
                0x0800eaf4                memcpy
 .text._realloc_r
                0x0800eb10       0x5c D:/ST/STM32CubeCLT_1.18.0/GNU-tools-for-STM32/bin/../lib/gcc/arm-none-eabi/13.3.1/../../../../arm-none-eabi/lib/thumb/v7-m/nofp\libg_nano.a(libc_a-reallocr.o)
                0x0800eb10                _realloc_r
 .text.__swhatbuf_r
                0x0800eb6c       0x4a D:/ST/STM32CubeCLT_1.18.0/GNU-tools-for-STM32/bin/../lib/gcc/arm-none-eabi/13.3.1/../../../../arm-none-eabi/lib/thumb/v7-m/nofp\libg_nano.a(libc_a-makebuf.o)
                0x0800eb6c                __swhatbuf_r
 .text.__smakebuf_r
                0x0800ebb6       0x78 D:/ST/STM32CubeCLT_1.18.0/GNU-tools-for-STM32/bin/../lib/gcc/arm-none-eabi/13.3.1/../../../../arm-none-eabi/lib/thumb/v7-m/nofp\libg_nano.a(libc_a-makebuf.o)
                0x0800ebb6                __smakebuf_r
 *fill*         0x0800ec2e        0x2 
 .text._fstat_r
                0x0800ec30       0x24 D:/ST/STM32CubeCLT_1.18.0/GNU-tools-for-STM32/bin/../lib/gcc/arm-none-eabi/13.3.1/../../../../arm-none-eabi/lib/thumb/v7-m/nofp\libg_nano.a(libc_a-fstatr.o)
                0x0800ec30                _fstat_r
 .text._isatty_r
                0x0800ec54       0x20 D:/ST/STM32CubeCLT_1.18.0/GNU-tools-for-STM32/bin/../lib/gcc/arm-none-eabi/13.3.1/../../../../arm-none-eabi/lib/thumb/v7-m/nofp\libg_nano.a(libc_a-isattyr.o)
                0x0800ec54                _isatty_r
 .text._malloc_usable_size_r
                0x0800ec74       0x10 D:/ST/STM32CubeCLT_1.18.0/GNU-tools-for-STM32/bin/../lib/gcc/arm-none-eabi/13.3.1/../../../../arm-none-eabi/lib/thumb/v7-m/nofp\libg_nano.a(libc_a-msizer.o)
                0x0800ec74                _malloc_usable_size_r
 *(.glue_7)
 .glue_7        0x0800ec84        0x0 linker stubs
 *(.glue_7t)
 .glue_7t       0x0800ec84        0x0 linker stubs
 *(.eh_frame)
 .eh_frame      0x0800ec84        0x0 D:/ST/STM32CubeCLT_1.18.0/GNU-tools-for-STM32/bin/../lib/gcc/arm-none-eabi/13.3.1/thumb/v7-m/nofp/crtbegin.o
 *(.init)
 .init          0x0800ec84        0x4 D:/ST/STM32CubeCLT_1.18.0/GNU-tools-for-STM32/bin/../lib/gcc/arm-none-eabi/13.3.1/thumb/v7-m/nofp/crti.o
                0x0800ec84                _init
 .init          0x0800ec88        0x8 D:/ST/STM32CubeCLT_1.18.0/GNU-tools-for-STM32/bin/../lib/gcc/arm-none-eabi/13.3.1/thumb/v7-m/nofp/crtn.o
 *(.fini)
 .fini          0x0800ec90        0x4 D:/ST/STM32CubeCLT_1.18.0/GNU-tools-for-STM32/bin/../lib/gcc/arm-none-eabi/13.3.1/thumb/v7-m/nofp/crti.o
                0x0800ec90                _fini
 .fini          0x0800ec94        0x8 D:/ST/STM32CubeCLT_1.18.0/GNU-tools-for-STM32/bin/../lib/gcc/arm-none-eabi/13.3.1/thumb/v7-m/nofp/crtn.o
                0x0800ec9c                        . = ALIGN (0x4)
                0x0800ec9c                        _etext = .

.vfp11_veneer   0x0800ec9c        0x0
 .vfp11_veneer  0x0800ec9c        0x0 linker stubs

.v4_bx          0x0800ec9c        0x0
 .v4_bx         0x0800ec9c        0x0 linker stubs

.iplt           0x0800ec9c        0x0
 .iplt          0x0800ec9c        0x0 D:/ST/STM32CubeCLT_1.18.0/GNU-tools-for-STM32/bin/../lib/gcc/arm-none-eabi/13.3.1/thumb/v7-m/nofp/crtbegin.o

.rodata         0x0800ec9c      0x1e4
                0x0800ec9c                        . = ALIGN (0x4)
 *(.rodata)
 .rodata        0x0800ec9c       0x35 cmake/stm32cubemx/CMakeFiles/USB_Device_Library.dir/__/__/Middlewares/ST/STM32_USB_Device_Library/Core/Src/usbd_core.c.obj
 *fill*         0x0800ecd1        0x3 
 .rodata        0x0800ecd4       0x46 CMakeFiles/STelescope.dir/USB_DEVICE/App/usbd_desc.c.obj
 *fill*         0x0800ed1a        0x2 
 .rodata        0x0800ed1c        0xf CMakeFiles/STelescope.dir/Core/Src/main.c.obj
 *(.rodata*)
 *fill*         0x0800ed2b        0x1 
 .rodata.AHBPrescTable
                0x0800ed2c       0x10 cmake/stm32cubemx/CMakeFiles/STM32_Drivers.dir/__/__/Core/Src/system_stm32f1xx.c.obj
                0x0800ed2c                AHBPrescTable
 .rodata.APBPrescTable
                0x0800ed3c        0x8 cmake/stm32cubemx/CMakeFiles/STM32_Drivers.dir/__/__/Core/Src/system_stm32f1xx.c.obj
                0x0800ed3c                APBPrescTable
 .rodata.aPLLMULFactorTable.1
                0x0800ed44       0x10 cmake/stm32cubemx/CMakeFiles/STM32_Drivers.dir/__/__/Drivers/STM32F1xx_HAL_Driver/Src/stm32f1xx_hal_rcc.c.obj
 .rodata.aPredivFactorTable.0
                0x0800ed54        0x2 cmake/stm32cubemx/CMakeFiles/STM32_Drivers.dir/__/__/Drivers/STM32F1xx_HAL_Driver/Src/stm32f1xx_hal_rcc.c.obj
 *fill*         0x0800ed56        0x2 
 .rodata.aPLLMULFactorTable.1
                0x0800ed58       0x10 cmake/stm32cubemx/CMakeFiles/STM32_Drivers.dir/__/__/Drivers/STM32F1xx_HAL_Driver/Src/stm32f1xx_hal_rcc_ex.c.obj
 .rodata.aPredivFactorTable.0
                0x0800ed68        0x2 cmake/stm32cubemx/CMakeFiles/STM32_Drivers.dir/__/__/Drivers/STM32F1xx_HAL_Driver/Src/stm32f1xx_hal_rcc_ex.c.obj
 *fill*         0x0800ed6a        0x2 
 .rodata.initcmd
                0x0800ed6c       0xe0 CMakeFiles/STelescope.dir/Core/Src/display.c.obj
 .rodata._svfprintf_r.str1.1
                0x0800ee4c       0x33 D:/ST/STM32CubeCLT_1.18.0/GNU-tools-for-STM32/bin/../lib/gcc/arm-none-eabi/13.3.1/../../../../arm-none-eabi/lib/thumb/v7-m/nofp\libg_nano.a(libc_a-nano-svfprintf.o)
                                 0x11 (size before relaxing)
 .rodata._vfprintf_r.str1.1
                0x0800ee7f       0x11 D:/ST/STM32CubeCLT_1.18.0/GNU-tools-for-STM32/bin/../lib/gcc/arm-none-eabi/13.3.1/../../../../arm-none-eabi/lib/thumb/v7-m/nofp\libg_nano.a(libc_a-nano-vfprintf.o)
 .rodata._printf_i.str1.1
                0x0800ee7f       0x22 D:/ST/STM32CubeCLT_1.18.0/GNU-tools-for-STM32/bin/../lib/gcc/arm-none-eabi/13.3.1/../../../../arm-none-eabi/lib/thumb/v7-m/nofp\libg_nano.a(libc_a-nano-vfprintf_i.o)
                0x0800eea4                        . = ALIGN (0x4)
 *fill*         0x0800ee7f        0x1 

.ARM.extab      0x0800ee80        0x0
                0x0800ee80                        . = ALIGN (0x4)
 *(.ARM.extab* .gnu.linkonce.armextab.*)
                0x0800ee80                        . = ALIGN (0x4)

.ARM            0x0800ee80        0x0
                0x0800ee80                        . = ALIGN (0x4)
                0x0800ee80                        __exidx_start = .
 *(.ARM.exidx*)
                0x0800ee80                        __exidx_end = .
                0x0800ee80                        . = ALIGN (0x4)

.preinit_array  0x0800ee80        0x0
                0x0800ee80                        . = ALIGN (0x4)
                0x0800ee80                        PROVIDE (__preinit_array_start = .)
 *(.preinit_array*)
                0x0800ee80                        PROVIDE (__preinit_array_end = .)
                0x0800ee80                        . = ALIGN (0x4)

.init_array     0x0800ee80        0x4
                0x0800ee80                        . = ALIGN (0x4)
                0x0800ee80                        PROVIDE (__init_array_start = .)
 *(SORT_BY_NAME(.init_array.*))
 *(.init_array*)
 .init_array    0x0800ee80        0x4 D:/ST/STM32CubeCLT_1.18.0/GNU-tools-for-STM32/bin/../lib/gcc/arm-none-eabi/13.3.1/thumb/v7-m/nofp/crtbegin.o
                0x0800ee84                        PROVIDE (__init_array_end = .)
                0x0800ee84                        . = ALIGN (0x4)

.fini_array     0x0800ee84        0x4
                0x0800ee84                        . = ALIGN (0x4)
                [!provide]                        PROVIDE (__fini_array_start = .)
 *(SORT_BY_NAME(.fini_array.*))
 *(.fini_array*)
 .fini_array    0x0800ee84        0x4 D:/ST/STM32CubeCLT_1.18.0/GNU-tools-for-STM32/bin/../lib/gcc/arm-none-eabi/13.3.1/thumb/v7-m/nofp/crtbegin.o
                [!provide]                        PROVIDE (__fini_array_end = .)
                0x0800ee88                        . = ALIGN (0x4)
                0x0800ee88                        _sidata = LOADADDR (.data)

.rel.dyn        0x0800ee88        0x0
 .rel.iplt      0x0800ee88        0x0 D:/ST/STM32CubeCLT_1.18.0/GNU-tools-for-STM32/bin/../lib/gcc/arm-none-eabi/13.3.1/thumb/v7-m/nofp/crtbegin.o

.data           0x20000000      0x1e0 load address 0x0800ee88
                0x20000000                        . = ALIGN (0x4)
                0x20000000                        _sdata = .
 *(.data)
 *(.data*)
 .data.__sglue  0x20000000        0xc D:/ST/STM32CubeCLT_1.18.0/GNU-tools-for-STM32/bin/../lib/gcc/arm-none-eabi/13.3.1/../../../../arm-none-eabi/lib/thumb/v7-m/nofp\libc_nano.a(libc_a-findfp.o)
                0x20000000                __sglue
 .data._impure_ptr
                0x2000000c        0x4 D:/ST/STM32CubeCLT_1.18.0/GNU-tools-for-STM32/bin/../lib/gcc/arm-none-eabi/13.3.1/../../../../arm-none-eabi/lib/thumb/v7-m/nofp\libc_nano.a(libc_a-impure.o)
                0x2000000c                _impure_ptr
 .data._impure_data
                0x20000010       0x4c D:/ST/STM32CubeCLT_1.18.0/GNU-tools-for-STM32/bin/../lib/gcc/arm-none-eabi/13.3.1/../../../../arm-none-eabi/lib/thumb/v7-m/nofp\libc_nano.a(libc_a-impure.o)
                0x20000010                _impure_data
 .data.SystemCoreClock
                0x2000005c        0x4 cmake/stm32cubemx/CMakeFiles/STM32_Drivers.dir/__/__/Core/Src/system_stm32f1xx.c.obj
                0x2000005c                SystemCoreClock
 .data.uwTickPrio
                0x20000060        0x4 cmake/stm32cubemx/CMakeFiles/STM32_Drivers.dir/__/__/Drivers/STM32F1xx_HAL_Driver/Src/stm32f1xx_hal.c.obj
                0x20000060                uwTickPrio
 .data.uwTickFreq
                0x20000064        0x1 cmake/stm32cubemx/CMakeFiles/STM32_Drivers.dir/__/__/Drivers/STM32F1xx_HAL_Driver/Src/stm32f1xx_hal.c.obj
                0x20000064                uwTickFreq
 *fill*         0x20000065        0x3 
 .data.USBD_CDC_DeviceQualifierDesc
                0x20000068        0xa cmake/stm32cubemx/CMakeFiles/USB_Device_Library.dir/__/__/Middlewares/ST/STM32_USB_Device_Library/Class/CDC/Src/usbd_cdc.c.obj
 *fill*         0x20000072        0x2 
 .data.USBD_CDC
                0x20000074       0x38 cmake/stm32cubemx/CMakeFiles/USB_Device_Library.dir/__/__/Middlewares/ST/STM32_USB_Device_Library/Class/CDC/Src/usbd_cdc.c.obj
                0x20000074                USBD_CDC
 .data.USBD_CDC_CfgHSDesc
                0x200000ac       0x43 cmake/stm32cubemx/CMakeFiles/USB_Device_Library.dir/__/__/Middlewares/ST/STM32_USB_Device_Library/Class/CDC/Src/usbd_cdc.c.obj
                0x200000ac                USBD_CDC_CfgHSDesc
 *fill*         0x200000ef        0x1 
 .data.USBD_CDC_CfgFSDesc
                0x200000f0       0x43 cmake/stm32cubemx/CMakeFiles/USB_Device_Library.dir/__/__/Middlewares/ST/STM32_USB_Device_Library/Class/CDC/Src/usbd_cdc.c.obj
                0x200000f0                USBD_CDC_CfgFSDesc
 *fill*         0x20000133        0x1 
 .data.USBD_CDC_OtherSpeedCfgDesc
                0x20000134       0x43 cmake/stm32cubemx/CMakeFiles/USB_Device_Library.dir/__/__/Middlewares/ST/STM32_USB_Device_Library/Class/CDC/Src/usbd_cdc.c.obj
                0x20000134                USBD_CDC_OtherSpeedCfgDesc
 *fill*         0x20000177        0x1 
 .data.FS_Desc  0x20000178       0x1c CMakeFiles/STelescope.dir/USB_DEVICE/App/usbd_desc.c.obj
                0x20000178                FS_Desc
 .data.USBD_FS_DeviceDesc