Archive member included to satisfy reference by file (symbol)

D:/ST/STM32CubeCLT_1.18.0/GNU-tools-for-STM32/bin/../lib/gcc/arm-none-eabi/13.3.1/../../../../arm-none-eabi/lib/thumb/v7-m/nofp\libc_nano.a(libc_a-exit.o)
                              D:/ST/STM32CubeCLT_1.18.0/GNU-tools-for-STM32/bin/../lib/gcc/arm-none-eabi/13.3.1/../../../../arm-none-eabi/lib/thumb/v7-m/nofp/crt0.o (exit)
D:/ST/STM32CubeCLT_1.18.0/GNU-tools-for-STM32/bin/../lib/gcc/arm-none-eabi/13.3.1/../../../../arm-none-eabi/lib/thumb/v7-m/nofp\libc_nano.a(libc_a-findfp.o)
                              D:/ST/STM32CubeCLT_1.18.0/GNU-tools-for-STM32/bin/../lib/gcc/arm-none-eabi/13.3.1/../../../../arm-none-eabi/lib/thumb/v7-m/nofp\libc_nano.a(libc_a-exit.o) (__stdio_exit_handler)
D:/ST/STM32CubeCLT_1.18.0/GNU-tools-for-STM32/bin/../lib/gcc/arm-none-eabi/13.3.1/../../../../arm-none-eabi/lib/thumb/v7-m/nofp\libc_nano.a(libc_a-fwalk.o)
                              D:/ST/STM32CubeCLT_1.18.0/GNU-tools-for-STM32/bin/../lib/gcc/arm-none-eabi/13.3.1/../../../../arm-none-eabi/lib/thumb/v7-m/nofp\libc_nano.a(libc_a-findfp.o) (_fwalk_sglue)
D:/ST/STM32CubeCLT_1.18.0/GNU-tools-for-STM32/bin/../lib/gcc/arm-none-eabi/13.3.1/../../../../arm-none-eabi/lib/thumb/v7-m/nofp\libc_nano.a(libc_a-stdio.o)
                              D:/ST/STM32CubeCLT_1.18.0/GNU-tools-for-STM32/bin/../lib/gcc/arm-none-eabi/13.3.1/../../../../arm-none-eabi/lib/thumb/v7-m/nofp\libc_nano.a(libc_a-findfp.o) (__sread)
D:/ST/STM32CubeCLT_1.18.0/GNU-tools-for-STM32/bin/../lib/gcc/arm-none-eabi/13.3.1/../../../../arm-none-eabi/lib/thumb/v7-m/nofp\libc_nano.a(libc_a-memset.o)
                              D:/ST/STM32CubeCLT_1.18.0/GNU-tools-for-STM32/bin/../lib/gcc/arm-none-eabi/13.3.1/../../../../arm-none-eabi/lib/thumb/v7-m/nofp/crt0.o (memset)
D:/ST/STM32CubeCLT_1.18.0/GNU-tools-for-STM32/bin/../lib/gcc/arm-none-eabi/13.3.1/../../../../arm-none-eabi/lib/thumb/v7-m/nofp\libc_nano.a(libc_a-closer.o)
                              D:/ST/STM32CubeCLT_1.18.0/GNU-tools-for-STM32/bin/../lib/gcc/arm-none-eabi/13.3.1/../../../../arm-none-eabi/lib/thumb/v7-m/nofp\libc_nano.a(libc_a-stdio.o) (_close_r)
D:/ST/STM32CubeCLT_1.18.0/GNU-tools-for-STM32/bin/../lib/gcc/arm-none-eabi/13.3.1/../../../../arm-none-eabi/lib/thumb/v7-m/nofp\libc_nano.a(libc_a-reent.o)
                              D:/ST/STM32CubeCLT_1.18.0/GNU-tools-for-STM32/bin/../lib/gcc/arm-none-eabi/13.3.1/../../../../arm-none-eabi/lib/thumb/v7-m/nofp\libc_nano.a(libc_a-closer.o) (errno)
D:/ST/STM32CubeCLT_1.18.0/GNU-tools-for-STM32/bin/../lib/gcc/arm-none-eabi/13.3.1/../../../../arm-none-eabi/lib/thumb/v7-m/nofp\libc_nano.a(libc_a-impure.o)
                              D:/ST/STM32CubeCLT_1.18.0/GNU-tools-for-STM32/bin/../lib/gcc/arm-none-eabi/13.3.1/../../../../arm-none-eabi/lib/thumb/v7-m/nofp\libc_nano.a(libc_a-reent.o) (_impure_ptr)
D:/ST/STM32CubeCLT_1.18.0/GNU-tools-for-STM32/bin/../lib/gcc/arm-none-eabi/13.3.1/../../../../arm-none-eabi/lib/thumb/v7-m/nofp\libc_nano.a(libc_a-lseekr.o)
                              D:/ST/STM32CubeCLT_1.18.0/GNU-tools-for-STM32/bin/../lib/gcc/arm-none-eabi/13.3.1/../../../../arm-none-eabi/lib/thumb/v7-m/nofp\libc_nano.a(libc_a-stdio.o) (_lseek_r)
D:/ST/STM32CubeCLT_1.18.0/GNU-tools-for-STM32/bin/../lib/gcc/arm-none-eabi/13.3.1/../../../../arm-none-eabi/lib/thumb/v7-m/nofp\libc_nano.a(libc_a-readr.o)
                              D:/ST/STM32CubeCLT_1.18.0/GNU-tools-for-STM32/bin/../lib/gcc/arm-none-eabi/13.3.1/../../../../arm-none-eabi/lib/thumb/v7-m/nofp\libc_nano.a(libc_a-stdio.o) (_read_r)
D:/ST/STM32CubeCLT_1.18.0/GNU-tools-for-STM32/bin/../lib/gcc/arm-none-eabi/13.3.1/../../../../arm-none-eabi/lib/thumb/v7-m/nofp\libc_nano.a(libc_a-writer.o)
                              D:/ST/STM32CubeCLT_1.18.0/GNU-tools-for-STM32/bin/../lib/gcc/arm-none-eabi/13.3.1/../../../../arm-none-eabi/lib/thumb/v7-m/nofp\libc_nano.a(libc_a-stdio.o) (_write_r)
D:/ST/STM32CubeCLT_1.18.0/GNU-tools-for-STM32/bin/../lib/gcc/arm-none-eabi/13.3.1/../../../../arm-none-eabi/lib/thumb/v7-m/nofp\libc_nano.a(libc_a-init.o)
                              D:/ST/STM32CubeCLT_1.18.0/GNU-tools-for-STM32/bin/../lib/gcc/arm-none-eabi/13.3.1/../../../../arm-none-eabi/lib/thumb/v7-m/nofp/crt0.o (__libc_init_array)
D:/ST/STM32CubeCLT_1.18.0/GNU-tools-for-STM32/bin/../lib/gcc/arm-none-eabi/13.3.1/../../../../arm-none-eabi/lib/thumb/v7-m/nofp\libc_nano.a(libc_a-lock.o)
                              D:/ST/STM32CubeCLT_1.18.0/GNU-tools-for-STM32/bin/../lib/gcc/arm-none-eabi/13.3.1/../../../../arm-none-eabi/lib/thumb/v7-m/nofp\libc_nano.a(libc_a-findfp.o) (__retarget_lock_init_recursive)
D:/ST/STM32CubeCLT_1.18.0/GNU-tools-for-STM32/bin/../lib/gcc/arm-none-eabi/13.3.1/../../../../arm-none-eabi/lib/thumb/v7-m/nofp\libc_nano.a(libc_a-freer.o)
                              D:/ST/STM32CubeCLT_1.18.0/GNU-tools-for-STM32/bin/../lib/gcc/arm-none-eabi/13.3.1/../../../../arm-none-eabi/lib/thumb/v7-m/nofp\libc_nano.a(libc_a-reent.o) (_free_r)
[...]
Memory Configuration

Name             Origin             Length             Attributes
RAM              0x20000000         0x00005000         xrw
FLASH            0x08000000         0x00010000         xr
*default*        0x00000000         0xffffffff

Linker script and memory map

LOAD D:/ST/STM32CubeCLT_1.18.0/GNU-tools-for-STM32/bin/../lib/gcc/arm-none-eabi/13.3.1/thumb/v7-m/nofp/crti.o
LOAD D:/ST/STM32CubeCLT_1.18.0/GNU-tools-for-STM32/bin/../lib/gcc/arm-none-eabi/13.3.1/thumb/v7-m/nofp/crtbegin.o
LOAD D:/ST/STM32CubeCLT_1.18.0/GNU-tools-for-STM32/bin/../lib/gcc/arm-none-eabi/13.3.1/../../../../arm-none-eabi/lib/thumb/v7-m/nofp/crt0.o
START GROUP
LOAD D:/ST/STM32CubeCLT_1.18.0/GNU-tools-for-STM32/bin/../lib/gcc/arm-none-eabi/13.3.1/../../../../arm-none-eabi/lib/thumb/v7-m/nofp\libc_nano.a
LOAD D:/ST/STM32CubeCLT_1.18.0/GNU-tools-for-STM32/bin/../lib/gcc/arm-none-eabi/13.3.1/../../../../arm-none-eabi/lib/thumb/v7-m/nofp\libm.a
END GROUP
LOAD cmake/stm32cubemx/CMakeFiles/STM32_Drivers.dir/__/__/Core/Src/system_stm32f1xx.c.obj
LOAD cmake/stm32cubemx/CMakeFiles/STM32_Drivers.dir/__/__/Drivers/STM32F1xx_HAL_Driver/Src/stm32f1xx_hal_gpio_ex.c.obj
LOAD cmake/stm32cubemx/CMakeFiles/STM32_Drivers.dir/__/__/Drivers/STM32F1xx_HAL_Driver/Src/stm32f1xx_hal_pcd.c.obj
LOAD cmake/stm32cubemx/CMakeFiles/STM32_Drivers.dir/__/__/Drivers/STM32F1xx_HAL_Driver/Src/stm32f1xx_hal_pcd_ex.c.obj
LOAD cmake/stm32cubemx/CMakeFiles/STM32_Drivers.dir/__/__/Drivers/STM32F1xx_HAL_Driver/Src/stm32f1xx_ll_usb.c.obj
LOAD cmake/stm32cubemx/CMakeFiles/STM32_Drivers.dir/__/__/Drivers/STM32F1xx_HAL_Driver/Src/stm32f1xx_hal.c.obj
LOAD cmake/stm32cubemx/CMakeFiles/STM32_Drivers.dir/__/__/Drivers/STM32F1xx_HAL_Driver/Src/stm32f1xx_hal_rcc.c.obj
LOAD cmake/stm32cubemx/CMakeFiles/STM32_Drivers.dir/__/__/Drivers/STM32F1xx_HAL_Driver/Src/stm32f1xx_hal_rcc_ex.c.obj
LOAD cmake/stm32cubemx/CMakeFiles/STM32_Drivers.dir/__/__/Drivers/STM32F1xx_HAL_Driver/Src/stm32f1xx_hal_gpio.c.obj
LOAD cmake/stm32cubemx/CMakeFiles/STM32_Drivers.dir/__/__/Drivers/STM32F1xx_HAL_Driver/Src/stm32f1xx_hal_dma.c.obj
LOAD cmake/stm32cubemx/CMakeFiles/STM32_Drivers.dir/__/__/Drivers/STM32F1xx_HAL_Driver/Src/stm32f1xx_hal_cortex.c.obj
LOAD cmake/stm32cubemx/CMakeFiles/STM32_Drivers.dir/__/__/Drivers/STM32F1xx_HAL_Driver/Src/stm32f1xx_hal_pwr.c.obj
LOAD cmake/stm32cubemx/CMakeFiles/STM32_Drivers.dir/__/__/Drivers/STM32F1xx_HAL_Driver/Src/stm32f1xx_hal_flash.c.obj
LOAD cmake/stm32cubemx/CMakeFiles/STM32_Drivers.dir/__/__/Drivers/STM32F1xx_HAL_Driver/Src/stm32f1xx_hal_flash_ex.c.obj
LOAD cmake/stm32cubemx/CMakeFiles/STM32_Drivers.dir/__/__/Drivers/STM32F1xx_HAL_Driver/Src/stm32f1xx_hal_exti.c.obj
LOAD cmake/stm32cubemx/CMakeFiles/STM32_Drivers.dir/__/__/Drivers/STM32F1xx_HAL_Driver/Src/stm32f1xx_hal_i2c.c.obj
LOAD cmake/stm32cubemx/CMakeFiles/STM32_Drivers.dir/__/__/Drivers/STM32F1xx_HAL_Driver/Src/stm32f1xx_hal_spi.c.obj
LOAD cmake/stm32cubemx/CMakeFiles/STM32_Drivers.dir/__/__/Drivers/STM32F1xx_HAL_Driver/Src/stm32f1xx_hal_tim.c.obj
LOAD cmake/stm32cubemx/CMakeFiles/STM32_Drivers.dir/__/__/Drivers/STM32F1xx_HAL_Driver/Src/stm32f1xx_hal_tim_ex.c.obj
LOAD cmake/stm32cubemx/CMakeFiles/STM32_Drivers.dir/__/__/Drivers/STM32F1xx_HAL_Driver/Src/stm32f1xx_hal_uart.c.obj
LOAD cmake/stm32cubemx/CMakeFiles/USB_Device_Library.dir/__/__/Middlewares/ST/STM32_USB_Device_Library/Core/Src/usbd_core.c.obj
LOAD cmake/stm32cubemx/CMakeFiles/USB_Device_Library.dir/__/__/Middlewares/ST/STM32_USB_Device_Library/Core/Src/usbd_ctlreq.c.obj
LOAD cmake/stm32cubemx/CMakeFiles/USB_Device_Library.dir/__/__/Middlewares/ST/STM32_USB_Device_Library/Core/Src/usbd_ioreq.c.obj
LOAD cmake/stm32cubemx/CMakeFiles/USB_Device_Library.dir/__/__/Middlewares/ST/STM32_USB_Device_Library/Class/CDC/Src/usbd_cdc.c.obj
LOAD CMakeFiles/STelescope.dir/USB_DEVICE/Target/usbd_conf.c.obj
LOAD CMakeFiles/STelescope.dir/USB_DEVICE/App/usb_device.c.obj
LOAD CMakeFiles/STelescope.dir/USB_DEVICE/App/usbd_desc.c.obj
LOAD CMakeFiles/STelescope.dir/USB_DEVICE/App/usbd_cdc_if.c.obj
LOAD CMakeFiles/STelescope.dir/Core/Src/main.c.obj
LOAD CMakeFiles/STelescope.dir/Core/Src/stm32f1xx_it.c.obj
LOAD CMakeFiles/STelescope.dir/Core/Src/stm32f1xx_hal_msp.c.obj
LOAD CMakeFiles/STelescope.dir/Core/Src/sysmem.c.obj
LOAD CMakeFiles/STelescope.dir/Core/Src/syscalls.c.obj
LOAD CMakeFiles/STelescope.dir/startup_stm32f103xb.s.obj
LOAD CMakeFiles/STelescope.dir/Core/Src/accelerometer.c.obj
LOAD CMakeFiles/STelescope.dir/Core/Src/compass.c.obj
LOAD CMakeFiles/STelescope.dir/Core/Src/display.c.obj
LOAD CMakeFiles/STelescope.dir/Core/Src/peripheral.c.obj
LOAD CMakeFiles/STelescope.dir/Core/Src/camera.c.obj
LOAD CMakeFiles/STelescope.dir/Core/Src/stepper.c.obj
LOAD CMakeFiles/STelescope.dir/Core/Src/mobility.c.obj
LOAD CMakeFiles/STelescope.dir/Core/Src/status.c.obj
START GROUP
LOAD D:/ST/STM32CubeCLT_1.18.0/GNU-tools-for-STM32/bin/../lib/gcc/arm-none-eabi/13.3.1/thumb/v7-m/nofp\libgcc.a
LOAD D:/ST/STM32CubeCLT_1.18.0/GNU-tools-for-STM32/bin/../lib/gcc/arm-none-eabi/13.3.1/../../../../arm-none-eabi/lib/thumb/v7-m/nofp\libg_nano.a
LOAD D:/ST/STM32CubeCLT_1.18.0/GNU-tools-for-STM32/bin/../lib/gcc/arm-none-eabi/13.3.1/../../../../arm-none-eabi/lib/thumb/v7-m/nofp\libc_nano.a
END GROUP
START GROUP
LOAD D:/ST/STM32CubeCLT_1.18.0/GNU-tools-for-STM32/bin/../lib/gcc/arm-none-eabi/13.3.1/thumb/v7-m/nofp\libgcc.a
LOAD D:/ST/STM32CubeCLT_1.18.0/GNU-tools-for-STM32/bin/../lib/gcc/arm-none-eabi/13.3.1/../../../../arm-none-eabi/lib/thumb/v7-m/nofp\libc_nano.a
END GROUP
LOAD D:/ST/STM32CubeCLT_1.18.0/GNU-tools-for-STM32/bin/../lib/gcc/arm-none-eabi/13.3.1/thumb/v7-m/nofp/crtend.o
LOAD D:/ST/STM32CubeCLT_1.18.0/GNU-tools-for-STM32/bin/../lib/gcc/arm-none-eabi/13.3.1/thumb/v7-m/nofp/crtn.o
                0x20005000                        _estack = (ORIGIN (RAM) + LENGTH (RAM))
                0x00000200                        _Min_Heap_Size = 0x200
                0x00000400                        _Min_Stack_Size = 0x400

.isr_vector     0x08000000      0x10c
                0x08000000                        . = ALIGN (0x4)
 *(.isr_vector)
 .isr_vector    0x08000000      0x10c CMakeFiles/STelescope.dir/startup_stm32f103xb.s.obj
                0x08000000                g_pfnVectors
                0x0800010c                        . = ALIGN (0x4)

.text           0x0800010c    0x10068
                0x0800010c                        . = ALIGN (0x4)
 *(.text)
 .text          0x0800010c       0x40 D:/ST/STM32CubeCLT_1.18.0/GNU-tools-for-STM32/bin/../lib/gcc/arm-none-eabi/13.3.1/thumb/v7-m/nofp/crtbegin.o
 *(.text*)
 .text.std      0x0800014c       0x6c D:/ST/STM32CubeCLT_1.18.0/GNU-tools-for-STM32/bin/../lib/gcc/arm-none-eabi/13.3.1/../../../../arm-none-eabi/lib/thumb/v7-m/nofp\libc_nano.a(libc_a-findfp.o)
 .text.stdio_exit_handler
                0x080001b8       0x18 D:/ST/STM32CubeCLT_1.18.0/GNU-tools-for-STM32/bin/../lib/gcc/arm-none-eabi/13.3.1/../../../../arm-none-eabi/lib/thumb/v7-m/nofp\libc_nano.a(libc_a-findfp.o)
 .text.cleanup_stdio
                0x080001d0       0x40 D:/ST/STM32CubeCLT_1.18.0/GNU-tools-for-STM32/bin/../lib/gcc/arm-none-eabi/13.3.1/../../../../arm-none-eabi/lib/thumb/v7-m/nofp\libc_nano.a(libc_a-findfp.o)
 .text.global_stdio_init.part.0
                0x08000210       0x3c D:/ST/STM32CubeCLT_1.18.0/GNU-tools-for-STM32/bin/../lib/gcc/arm-none-eabi/13.3.1/../../../../arm-none-eabi/lib/thumb/v7-m/nofp\libc_nano.a(libc_a-findfp.o)
 .text.__sfp_lock_acquire
                0x0800024c        0xc D:/ST/STM32CubeCLT_1.18.0/GNU-tools-for-STM32/bin/../lib/gcc/arm-none-eabi/13.3.1/../../../../arm-none-eabi/lib/thumb/v7-m/nofp\libc_nano.a(libc_a-findfp.o)
                0x0800024c                __sfp_lock_acquire
 .text.__sfp_lock_release
                0x08000258        0xc D:/ST/STM32CubeCLT_1.18.0/GNU-tools-for-STM32/bin/../lib/gcc/arm-none-eabi/13.3.1/../../../../arm-none-eabi/lib/thumb/v7-m/nofp\libc_nano.a(libc_a-findfp.o)
                0x08000258                __sfp_lock_release
 .text.__sinit  0x08000264       0x30 D:/ST/STM32CubeCLT_1.18.0/GNU-tools-for-STM32/bin/../lib/gcc/arm-none-eabi/13.3.1/../../../../arm-none-eabi/lib/thumb/v7-m/nofp\libc_nano.a(libc_a-findfp.o)
                0x08000264                __sinit
 .text._fwalk_sglue
                0x08000294       0x3c D:/ST/STM32CubeCLT_1.18.0/GNU-tools-for-STM32/bin/../lib/gcc/arm-none-eabi/13.3.1/../../../../arm-none-eabi/lib/thumb/v7-m/nofp\libc_nano.a(libc_a-fwalk.o)
                0x08000294                _fwalk_sglue
 .text.__sread  0x080002d0       0x22 D:/ST/STM32CubeCLT_1.18.0/GNU-tools-for-STM32/bin/../lib/gcc/arm-none-eabi/13.3.1/../../../../arm-none-eabi/lib/thumb/v7-m/nofp\libc_nano.a(libc_a-stdio.o)
                0x080002d0                __sread
 .text.__swrite
                0x080002f2       0x38 D:/ST/STM32CubeCLT_1.18.0/GNU-tools-for-STM32/bin/../lib/gcc/arm-none-eabi/13.3.1/../../../../arm-none-eabi/lib/thumb/v7-m/nofp\libc_nano.a(libc_a-stdio.o)
                0x080002f2                __swrite
 .text.__sseek  0x0800032a       0x24 D:/ST/STM32CubeCLT_1.18.0/GNU-tools-for-STM32/bin/../lib/gcc/arm-none-eabi/13.3.1/../../../../arm-none-eabi/lib/thumb/v7-m/nofp\libc_nano.a(libc_a-stdio.o)
                0x0800032a                __sseek
 .text.__sclose
                0x0800034e        0x8 D:/ST/STM32CubeCLT_1.18.0/GNU-tools-for-STM32/bin/../lib/gcc/arm-none-eabi/13.3.1/../../../../arm-none-eabi/lib/thumb/v7-m/nofp\libc_nano.a(libc_a-stdio.o)
                0x0800034e                __sclose
 .text.memset   0x08000356       0x10 D:/ST/STM32CubeCLT_1.18.0/GNU-tools-for-STM32/bin/../lib/gcc/arm-none-eabi/13.3.1/../../../../arm-none-eabi/lib/thumb/v7-m/nofp\libc_nano.a(libc_a-memset.o)
                0x08000356                memset
 *fill*         0x08000366        0x2 
 .text._close_r
                0x08000368       0x20 D:/ST/STM32CubeCLT_1.18.0/GNU-tools-for-STM32/bin/../lib/gcc/arm-none-eabi/13.3.1/../../../../arm-none-eabi/lib/thumb/v7-m/nofp\libc_nano.a(libc_a-closer.o)
                0x08000368                _close_r
 .text._lseek_r
                0x08000388       0x24 D:/ST/STM32CubeCLT_1.18.0/GNU-tools-for-STM32/bin/../lib/gcc/arm-none-eabi/13.3.1/../../../../arm-none-eabi/lib/thumb/v7-m/nofp\libc_nano.a(libc_a-lseekr.o)
                0x08000388                _lseek_r
 .text._read_r  0x080003ac       0x24 D:/ST/STM32CubeCLT_1.18.0/GNU-tools-for-STM32/bin/../lib/gcc/arm-none-eabi/13.3.1/../../../../arm-none-eabi/lib/thumb/v7-m/nofp\libc_nano.a(libc_a-readr.o)
                0x080003ac                _read_r
 .text._write_r
                0x080003d0       0x24 D:/ST/STM32CubeCLT_1.18.0/GNU-tools-for-STM32/bin/../lib/gcc/arm-none-eabi/13.3.1/../../../../arm-none-eabi/lib/thumb/v7-m/nofp\libc_nano.a(libc_a-writer.o)
                0x080003d0                _write_r
 .text.__libc_init_array
                0x080003f4       0x48 D:/ST/STM32CubeCLT_1.18.0/GNU-tools-for-STM32/bin/../lib/gcc/arm-none-eabi/13.3.1/../../../../arm-none-eabi/lib/thumb/v7-m/nofp\libc_nano.a(libc_a-init.o)
                0x080003f4                __libc_init_array
 .text.__retarget_lock_init_recursive
                0x0800043c        0x2 D:/ST/STM32CubeCLT_1.18.0/GNU-tools-for-STM32/bin/../lib/gcc/arm-none-eabi/13.3.1/../../../../arm-none-eabi/lib/thumb/v7-m/nofp\libc_nano.a(libc_a-lock.o)
                0x0800043c                __retarget_lock_init_recursive
 .text.__retarget_lock_acquire_recursive
                0x0800043e        0x2 D:/ST/STM32CubeCLT_1.18.0/GNU-tools-for-STM32/bin/../lib/gcc/arm-none-eabi/13.3.1/../../../../arm-none-eabi/lib/thumb/v7-m/nofp\libc_nano.a(libc_a-lock.o)
                0x0800043e                __retarget_lock_acquire_recursive
 .text.__retarget_lock_release_recursive
                0x08000440        0x2 D:/ST/STM32CubeCLT_1.18.0/GNU-tools-for-STM32/bin/../lib/gcc/arm-none-eabi/13.3.1/../../../../arm-none-eabi/lib/thumb/v7-m/nofp\libc_nano.a(libc_a-lock.o)
                0x08000440                __retarget_lock_release_recursive
 *fill*         0x08000442        0x2 
 .text._free_r  0x08000444       0x90 D:/ST/STM32CubeCLT_1.18.0/GNU-tools-for-STM32/bin/../lib/gcc/arm-none-eabi/13.3.1/../../../../arm-none-eabi/lib/thumb/v7-m/nofp\libc_nano.a(libc_a-freer.o)
                0x08000444                _free_r
 .text.sbrk_aligned
                0x080004d4       0x44 D:/ST/STM32CubeCLT_1.18.0/GNU-tools-for-STM32/bin/../lib/gcc/arm-none-eabi/13.3.1/../../../../arm-none-eabi/lib/thumb/v7-m/nofp\libc_nano.a(libc_a-mallocr.o)
 .text._malloc_r
                0x08000518      0x100 D:/ST/STM32CubeCLT_1.18.0/GNU-tools-for-STM32/bin/../lib/gcc/arm-none-eabi/13.3.1/../../../../arm-none-eabi/lib/thumb/v7-m/nofp\libc_nano.a(libc_a-mallocr.o)
                0x08000518                _malloc_r
 .text.__malloc_lock
                0x08000618        0xc D:/ST/STM32CubeCLT_1.18.0/GNU-tools-for-STM32/bin/../lib/gcc/arm-none-eabi/13.3.1/../../../../arm-none-eabi/lib/thumb/v7-m/nofp\libc_nano.a(libc_a-mlock.o)
                0x08000618                __malloc_lock
 .text.__malloc_unlock
                0x08000624        0xc D:/ST/STM32CubeCLT_1.18.0/GNU-tools-for-STM32/bin/../lib/gcc/arm-none-eabi/13.3.1/../../../../arm-none-eabi/lib/thumb/v7-m/nofp\libc_nano.a(libc_a-mlock.o)
                0x08000624                __malloc_unlock
 .text.__sflush_r
                0x08000630      0x100 D:/ST/STM32CubeCLT_1.18.0/GNU-tools-for-STM32/bin/../lib/gcc/arm-none-eabi/13.3.1/../../../../arm-none-eabi/lib/thumb/v7-m/nofp\libc_nano.a(libc_a-fflush.o)
                0x08000630                __sflush_r
 .text._fflush_r
                0x08000730       0x50 D:/ST/STM32CubeCLT_1.18.0/GNU-tools-for-STM32/bin/../lib/gcc/arm-none-eabi/13.3.1/../../../../arm-none-eabi/lib/thumb/v7-m/nofp\libc_nano.a(libc_a-fflush.o)
                0x08000730                _fflush_r
 .text._sbrk_r  0x08000780       0x20 D:/ST/STM32CubeCLT_1.18.0/GNU-tools-for-STM32/bin/../lib/gcc/arm-none-eabi/13.3.1/../../../../arm-none-eabi/lib/thumb/v7-m/nofp\libc_nano.a(libc_a-sbrkr.o)
                0x08000780                _sbrk_r
 .text.SystemInit
                0x080007a0       0x20 cmake/stm32cubemx/CMakeFiles/STM32_Drivers.dir/__/__/Core/Src/system_stm32f1xx.c.obj
                0x080007a0                SystemInit
 .text.HAL_PCD_Init
                0x080007c0      0x1ec cmake/stm32cubemx/CMakeFiles/STM32_Drivers.dir/__/__/Drivers/STM32F1xx_HAL_Driver/Src/stm32f1xx_hal_pcd.c.obj
                0x080007c0                HAL_PCD_Init
 .text.HAL_PCD_Start
                0x080009ac       0x4c cmake/stm32cubemx/CMakeFiles/STM32_Drivers.dir/__/__/Drivers/STM32F1xx_HAL_Driver/Src/stm32f1xx_hal_pcd.c.obj
                0x080009ac                HAL_PCD_Start
 .text.HAL_PCD_IRQHandler
                0x080009f8      0x260 cmake/stm32cubemx/CMakeFiles/STM32_Drivers.dir/__/__/Drivers/STM32F1xx_HAL_Driver/Src/stm32f1xx_hal_pcd.c.obj
                0x080009f8                HAL_PCD_IRQHandler
 .text.HAL_PCD_SetAddress
                0x08000c58       0x48 cmake/stm32cubemx/CMakeFiles/STM32_Drivers.dir/__/__/Drivers/STM32F1xx_HAL_Driver/Src/stm32f1xx_hal_pcd.c.obj
                0x08000c58                HAL_PCD_SetAddress
 .text.HAL_PCD_EP_Open
                0x08000ca0       0xba cmake/stm32cubemx/CMakeFiles/STM32_Drivers.dir/__/__/Drivers/STM32F1xx_HAL_Driver/Src/stm32f1xx_hal_pcd.c.obj
                0x08000ca0                HAL_PCD_EP_Open
 .text.HAL_PCD_EP_Close
                0x08000d5a       0x90 cmake/stm32cubemx/CMakeFiles/STM32_Drivers.dir/__/__/Drivers/STM32F1xx_HAL_Driver/Src/stm32f1xx_hal_pcd.c.obj
                0x08000d5a                HAL_PCD_EP_Close
 .text.HAL_PCD_EP_Receive
                0x08000dea       0x62 cmake/stm32cubemx/CMakeFiles/STM32_Drivers.dir/__/__/Drivers/STM32F1xx_HAL_Driver/Src/stm32f1xx_hal_pcd.c.obj
                0x08000dea                HAL_PCD_EP_Receive
 .text.HAL_PCD_EP_GetRxCount
                0x08000e4c       0x2e cmake/stm32cubemx/CMakeFiles/STM32_Drivers.dir/__/__/Drivers/STM32F1xx_HAL_Driver/Src/stm32f1xx_hal_pcd.c.obj
                0x08000e4c                HAL_PCD_EP_GetRxCount
 .text.HAL_PCD_EP_Transmit
                0x08000e7a       0x6e cmake/stm32cubemx/CMakeFiles/STM32_Drivers.dir/__/__/Drivers/STM32F1xx_HAL_Driver/Src/stm32f1xx_hal_pcd.c.obj
                0x08000e7a                HAL_PCD_EP_Transmit
 .text.HAL_PCD_EP_SetStall
                0x08000ee8       0xc0 cmake/stm32cubemx/CMakeFiles/STM32_Drivers.dir/__/__/Drivers/STM32F1xx_HAL_Driver/Src/stm32f1xx_hal_pcd.c.obj
                0x08000ee8                HAL_PCD_EP_SetStall
 .text.HAL_PCD_EP_ClrStall
                0x08000fa8       0xa8 cmake/stm32cubemx/CMakeFiles/STM32_Drivers.dir/__/__/Drivers/STM32F1xx_HAL_Driver/Src/stm32f1xx_hal_pcd.c.obj
                0x08000fa8                HAL_PCD_EP_ClrStall
 .text.PCD_EP_ISR_Handler
                0x08001050      0x79e cmake/stm32cubemx/CMakeFiles/STM32_Drivers.dir/__/__/Drivers/STM32F1xx_HAL_Driver/Src/stm32f1xx_hal_pcd.c.obj
 .text.HAL_PCD_EP_DB_Receive
                0x080017ee      0x21a cmake/stm32cubemx/CMakeFiles/STM32_Drivers.dir/__/__/Drivers/STM32F1xx_HAL_Driver/Src/stm32f1xx_hal_pcd.c.obj
 .text.HAL_PCD_EP_DB_Transmit
                0x08001a08      0x7f4 cmake/stm32cubemx/CMakeFiles/STM32_Drivers.dir/__/__/Drivers/STM32F1xx_HAL_Driver/Src/stm32f1xx_hal_pcd.c.obj
 .text.HAL_PCDEx_PMAConfig
                0x080021fc       0x84 cmake/stm32cubemx/CMakeFiles/STM32_Drivers.dir/__/__/Drivers/STM32F1xx_HAL_Driver/Src/stm32f1xx_hal_pcd_ex.c.obj
                0x080021fc                HAL_PCDEx_PMAConfig
 .text.USB_CoreInit
                0x08002280       0x1a cmake/stm32cubemx/CMakeFiles/STM32_Drivers.dir/__/__/Drivers/STM32F1xx_HAL_Driver/Src/stm32f1xx_ll_usb.c.obj
                0x08002280                USB_CoreInit
 .text.USB_EnableGlobalInt
                0x0800229a       0x2c cmake/stm32cubemx/CMakeFiles/STM32_Drivers.dir/__/__/Drivers/STM32F1xx_HAL_Driver/Src/stm32f1xx_ll_usb.c.obj
                0x0800229a                USB_EnableGlobalInt
 .text.USB_DisableGlobalInt
                0x080022c6       0x34 cmake/stm32cubemx/CMakeFiles/STM32_Drivers.dir/__/__/Drivers/STM32F1xx_HAL_Driver/Src/stm32f1xx_ll_usb.c.obj
                0x080022c6                USB_DisableGlobalInt
 .text.USB_SetCurrentMode
                0x080022fa       0x18 cmake/stm32cubemx/CMakeFiles/STM32_Drivers.dir/__/__/Drivers/STM32F1xx_HAL_Driver/Src/stm32f1xx_ll_usb.c.obj
                0x080022fa                USB_SetCurrentMode
 .text.USB_DevInit
                0x08002312       0x3a cmake/stm32cubemx/CMakeFiles/STM32_Drivers.dir/__/__/Drivers/STM32F1xx_HAL_Driver/Src/stm32f1xx_ll_usb.c.obj
                0x08002312                USB_DevInit
 .text.USB_ActivateEndpoint
                0x0800234c      0x780 cmake/stm32cubemx/CMakeFiles/STM32_Drivers.dir/__/__/Drivers/STM32F1xx_HAL_Driver/Src/stm32f1xx_ll_usb.c.obj
                0x0800234c                USB_ActivateEndpoint
 .text.USB_DeactivateEndpoint
                0x08002acc      0x3d8 cmake/stm32cubemx/CMakeFiles/STM32_Drivers.dir/__/__/Drivers/STM32F1xx_HAL_Driver/Src/stm32f1xx_ll_usb.c.obj
                0x08002acc                USB_DeactivateEndpoint
 .text.USB_EPStartXfer
                0x08002ea4     0x1762 cmake/stm32cubemx/CMakeFiles/STM32_Drivers.dir/__/__/Drivers/STM32F1xx_HAL_Driver/Src/stm32f1xx_ll_usb.c.obj
                0x08002ea4                USB_EPStartXfer
 .text.USB_EPSetStall
                0x08004606       0xa0 cmake/stm32cubemx/CMakeFiles/STM32_Drivers.dir/__/__/Drivers/STM32F1xx_HAL_Driver/Src/stm32f1xx_ll_usb.c.obj
                0x08004606                USB_EPSetStall
 .text.USB_EPClearStall
                0x080046a6      0x15a cmake/stm32cubemx/CMakeFiles/STM32_Drivers.dir/__/__/Drivers/STM32F1xx_HAL_Driver/Src/stm32f1xx_ll_usb.c.obj
                0x080046a6                USB_EPClearStall
 .text.USB_SetDevAddress
                0x08004800       0x26 cmake/stm32cubemx/CMakeFiles/STM32_Drivers.dir/__/__/Drivers/STM32F1xx_HAL_Driver/Src/stm32f1xx_ll_usb.c.obj
                0x08004800                USB_SetDevAddress
 .text.USB_DevConnect
                0x08004826       0x14 cmake/stm32cubemx/CMakeFiles/STM32_Drivers.dir/__/__/Drivers/STM32F1xx_HAL_Driver/Src/stm32f1xx_ll_usb.c.obj
                0x08004826                USB_DevConnect
 .text.USB_DevDisconnect
                0x0800483a       0x14 cmake/stm32cubemx/CMakeFiles/STM32_Drivers.dir/__/__/Drivers/STM32F1xx_HAL_Driver/Src/stm32f1xx_ll_usb.c.obj
                0x0800483a                USB_DevDisconnect
 .text.USB_ReadInterrupts
                0x0800484e       0x1e cmake/stm32cubemx/CMakeFiles/STM32_Drivers.dir/__/__/Drivers/STM32F1xx_HAL_Driver/Src/stm32f1xx_ll_usb.c.obj
                0x0800484e                USB_ReadInterrupts
 .text.USB_EP0_OutStart
                0x0800486c       0x16 cmake/stm32cubemx/CMakeFiles/STM32_Drivers.dir/__/__/Drivers/STM32F1xx_HAL_Driver/Src/stm32f1xx_ll_usb.c.obj
                0x0800486c                USB_EP0_OutStart
 .text.USB_WritePMA
                0x08004882       0x8c cmake/stm32cubemx/CMakeFiles/STM32_Drivers.dir/__/__/Drivers/STM32F1xx_HAL_Driver/Src/stm32f1xx_ll_usb.c.obj
                0x08004882                USB_WritePMA
 .text.USB_ReadPMA
                0x0800490e       0x9e cmake/stm32cubemx/CMakeFiles/STM32_Drivers.dir/__/__/Drivers/STM32F1xx_HAL_Driver/Src/stm32f1xx_ll_usb.c.obj
                0x0800490e                USB_ReadPMA
 .text.HAL_Init
                0x080049ac       0x2c cmake/stm32cubemx/CMakeFiles/STM32_Drivers.dir/__/__/Drivers/STM32F1xx_HAL_Driver/Src/stm32f1xx_hal.c.obj
                0x080049ac                HAL_Init
 .text.HAL_InitTick
                0x080049d8       0x60 cmake/stm32cubemx/CMakeFiles/STM32_Drivers.dir/__/__/Drivers/STM32F1xx_HAL_Driver/Src/stm32f1xx_hal.c.obj
                0x080049d8                HAL_InitTick
 .text.HAL_IncTick
                0x08004a38       0x24 cmake/stm32cubemx/CMakeFiles/STM32_Drivers.dir/__/__/Drivers/STM32F1xx_HAL_Driver/Src/stm32f1xx_hal.c.obj
                0x08004a38                HAL_IncTick
 .text.HAL_GetTick
                0x08004a5c       0x14 cmake/stm32cubemx/CMakeFiles/STM32_Drivers.dir/__/__/Drivers/STM32F1xx_HAL_Driver/Src/stm32f1xx_hal.c.obj
                0x08004a5c                HAL_GetTick
 .text.HAL_Delay
                0x08004a70       0x48 cmake/stm32cubemx/CMakeFiles/STM32_Drivers.dir/__/__/Drivers/STM32F1xx_HAL_Driver/Src/stm32f1xx_hal.c.obj
                0x08004a70                HAL_Delay
 .text.HAL_RCC_OscConfig
                0x08004ab8      0x504 cmake/stm32cubemx/CMakeFiles/STM32_Drivers.dir/__/__/Drivers/STM32F1xx_HAL_Driver/Src/stm32f1xx_hal_rcc.c.obj
                0x08004ab8                HAL_RCC_OscConfig
 .text.HAL_RCC_ClockConfig
                0x08004fbc      0x1d4 cmake/stm32cubemx/CMakeFiles/STM32_Drivers.dir/__/__/Drivers/STM32F1xx_HAL_Driver/Src/stm32f1xx_hal_rcc.c.obj
                0x08004fbc                HAL_RCC_ClockConfig
 .text.HAL_RCC_GetSysClockFreq
                0x08005190       0xac cmake/stm32cubemx/CMakeFiles/STM32_Drivers.dir/__/__/Drivers/STM32F1xx_HAL_Driver/Src/stm32f1xx_hal_rcc.c.obj
                0x08005190                HAL_RCC_GetSysClockFreq
 .text.HAL_RCC_GetHCLKFreq
                0x0800523c       0x14 cmake/stm32cubemx/CMakeFiles/STM32_Drivers.dir/__/__/Drivers/STM32F1xx_HAL_Driver/Src/stm32f1xx_hal_rcc.c.obj
                0x0800523c                HAL_RCC_GetHCLKFreq
 .text.HAL_RCC_GetPCLK1Freq
                0x08005250       0x28 cmake/stm32cubemx/CMakeFiles/STM32_Drivers.dir/__/__/Drivers/STM32F1xx_HAL_Driver/Src/stm32f1xx_hal_rcc.c.obj
                0x08005250                HAL_RCC_GetPCLK1Freq
 .text.HAL_RCC_GetPCLK2Freq
                0x08005278       0x28 cmake/stm32cubemx/CMakeFiles/STM32_Drivers.dir/__/__/Drivers/STM32F1xx_HAL_Driver/Src/stm32f1xx_hal_rcc.c.obj
                0x08005278                HAL_RCC_GetPCLK2Freq
 .text.RCC_Delay
                0x080052a0       0x3c cmake/stm32cubemx/CMakeFiles/STM32_Drivers.dir/__/__/Drivers/STM32F1xx_HAL_Driver/Src/stm32f1xx_hal_rcc.c.obj
 .text.HAL_RCCEx_PeriphCLKConfig
                0x080052dc      0x16c cmake/stm32cubemx/CMakeFiles/STM32_Drivers.dir/__/__/Drivers/STM32F1xx_HAL_Driver/Src/stm32f1xx_hal_rcc_ex.c.obj
                0x080052dc                HAL_RCCEx_PeriphCLKConfig
 .text.HAL_GPIO_Init
                0x08005448      0x308 cmake/stm32cubemx/CMakeFiles/STM32_Drivers.dir/__/__/Drivers/STM32F1xx_HAL_Driver/Src/stm32f1xx_hal_gpio.c.obj
                0x08005448                HAL_GPIO_Init
 .text.HAL_GPIO_WritePin
                0x08005750       0x30 cmake/stm32cubemx/CMakeFiles/STM32_Drivers.dir/__/__/Drivers/STM32F1xx_HAL_Driver/Src/stm32f1xx_hal_gpio.c.obj
                0x08005750                HAL_GPIO_WritePin
 .text.HAL_GPIO_TogglePin
                0x08005780       0x32 cmake/stm32cubemx/CMakeFiles/STM32_Drivers.dir/__/__/Drivers/STM32F1xx_HAL_Driver/Src/stm32f1xx_hal_gpio.c.obj
                0x08005780                HAL_GPIO_TogglePin
 *fill*         0x080057b2        0x2 
 .text.HAL_DMA_Init
                0x080057b4       0xb4 cmake/stm32cubemx/CMakeFiles/STM32_Drivers.dir/__/__/Drivers/STM32F1xx_HAL_Driver/Src/stm32f1xx_hal_dma.c.obj
                0x080057b4                HAL_DMA_Init
 .text.HAL_DMA_Start_IT
                0x08005868       0xc0 cmake/stm32cubemx/CMakeFiles/STM32_Drivers.dir/__/__/Drivers/STM32F1xx_HAL_Driver/Src/stm32f1xx_hal_dma.c.obj
                0x08005868                HAL_DMA_Start_IT
 .text.HAL_DMA_Abort_IT
                0x08005928       0xf0 cmake/stm32cubemx/CMakeFiles/STM32_Drivers.dir/__/__/Drivers/STM32F1xx_HAL_Driver/Src/stm32f1xx_hal_dma.c.obj
                0x08005928                HAL_DMA_Abort_IT
 .text.HAL_DMA_IRQHandler
                0x08005a18      0x20c cmake/stm32cubemx/CMakeFiles/STM32_Drivers.dir/__/__/Drivers/STM32F1xx_HAL_Driver/Src/stm32f1xx_hal_dma.c.obj
                0x08005a18                HAL_DMA_IRQHandler
 .text.HAL_DMA_GetState
                0x08005c24       0x1a cmake/stm32cubemx/CMakeFiles/STM32_Drivers.dir/__/__/Drivers/STM32F1xx_HAL_Driver/Src/stm32f1xx_hal_dma.c.obj
                0x08005c24                HAL_DMA_GetState
 .text.DMA_SetConfig
                0x08005c3e       0x5a cmake/stm32cubemx/CMakeFiles/STM32_Drivers.dir/__/__/Drivers/STM32F1xx_HAL_Driver/Src/stm32f1xx_hal_dma.c.obj
 .text.__NVIC_SetPriorityGrouping
                0x08005c98       0x48 cmake/stm32cubemx/CMakeFiles/STM32_Drivers.dir/__/__/Drivers/STM32F1xx_HAL_Driver/Src/stm32f1xx_hal_cortex.c.obj
 .text.__NVIC_GetPriorityGrouping
                0x08005ce0       0x1c cmake/stm32cubemx/CMakeFiles/STM32_Drivers.dir/__/__/Drivers/STM32F1xx_HAL_Driver/Src/stm32f1xx_hal_cortex.c.obj
 .text.__NVIC_EnableIRQ
                0x08005cfc       0x38 cmake/stm32cubemx/CMakeFiles/STM32_Drivers.dir/__/__/Drivers/STM32F1xx_HAL_Driver/Src/stm32f1xx_hal_cortex.c.obj
 .text.__NVIC_SetPriority
                0x08005d34       0x54 cmake/stm32cubemx/CMakeFiles/STM32_Drivers.dir/__/__/Drivers/STM32F1xx_HAL_Driver/Src/stm32f1xx_hal_cortex.c.obj
 .text.NVIC_EncodePriority
                0x08005d88       0x64 cmake/stm32cubemx/CMakeFiles/STM32_Drivers.dir/__/__/Drivers/STM32F1xx_HAL_Driver/Src/stm32f1xx_hal_cortex.c.obj
 .text.SysTick_Config
                0x08005dec       0x44 cmake/stm32cubemx/CMakeFiles/STM32_Drivers.dir/__/__/Drivers/STM32F1xx_HAL_Driver/Src/stm32f1xx_hal_cortex.c.obj
 .text.HAL_NVIC_SetPriorityGrouping
                0x08005e30       0x16 cmake/stm32cubemx/CMakeFiles/STM32_Drivers.dir/__/__/Drivers/STM32F1xx_HAL_Driver/Src/stm32f1xx_hal_cortex.c.obj
                0x08005e30                HAL_NVIC_SetPriorityGrouping
 .text.HAL_NVIC_SetPriority
                0x08005e46       0x38 cmake/stm32cubemx/CMakeFiles/STM32_Drivers.dir/__/__/Drivers/STM32F1xx_HAL_Driver/Src/stm32f1xx_hal_cortex.c.obj
                0x08005e46                HAL_NVIC_SetPriority
 .text.HAL_NVIC_EnableIRQ
                0x08005e7e       0x1c cmake/stm32cubemx/CMakeFiles/STM32_Drivers.dir/__/__/Drivers/STM32F1xx_HAL_Driver/Src/stm32f1xx_hal_cortex.c.obj
                0x08005e7e                HAL_NVIC_EnableIRQ
 .text.HAL_SYSTICK_Config
                0x08005e9a       0x18 cmake/stm32cubemx/CMakeFiles/STM32_Drivers.dir/__/__/Drivers/STM32F1xx_HAL_Driver/Src/stm32f1xx_hal_cortex.c.obj
                0x08005e9a                HAL_SYSTICK_Config
 *fill*         0x08005eb2        0x2 
 .text.HAL_I2C_Init
                0x08005eb4      0x288 cmake/stm32cubemx/CMakeFiles/STM32_Drivers.dir/__/__/Drivers/STM32F1xx_HAL_Driver/Src/stm32f1xx_hal_i2c.c.obj
                0x08005eb4                HAL_I2C_Init
 .text.I2C_Flush_DR
                0x0800613c       0x28 cmake/stm32cubemx/CMakeFiles/STM32_Drivers.dir/__/__/Drivers/STM32F1xx_HAL_Driver/Src/stm32f1xx_hal_i2c.c.obj
 .text.HAL_I2C_Master_Transmit_IT
                0x08006164      0x140 cmake/stm32cubemx/CMakeFiles/STM32_Drivers.dir/__/__/Drivers/STM32F1xx_HAL_Driver/Src/stm32f1xx_hal_i2c.c.obj
                0x08006164                HAL_I2C_Master_Transmit_IT
 .text.HAL_I2C_Master_Receive_IT
                0x080062a4      0x150 cmake/stm32cubemx/CMakeFiles/STM32_Drivers.dir/__/__/Drivers/STM32F1xx_HAL_Driver/Src/stm32f1xx_hal_i2c.c.obj
                0x080062a4                HAL_I2C_Master_Receive_IT
 .text.HAL_I2C_EV_IRQHandler
                0x080063f4      0x2e2 cmake/stm32cubemx/CMakeFiles/STM32_Drivers.dir/__/__/Drivers/STM32F1xx_HAL_Driver/Src/stm32f1xx_hal_i2c.c.obj
                0x080063f4                HAL_I2C_EV_IRQHandler
 .text.HAL_I2C_ER_IRQHandler
                0x080066d6      0x15e cmake/stm32cubemx/CMakeFiles/STM32_Drivers.dir/__/__/Drivers/STM32F1xx_HAL_Driver/Src/stm32f1xx_hal_i2c.c.obj
                0x080066d6                HAL_I2C_ER_IRQHandler
 .text.HAL_I2C_SlaveTxCpltCallback
                0x08006834       0x12 cmake/stm32cubemx/CMakeFiles/STM32_Drivers.dir/__/__/Drivers/STM32F1xx_HAL_Driver/Src/stm32f1xx_hal_i2c.c.obj
                0x08006834                HAL_I2C_SlaveTxCpltCallback
 .text.HAL_I2C_SlaveRxCpltCallback
                0x08006846       0x12 cmake/stm32cubemx/CMakeFiles/STM32_Drivers.dir/__/__/Drivers/STM32F1xx_HAL_Driver/Src/stm32f1xx_hal_i2c.c.obj
                0x08006846                HAL_I2C_SlaveRxCpltCallback
 .text.HAL_I2C_AddrCallback
                0x08006858       0x1a cmake/stm32cubemx/CMakeFiles/STM32_Drivers.dir/__/__/Drivers/STM32F1xx_HAL_Driver/Src/stm32f1xx_hal_i2c.c.obj
                0x08006858                HAL_I2C_AddrCallback
 .text.HAL_I2C_ListenCpltCallback
                0x08006872       0x12 cmake/stm32cubemx/CMakeFiles/STM32_Drivers.dir/__/__/Drivers/STM32F1xx_HAL_Driver/Src/stm32f1xx_hal_i2c.c.obj
                0x08006872                HAL_I2C_ListenCpltCallback
 .text.HAL_I2C_MemTxCpltCallback
                0x08006884       0x12 cmake/stm32cubemx/CMakeFiles/STM32_Drivers.dir/__/__/Drivers/STM32F1xx_HAL_Driver/Src/stm32f1xx_hal_i2c.c.obj
                0x08006884                HAL_I2C_MemTxCpltCallback
 .text.HAL_I2C_MemRxCpltCallback
                0x08006896       0x12 cmake/stm32cubemx/CMakeFiles/STM32_Drivers.dir/__/__/Drivers/STM32F1xx_HAL_Driver/Src/stm32f1xx_hal_i2c.c.obj
                0x08006896                HAL_I2C_MemRxCpltCallback
 .text.HAL_I2C_ErrorCallback
                0x080068a8       0x12 cmake/stm32cubemx/CMakeFiles/STM32_Drivers.dir/__/__/Drivers/STM32F1xx_HAL_Driver/Src/stm32f1xx_hal_i2c.c.obj
                0x080068a8                HAL_I2C_ErrorCallback
 .text.HAL_I2C_AbortCpltCallback
                0x080068ba       0x12 cmake/stm32cubemx/CMakeFiles/STM32_Drivers.dir/__/__/Drivers/STM32F1xx_HAL_Driver/Src/stm32f1xx_hal_i2c.c.obj
                0x080068ba                HAL_I2C_AbortCpltCallback
 .text.I2C_MasterTransmit_TXE
                0x080068cc      0x138 cmake/stm32cubemx/CMakeFiles/STM32_Drivers.dir/__/__/Drivers/STM32F1xx_HAL_Driver/Src/stm32f1xx_hal_i2c.c.obj
 .text.I2C_MasterTransmit_BTF
                0x08006a04       0xec cmake/stm32cubemx/CMakeFiles/STM32_Drivers.dir/__/__/Drivers/STM32F1xx_HAL_Driver/Src/stm32f1xx_hal_i2c.c.obj
 .text.I2C_MemoryTransmit_TXE_BTF
                0x08006af0      0x130 cmake/stm32cubemx/CMakeFiles/STM32_Drivers.dir/__/__/Drivers/STM32F1xx_HAL_Driver/Src/stm32f1xx_hal_i2c.c.obj
 .text.I2C_MasterReceive_RXNE
                0x08006c20      0x190 cmake/stm32cubemx/CMakeFiles/STM32_Drivers.dir/__/__/Drivers/STM32F1xx_HAL_Driver/Src/stm32f1xx_hal_i2c.c.obj
 .text.I2C_MasterReceive_BTF
                0x08006db0      0x1e2 cmake/stm32cubemx/CMakeFiles/STM32_Drivers.dir/__/__/Drivers/STM32F1xx_HAL_Driver/Src/stm32f1xx_hal_i2c.c.obj
 .text.I2C_Master_SB
                0x08006f92      0x10a cmake/stm32cubemx/CMakeFiles/STM32_Drivers.dir/__/__/Drivers/STM32F1xx_HAL_Driver/Src/stm32f1xx_hal_i2c.c.obj
 .text.I2C_Master_ADD10
                0x0800709c       0x52 cmake/stm32cubemx/CMakeFiles/STM32_Drivers.dir/__/__/Drivers/STM32F1xx_HAL_Driver/Src/stm32f1xx_hal_i2c.c.obj
 .text.I2C_Master_ADDR
                0x080070ee      0x336 cmake/stm32cubemx/CMakeFiles/STM32_Drivers.dir/__/__/Drivers/STM32F1xx_HAL_Driver/Src/stm32f1xx_hal_i2c.c.obj
 .text.I2C_SlaveTransmit_TXE
                0x08007424       0x7a cmake/stm32cubemx/CMakeFiles/STM32_Drivers.dir/__/__/Drivers/STM32F1xx_HAL_Driver/Src/stm32f1xx_hal_i2c.c.obj
 .text.I2C_SlaveTransmit_BTF
                0x0800749e       0x40 cmake/stm32cubemx/CMakeFiles/STM32_Drivers.dir/__/__/Drivers/STM32F1xx_HAL_Driver/Src/stm32f1xx_hal_i2c.c.obj
 .text.I2C_SlaveReceive_RXNE
                0x080074de       0x7c cmake/stm32cubemx/CMakeFiles/STM32_Drivers.dir/__/__/Drivers/STM32F1xx_HAL_Driver/Src/stm32f1xx_hal_i2c.c.obj
 .text.I2C_SlaveReceive_BTF
                0x0800755a       0x42 cmake/stm32cubemx/CMakeFiles/STM32_Drivers.dir/__/__/Drivers/STM32F1xx_HAL_Driver/Src/stm32f1xx_hal_i2c.c.obj
 .text.I2C_Slave_ADDR
                0x0800759c       0x94 cmake/stm32cubemx/CMakeFiles/STM32_Drivers.dir/__/__/Drivers/STM32F1xx_HAL_Driver/Src/stm32f1xx_hal_i2c.c.obj
 .text.I2C_Slave_STOPF
                0x08007630      0x260 cmake/stm32cubemx/CMakeFiles/STM32_Drivers.dir/__/__/Drivers/STM32F1xx_HAL_Driver/Src/stm32f1xx_hal_i2c.c.obj
 .text.I2C_Slave_AF
                0x08007890       0xe8 cmake/stm32cubemx/CMakeFiles/STM32_Drivers.dir/__/__/Drivers/STM32F1xx_HAL_Driver/Src/stm32f1xx_hal_i2c.c.obj
 .text.I2C_ITError
                0x08007978      0x264 cmake/stm32cubemx/CMakeFiles/STM32_Drivers.dir/__/__/Drivers/STM32F1xx_HAL_Driver/Src/stm32f1xx_hal_i2c.c.obj
 .text.I2C_DMAAbort
                0x08007bdc      0x150 cmake/stm32cubemx/CMakeFiles/STM32_Drivers.dir/__/__/Drivers/STM32F1xx_HAL_Driver/Src/stm32f1xx_hal_i2c.c.obj
 .text.I2C_WaitOnSTOPRequestThroughIT
                0x08007d2c       0x64 cmake/stm32cubemx/CMakeFiles/STM32_Drivers.dir/__/__/Drivers/STM32F1xx_HAL_Driver/Src/stm32f1xx_hal_i2c.c.obj
 .text.I2C_ConvertOtherXferOptions
                0x08007d90       0x34 cmake/stm32cubemx/CMakeFiles/STM32_Drivers.dir/__/__/Drivers/STM32F1xx_HAL_Driver/Src/stm32f1xx_hal_i2c.c.obj
 .text.HAL_SPI_Init
                0x08007dc4      0x108 cmake/stm32cubemx/CMakeFiles/STM32_Drivers.dir/__/__/Drivers/STM32F1xx_HAL_Driver/Src/stm32f1xx_hal_spi.c.obj
                0x08007dc4                HAL_SPI_Init
 .text.HAL_SPI_Transmit
                0x08007ecc      0x288 cmake/stm32cubemx/CMakeFiles/STM32_Drivers.dir/__/__/Drivers/STM32F1xx_HAL_Driver/Src/stm32f1xx_hal_spi.c.obj
                0x08007ecc                HAL_SPI_Transmit
 .text.HAL_SPI_TransmitReceive
                0x08008154      0x352 cmake/stm32cubemx/CMakeFiles/STM32_Drivers.dir/__/__/Drivers/STM32F1xx_HAL_Driver/Src/stm32f1xx_hal_spi.c.obj
                0x08008154                HAL_SPI_TransmitReceive
 *fill*         0x080084a6        0x2 
 .text.HAL_SPI_Transmit_IT
                0x080084a8      0x108 cmake/stm32cubemx/CMakeFiles/STM32_Drivers.dir/__/__/Drivers/STM32F1xx_HAL_Driver/Src/stm32f1xx_hal_spi.c.obj
                0x080084a8                HAL_SPI_Transmit_IT
 .text.HAL_SPI_TransmitReceive_IT
                0x080085b0      0x11c cmake/stm32cubemx/CMakeFiles/STM32_Drivers.dir/__/__/Drivers/STM32F1xx_HAL_Driver/Src/stm32f1xx_hal_spi.c.obj
                0x080085b0                HAL_SPI_TransmitReceive_IT
 .text.HAL_SPI_IRQHandler
                0x080086cc      0x1cc cmake/stm32cubemx/CMakeFiles/STM32_Drivers.dir/__/__/Drivers/STM32F1xx_HAL_Driver/Src/stm32f1xx_hal_spi.c.obj
                0x080086cc                HAL_SPI_IRQHandler
 .text.HAL_SPI_RxCpltCallback
                0x08008898       0x12 cmake/stm32cubemx/CMakeFiles/STM32_Drivers.dir/__/__/Drivers/STM32F1xx_HAL_Driver/Src/stm32f1xx_hal_spi.c.obj
                0x08008898                HAL_SPI_RxCpltCallback
 .text.HAL_SPI_ErrorCallback
                0x080088aa       0x12 cmake/stm32cubemx/CMakeFiles/STM32_Drivers.dir/__/__/Drivers/STM32F1xx_HAL_Driver/Src/stm32f1xx_hal_spi.c.obj
                0x080088aa                HAL_SPI_ErrorCallback
 .text.SPI_DMAAbortOnError
                0x080088bc       0x28 cmake/stm32cubemx/CMakeFiles/STM32_Drivers.dir/__/__/Drivers/STM32F1xx_HAL_Driver/Src/stm32f1xx_hal_spi.c.obj
 .text.SPI_2linesRxISR_8BIT
                0x080088e4       0x64 cmake/stm32cubemx/CMakeFiles/STM32_Drivers.dir/__/__/Drivers/STM32F1xx_HAL_Driver/Src/stm32f1xx_hal_spi.c.obj
 .text.SPI_2linesTxISR_8BIT
                0x08008948       0x60 cmake/stm32cubemx/CMakeFiles/STM32_Drivers.dir/__/__/Drivers/STM32F1xx_HAL_Driver/Src/stm32f1xx_hal_spi.c.obj
 .text.SPI_2linesRxISR_16BIT
                0x080089a8       0x60 cmake/stm32cubemx/CMakeFiles/STM32_Drivers.dir/__/__/Drivers/STM32F1xx_HAL_Driver/Src/stm32f1xx_hal_spi.c.obj
 .text.SPI_2linesTxISR_16BIT
                0x08008a08       0x5e cmake/stm32cubemx/CMakeFiles/STM32_Drivers.dir/__/__/Drivers/STM32F1xx_HAL_Driver/Src/stm32f1xx_hal_spi.c.obj
 .text.SPI_TxISR_8BIT
                0x08008a66       0x46 cmake/stm32cubemx/CMakeFiles/STM32_Drivers.dir/__/__/Drivers/STM32F1xx_HAL_Driver/Src/stm32f1xx_hal_spi.c.obj
 .text.SPI_TxISR_16BIT
                0x08008aac       0x44 cmake/stm32cubemx/CMakeFiles/STM32_Drivers.dir/__/__/Drivers/STM32F1xx_HAL_Driver/Src/stm32f1xx_hal_spi.c.obj
 .text.SPI_WaitFlagStateUntilTimeout
                0x08008af0      0x110 cmake/stm32cubemx/CMakeFiles/STM32_Drivers.dir/__/__/Drivers/STM32F1xx_HAL_Driver/Src/stm32f1xx_hal_spi.c.obj
 .text.SPI_EndRxTxTransaction
                0x08008c00       0x62 cmake/stm32cubemx/CMakeFiles/STM32_Drivers.dir/__/__/Drivers/STM32F1xx_HAL_Driver/Src/stm32f1xx_hal_spi.c.obj
 *fill*         0x08008c62        0x2 
 .text.SPI_CloseRxTx_ISR
                0x08008c64       0xe8 cmake/stm32cubemx/CMakeFiles/STM32_Drivers.dir/__/__/Drivers/STM32F1xx_HAL_Driver/Src/stm32f1xx_hal_spi.c.obj
 .text.SPI_CloseTx_ISR
                0x08008d4c       0xc4 cmake/stm32cubemx/CMakeFiles/STM32_Drivers.dir/__/__/Drivers/STM32F1xx_HAL_Driver/Src/stm32f1xx_hal_spi.c.obj
 .text.HAL_TIM_Base_Init
                0x08008e10       0x9e cmake/stm32cubemx/CMakeFiles/STM32_Drivers.dir/__/__/Drivers/STM32F1xx_HAL_Driver/Src/stm32f1xx_hal_tim.c.obj
                0x08008e10                HAL_TIM_Base_Init
 *fill*         0x08008eae        0x2 
 .text.HAL_TIM_Base_Start_IT
                0x08008eb0       0xa4 cmake/stm32cubemx/CMakeFiles/STM32_Drivers.dir/__/__/Drivers/STM32F1xx_HAL_Driver/Src/stm32f1xx_hal_tim.c.obj
                0x08008eb0                HAL_TIM_Base_Start_IT
 .text.HAL_TIM_PWM_Init
                0x08008f54       0x9e cmake/stm32cubemx/CMakeFiles/STM32_Drivers.dir/__/__/Drivers/STM32F1xx_HAL_Driver/Src/stm32f1xx_hal_tim.c.obj
                0x08008f54                HAL_TIM_PWM_Init
 *fill*         0x08008ff2        0x2 
 .text.HAL_TIM_PWM_Start_DMA
                0x08008ff4      0x344 cmake/stm32cubemx/CMakeFiles/STM32_Drivers.dir/__/__/Drivers/STM32F1xx_HAL_Driver/Src/stm32f1xx_hal_tim.c.obj
                0x08008ff4                HAL_TIM_PWM_Start_DMA
 .text.HAL_TIM_IRQHandler
                0x08009338      0x1e0 cmake/stm32cubemx/CMakeFiles/STM32_Drivers.dir/__/__/Drivers/STM32F1xx_HAL_Driver/Src/stm32f1xx_hal_tim.c.obj
                0x08009338                HAL_TIM_IRQHandler
 .text.HAL_TIM_PWM_ConfigChannel
                0x08009518      0x184 cmake/stm32cubemx/CMakeFiles/STM32_Drivers.dir/__/__/Drivers/STM32F1xx_HAL_Driver/Src/stm32f1xx_hal_tim.c.obj
                0x08009518                HAL_TIM_PWM_ConfigChannel
 .text.HAL_TIM_ConfigClockSource
                0x0800969c      0x18e cmake/stm32cubemx/CMakeFiles/STM32_Drivers.dir/__/__/Drivers/STM32F1xx_HAL_Driver/Src/stm32f1xx_hal_tim.c.obj
                0x0800969c                HAL_TIM_ConfigClockSource
 .text.HAL_TIM_PeriodElapsedCallback
                0x0800982a       0x12 cmake/stm32cubemx/CMakeFiles/STM32_Drivers.dir/__/__/Drivers/STM32F1xx_HAL_Driver/Src/stm32f1xx_hal_tim.c.obj
                0x0800982a                HAL_TIM_PeriodElapsedCallback
 .text.HAL_TIM_OC_DelayElapsedCallback
                0x0800983c       0x12 cmake/stm32cubemx/CMakeFiles/STM32_Drivers.dir/__/__/Drivers/STM32F1xx_HAL_Driver/Src/stm32f1xx_hal_tim.c.obj
                0x0800983c                HAL_TIM_OC_DelayElapsedCallback
 .text.HAL_TIM_IC_CaptureCallback
                0x0800984e       0x12 cmake/stm32cubemx/CMakeFiles/STM32_Drivers.dir/__/__/Drivers/STM32F1xx_HAL_Driver/Src/stm32f1xx_hal_tim.c.obj
                0x0800984e                HAL_TIM_IC_CaptureCallback
 .text.HAL_TIM_PWM_PulseFinishedCallback
                0x08009860       0x12 cmake/stm32cubemx/CMakeFiles/STM32_Drivers.dir/__/__/Drivers/STM32F1xx_HAL_Driver/Src/stm32f1xx_hal_tim.c.obj
                0x08009860                HAL_TIM_PWM_PulseFinishedCallback
 .text.HAL_TIM_PWM_PulseFinishedHalfCpltCallback
                0x08009872       0x12 cmake/stm32cubemx/CMakeFiles/STM32_Drivers.dir/__/__/Drivers/STM32F1xx_HAL_Driver/Src/stm32f1xx_hal_tim.c.obj
                0x08009872                HAL_TIM_PWM_PulseFinishedHalfCpltCallback
 .text.HAL_TIM_TriggerCallback
                0x08009884       0x12 cmake/stm32cubemx/CMakeFiles/STM32_Drivers.dir/__/__/Drivers/STM32F1xx_HAL_Driver/Src/stm32f1xx_hal_tim.c.obj
                0x08009884                HAL_TIM_TriggerCallback
 .text.HAL_TIM_ErrorCallback
                0x08009896       0x12 cmake/stm32cubemx/CMakeFiles/STM32_Drivers.dir/__/__/Drivers/STM32F1xx_HAL_Driver/Src/stm32f1xx_hal_tim.c.obj
                0x08009896                HAL_TIM_ErrorCallback
 .text.TIM_DMAError
                0x080098a8       0x92 cmake/stm32cubemx/CMakeFiles/STM32_Drivers.dir/__/__/Drivers/STM32F1xx_HAL_Driver/Src/stm32f1xx_hal_tim.c.obj
                0x080098a8                TIM_DMAError
 .text.TIM_DMADelayPulseCplt
                0x0800993a       0xa8 cmake/stm32cubemx/CMakeFiles/STM32_Drivers.dir/__/__/Drivers/STM32F1xx_HAL_Driver/Src/stm32f1xx_hal_tim.c.obj
 .text.TIM_DMADelayPulseHalfCplt
                0x080099e2       0x68 cmake/stm32cubemx/CMakeFiles/STM32_Drivers.dir/__/__/Drivers/STM32F1xx_HAL_Driver/Src/stm32f1xx_hal_tim.c.obj
                0x080099e2                TIM_DMADelayPulseHalfCplt
 *fill*         0x08009a4a        0x2 
 .text.TIM_Base_SetConfig
                0x08009a4c       0xdc cmake/stm32cubemx/CMakeFiles/STM32_Drivers.dir/__/__/Drivers/STM32F1xx_HAL_Driver/Src/stm32f1xx_hal_tim.c.obj
                0x08009a4c                TIM_Base_SetConfig
 .text.TIM_OC1_SetConfig
                0x08009b28       0xcc cmake/stm32cubemx/CMakeFiles/STM32_Drivers.dir/__/__/Drivers/STM32F1xx_HAL_Driver/Src/stm32f1xx_hal_tim.c.obj
 .text.TIM_OC2_SetConfig
                0x08009bf4       0xd4 cmake/stm32cubemx/CMakeFiles/STM32_Drivers.dir/__/__/Drivers/STM32F1xx_HAL_Driver/Src/stm32f1xx_hal_tim.c.obj
                0x08009bf4                TIM_OC2_SetConfig
 .text.TIM_OC3_SetConfig
                0x08009cc8       0xd4 cmake/stm32cubemx/CMakeFiles/STM32_Drivers.dir/__/__/Drivers/STM32F1xx_HAL_Driver/Src/stm32f1xx_hal_tim.c.obj
 .text.TIM_OC4_SetConfig
                0x08009d9c       0x9c cmake/stm32cubemx/CMakeFiles/STM32_Drivers.dir/__/__/Drivers/STM32F1xx_HAL_Driver/Src/stm32f1xx_hal_tim.c.obj
 .text.TIM_TI1_ConfigInputStage
                0x08009e38       0x5c cmake/stm32cubemx/CMakeFiles/STM32_Drivers.dir/__/__/Drivers/STM32F1xx_HAL_Driver/Src/stm32f1xx_hal_tim.c.obj
 .text.TIM_TI2_ConfigInputStage
                0x08009e94       0x5e cmake/stm32cubemx/CMakeFiles/STM32_Drivers.dir/__/__/Drivers/STM32F1xx_HAL_Driver/Src/stm32f1xx_hal_tim.c.obj
 .text.TIM_ITRx_SetConfig
                0x08009ef2       0x34 cmake/stm32cubemx/CMakeFiles/STM32_Drivers.dir/__/__/Drivers/STM32F1xx_HAL_Driver/Src/stm32f1xx_hal_tim.c.obj
 .text.TIM_ETR_SetConfig
                0x08009f26       0x3e cmake/stm32cubemx/CMakeFiles/STM32_Drivers.dir/__/__/Drivers/STM32F1xx_HAL_Driver/Src/stm32f1xx_hal_tim.c.obj
                0x08009f26                TIM_ETR_SetConfig
 .text.TIM_CCxChannelCmd
                0x08009f64       0x48 cmake/stm32cubemx/CMakeFiles/STM32_Drivers.dir/__/__/Drivers/STM32F1xx_HAL_Driver/Src/stm32f1xx_hal_tim.c.obj
                0x08009f64                TIM_CCxChannelCmd
 .text.HAL_TIMEx_MasterConfigSynchronization
                0x08009fac       0xbc cmake/stm32cubemx/CMakeFiles/STM32_Drivers.dir/__/__/Drivers/STM32F1xx_HAL_Driver/Src/stm32f1xx_hal_tim_ex.c.obj
                0x08009fac                HAL_TIMEx_MasterConfigSynchronization
 .text.HAL_TIMEx_CommutCallback
                0x0800a068       0x12 cmake/stm32cubemx/CMakeFiles/STM32_Drivers.dir/__/__/Drivers/STM32F1xx_HAL_Driver/Src/stm32f1xx_hal_tim_ex.c.obj
                0x0800a068                HAL_TIMEx_CommutCallback
 .text.HAL_TIMEx_BreakCallback
                0x0800a07a       0x12 cmake/stm32cubemx/CMakeFiles/STM32_Drivers.dir/__/__/Drivers/STM32F1xx_HAL_Driver/Src/stm32f1xx_hal_tim_ex.c.obj
                0x0800a07a                HAL_TIMEx_BreakCallback
 .text.HAL_UART_Init
                0x0800a08c       0xa0 cmake/stm32cubemx/CMakeFiles/STM32_Drivers.dir/__/__/Drivers/STM32F1xx_HAL_Driver/Src/stm32f1xx_hal_uart.c.obj
                0x0800a08c                HAL_UART_Init
 .text.UART_SetConfig
                0x0800a12c      0x11c cmake/stm32cubemx/CMakeFiles/STM32_Drivers.dir/__/__/Drivers/STM32F1xx_HAL_Driver/Src/stm32f1xx_hal_uart.c.obj
 .text.USBD_Init
                0x0800a248       0x70 cmake/stm32cubemx/CMakeFiles/USB_Device_Library.dir/__/__/Middlewares/ST/STM32_USB_Device_Library/Core/Src/usbd_core.c.obj
                0x0800a248                USBD_Init
 .text.USBD_RegisterClass
                0x0800a2b8       0x4c cmake/stm32cubemx/CMakeFiles/USB_Device_Library.dir/__/__/Middlewares/ST/STM32_USB_Device_Library/Core/Src/usbd_core.c.obj
                0x0800a2b8                USBD_RegisterClass
 .text.USBD_Start
                0x0800a304       0x18 cmake/stm32cubemx/CMakeFiles/USB_Device_Library.dir/__/__/Middlewares/ST/STM32_USB_Device_Library/Core/Src/usbd_core.c.obj
                0x0800a304                USBD_Start
 .text.USBD_RunTestMode
                0x0800a31c       0x14 cmake/stm32cubemx/CMakeFiles/USB_Device_Library.dir/__/__/Middlewares/ST/STM32_USB_Device_Library/Core/Src/usbd_core.c.obj
                0x0800a31c                USBD_RunTestMode
 .text.USBD_SetClassConfig
                0x0800a330       0x3e cmake/stm32cubemx/CMakeFiles/USB_Device_Library.dir/__/__/Middlewares/ST/STM32_USB_Device_Library/Core/Src/usbd_core.c.obj
                0x0800a330                USBD_SetClassConfig
 .text.USBD_ClrClassConfig
                0x0800a36e       0x26 cmake/stm32cubemx/CMakeFiles/USB_Device_Library.dir/__/__/Middlewares/ST/STM32_USB_Device_Library/Core/Src/usbd_core.c.obj
                0x0800a36e                USBD_ClrClassConfig
 .text.USBD_LL_SetupStage
                0x0800a394       0x9a cmake/stm32cubemx/CMakeFiles/USB_Device_Library.dir/__/__/Middlewares/ST/STM32_USB_Device_Library/Core/Src/usbd_core.c.obj
                0x0800a394                USBD_LL_SetupStage
 .text.USBD_LL_DataOutStage
                0x0800a42e       0xe2 cmake/stm32cubemx/CMakeFiles/USB_Device_Library.dir/__/__/Middlewares/ST/STM32_USB_Device_Library/Core/Src/usbd_core.c.obj
                0x0800a42e                USBD_LL_DataOutStage
 .text.USBD_LL_DataInStage
                0x0800a510      0x14a cmake/stm32cubemx/CMakeFiles/USB_Device_Library.dir/__/__/Middlewares/ST/STM32_USB_Device_Library/Core/Src/usbd_core.c.obj
                0x0800a510                USBD_LL_DataInStage
 .text.USBD_LL_Reset
                0x0800a65a       0x82 cmake/stm32cubemx/CMakeFiles/USB_Device_Library.dir/__/__/Middlewares/ST/STM32_USB_Device_Library/Core/Src/usbd_core.c.obj
                0x0800a65a                USBD_LL_Reset
 .text.USBD_LL_SetSpeed
                0x0800a6dc       0x1e cmake/stm32cubemx/CMakeFiles/USB_Device_Library.dir/__/__/Middlewares/ST/STM32_USB_Device_Library/Core/Src/usbd_core.c.obj
                0x0800a6dc                USBD_LL_SetSpeed
 .text.USBD_LL_Suspend
                0x0800a6fa       0x28 cmake/stm32cubemx/CMakeFiles/USB_Device_Library.dir/__/__/Middlewares/ST/STM32_USB_Device_Library/Core/Src/usbd_core.c.obj
                0x0800a6fa                USBD_LL_Suspend
 .text.USBD_LL_Resume
                0x0800a722       0x2a cmake/stm32cubemx/CMakeFiles/USB_Device_Library.dir/__/__/Middlewares/ST/STM32_USB_Device_Library/Core/Src/usbd_core.c.obj
                0x0800a722                USBD_LL_Resume
 .text.USBD_LL_SOF
                0x0800a74c       0x34 cmake/stm32cubemx/CMakeFiles/USB_Device_Library.dir/__/__/Middlewares/ST/STM32_USB_Device_Library/Core/Src/usbd_core.c.obj
                0x0800a74c                USBD_LL_SOF
 .text.USBD_StdDevReq
                0x0800a780       0xd4 cmake/stm32cubemx/CMakeFiles/USB_Device_Library.dir/__/__/Middlewares/ST/STM32_USB_Device_Library/Core/Src/usbd_ctlreq.c.obj
                0x0800a780                USBD_StdDevReq
 .text.USBD_StdItfReq
                0x0800a854       0x90 cmake/stm32cubemx/CMakeFiles/USB_Device_Library.dir/__/__/Middlewares/ST/STM32_USB_Device_Library/Core/Src/usbd_ctlreq.c.obj
                0x0800a854                USBD_StdItfReq
 .text.USBD_StdEPReq
                0x0800a8e4      0x2c6 cmake/stm32cubemx/CMakeFiles/USB_Device_Library.dir/__/__/Middlewares/ST/STM32_USB_Device_Library/Core/Src/usbd_ctlreq.c.obj
                0x0800a8e4                USBD_StdEPReq
 *fill*         0x0800abaa        0x2 
 .text.USBD_GetDescriptor
                0x0800abac      0x2d0 cmake/stm32cubemx/CMakeFiles/USB_Device_Library.dir/__/__/Middlewares/ST/STM32_USB_Device_Library/Core/Src/usbd_ctlreq.c.obj
 .text.USBD_SetAddress
                0x0800ae7c       0x86 cmake/stm32cubemx/CMakeFiles/USB_Device_Library.dir/__/__/Middlewares/ST/STM32_USB_Device_Library/Core/Src/usbd_ctlreq.c.obj
 *fill*         0x0800af02        0x2 
 .text.USBD_SetConfig
                0x0800af04      0x11c cmake/stm32cubemx/CMakeFiles/USB_Device_Library.dir/__/__/Middlewares/ST/STM32_USB_Device_Library/Core/Src/usbd_ctlreq.c.obj
 .text.USBD_GetConfig
                0x0800b020       0x6a cmake/stm32cubemx/CMakeFiles/USB_Device_Library.dir/__/__/Middlewares/ST/STM32_USB_Device_Library/Core/Src/usbd_ctlreq.c.obj
 .text.USBD_GetStatus
                0x0800b08a       0x66 cmake/stm32cubemx/CMakeFiles/USB_Device_Library.dir/__/__/Middlewares/ST/STM32_USB_Device_Library/Core/Src/usbd_ctlreq.c.obj
 .text.USBD_SetFeature
                0x0800b0f0       0x28 cmake/stm32cubemx/CMakeFiles/USB_Device_Library.dir/__/__/Middlewares/ST/STM32_USB_Device_Library/Core/Src/usbd_ctlreq.c.obj
 .text.USBD_ClrFeature
                0x0800b118       0x42 cmake/stm32cubemx/CMakeFiles/USB_Device_Library.dir/__/__/Middlewares/ST/STM32_USB_Device_Library/Core/Src/usbd_ctlreq.c.obj
 .text.USBD_ParseSetupRequest
                0x0800b15a       0x72 cmake/stm32cubemx/CMakeFiles/USB_Device_Library.dir/__/__/Middlewares/ST/STM32_USB_Device_Library/Core/Src/usbd_ctlreq.c.obj
                0x0800b15a                USBD_ParseSetupRequest
 .text.USBD_CtlError
                0x0800b1cc       0x22 cmake/stm32cubemx/CMakeFiles/USB_Device_Library.dir/__/__/Middlewares/ST/STM32_USB_Device_Library/Core/Src/usbd_ctlreq.c.obj
                0x0800b1cc                USBD_CtlError
 .text.USBD_GetString
                0x0800b1ee       0x84 cmake/stm32cubemx/CMakeFiles/USB_Device_Library.dir/__/__/Middlewares/ST/STM32_USB_Device_Library/Core/Src/usbd_ctlreq.c.obj
                0x0800b1ee                USBD_GetString
 .text.USBD_GetLen
                0x0800b272       0x2e cmake/stm32cubemx/CMakeFiles/USB_Device_Library.dir/__/__/Middlewares/ST/STM32_USB_Device_Library/Core/Src/usbd_ctlreq.c.obj
 .text.USBD_CtlSendData
                0x0800b2a0       0x38 cmake/stm32cubemx/CMakeFiles/USB_Device_Library.dir/__/__/Middlewares/ST/STM32_USB_Device_Library/Core/Src/usbd_ioreq.c.obj
                0x0800b2a0                USBD_CtlSendData
 .text.USBD_CtlContinueSendData
                0x0800b2d8       0x24 cmake/stm32cubemx/CMakeFiles/USB_Device_Library.dir/__/__/Middlewares/ST/STM32_USB_Device_Library/Core/Src/usbd_ioreq.c.obj
                0x0800b2d8                USBD_CtlContinueSendData
 .text.USBD_CtlPrepareRx
                0x0800b2fc       0x3c cmake/stm32cubemx/CMakeFiles/USB_Device_Library.dir/__/__/Middlewares/ST/STM32_USB_Device_Library/Core/Src/usbd_ioreq.c.obj
                0x0800b2fc                USBD_CtlPrepareRx
 .text.USBD_CtlContinueRx
                0x0800b338       0x24 cmake/stm32cubemx/CMakeFiles/USB_Device_Library.dir/__/__/Middlewares/ST/STM32_USB_Device_Library/Core/Src/usbd_ioreq.c.obj
                0x0800b338                USBD_CtlContinueRx
 .text.USBD_CtlSendStatus
                0x0800b35c       0x26 cmake/stm32cubemx/CMakeFiles/USB_Device_Library.dir/__/__/Middlewares/ST/STM32_USB_Device_Library/Core/Src/usbd_ioreq.c.obj
                0x0800b35c                USBD_CtlSendStatus
 .text.USBD_CtlReceiveStatus
                0x0800b382       0x26 cmake/stm32cubemx/CMakeFiles/USB_Device_Library.dir/__/__/Middlewares/ST/STM32_USB_Device_Library/Core/Src/usbd_ioreq.c.obj
                0x0800b382                USBD_CtlReceiveStatus
 .text.USBD_CDC_Init
                0x0800b3a8       0xf4 cmake/stm32cubemx/CMakeFiles/USB_Device_Library.dir/__/__/Middlewares/ST/STM32_USB_Device_Library/Class/CDC/Src/usbd_cdc.c.obj
 .text.USBD_CDC_DeInit
                0x0800b49c       0x6e cmake/stm32cubemx/CMakeFiles/USB_Device_Library.dir/__/__/Middlewares/ST/STM32_USB_Device_Library/Class/CDC/Src/usbd_cdc.c.obj
 .text.USBD_CDC_Setup
                0x0800b50a      0x146 cmake/stm32cubemx/CMakeFiles/USB_Device_Library.dir/__/__/Middlewares/ST/STM32_USB_Device_Library/Class/CDC/Src/usbd_cdc.c.obj
 .text.USBD_CDC_DataIn
                0x0800b650       0xa6 cmake/stm32cubemx/CMakeFiles/USB_Device_Library.dir/__/__/Middlewares/ST/STM32_USB_Device_Library/Class/CDC/Src/usbd_cdc.c.obj
 .text.USBD_CDC_DataOut
                0x0800b6f6       0x56 cmake/stm32cubemx/CMakeFiles/USB_Device_Library.dir/__/__/Middlewares/ST/STM32_USB_Device_Library/Class/CDC/Src/usbd_cdc.c.obj
 .text.USBD_CDC_EP0_RxReady
                0x0800b74c       0x4e cmake/stm32cubemx/CMakeFiles/USB_Device_Library.dir/__/__/Middlewares/ST/STM32_USB_Device_Library/Class/CDC/Src/usbd_cdc.c.obj
 *fill*         0x0800b79a        0x2 
 .text.USBD_CDC_GetFSCfgDesc
                0x0800b79c       0x20 cmake/stm32cubemx/CMakeFiles/USB_Device_Library.dir/__/__/Middlewares/ST/STM32_USB_Device_Library/Class/CDC/Src/usbd_cdc.c.obj
 .text.USBD_CDC_GetHSCfgDesc
                0x0800b7bc       0x20 cmake/stm32cubemx/CMakeFiles/USB_Device_Library.dir/__/__/Middlewares/ST/STM32_USB_Device_Library/Class/CDC/Src/usbd_cdc.c.obj
 .text.USBD_CDC_GetOtherSpeedCfgDesc
                0x0800b7dc       0x20 cmake/stm32cubemx/CMakeFiles/USB_Device_Library.dir/__/__/Middlewares/ST/STM32_USB_Device_Library/Class/CDC/Src/usbd_cdc.c.obj
 .text.USBD_CDC_GetDeviceQualifierDescriptor
                0x0800b7fc       0x20 cmake/stm32cubemx/CMakeFiles/USB_Device_Library.dir/__/__/Middlewares/ST/STM32_USB_Device_Library/Class/CDC/Src/usbd_cdc.c.obj
                0x0800b7fc                USBD_CDC_GetDeviceQualifierDescriptor
 .text.USBD_CDC_RegisterInterface
                0x0800b81c       0x2c cmake/stm32cubemx/CMakeFiles/USB_Device_Library.dir/__/__/Middlewares/ST/STM32_USB_Device_Library/Class/CDC/Src/usbd_cdc.c.obj
                0x0800b81c                USBD_CDC_RegisterInterface
 .text.USBD_CDC_SetTxBuffer
                0x0800b848       0x32 cmake/stm32cubemx/CMakeFiles/USB_Device_Library.dir/__/__/Middlewares/ST/STM32_USB_Device_Library/Class/CDC/Src/usbd_cdc.c.obj
                0x0800b848                USBD_CDC_SetTxBuffer
 .text.USBD_CDC_SetRxBuffer
                0x0800b87a       0x26 cmake/stm32cubemx/CMakeFiles/USB_Device_Library.dir/__/__/Middlewares/ST/STM32_USB_Device_Library/Class/CDC/Src/usbd_cdc.c.obj
                0x0800b87a                USBD_CDC_SetRxBuffer
 .text.USBD_CDC_TransmitPacket
                0x0800b8a0       0x5e cmake/stm32cubemx/CMakeFiles/USB_Device_Library.dir/__/__/Middlewares/ST/STM32_USB_Device_Library/Class/CDC/Src/usbd_cdc.c.obj
                0x0800b8a0                USBD_CDC_TransmitPacket
 .text.USBD_CDC_ReceivePacket
                0x0800b8fe       0x54 cmake/stm32cubemx/CMakeFiles/USB_Device_Library.dir/__/__/Middlewares/ST/STM32_USB_Device_Library/Class/CDC/Src/usbd_cdc.c.obj
                0x0800b8fe                USBD_CDC_ReceivePacket
 *fill*         0x0800b952        0x2 
 .text.HAL_PCD_MspInit
                0x0800b954       0x4c CMakeFiles/STelescope.dir/USB_DEVICE/Target/usbd_conf.c.obj
                0x0800b954                HAL_PCD_MspInit
 .text.HAL_PCD_SetupStageCallback
                0x0800b9a0       0x24 CMakeFiles/STelescope.dir/USB_DEVICE/Target/usbd_conf.c.obj
                0x0800b9a0                HAL_PCD_SetupStageCallback
 .text.HAL_PCD_DataOutStageCallback
                0x0800b9c4       0x36 CMakeFiles/STelescope.dir/USB_DEVICE/Target/usbd_conf.c.obj
                0x0800b9c4                HAL_PCD_DataOutStageCallback
 .text.HAL_PCD_DataInStageCallback
                0x0800b9fa       0x34 CMakeFiles/STelescope.dir/USB_DEVICE/Target/usbd_conf.c.obj
                0x0800b9fa                HAL_PCD_DataInStageCallback
 .text.HAL_PCD_SOFCallback
                0x0800ba2e       0x1c CMakeFiles/STelescope.dir/USB_DEVICE/Target/usbd_conf.c.obj
                0x0800ba2e                HAL_PCD_SOFCallback
 .text.HAL_PCD_ResetCallback
                0x0800ba4a       0x3c CMakeFiles/STelescope.dir/USB_DEVICE/Target/usbd_conf.c.obj
                0x0800ba4a                HAL_PCD_ResetCallback
 *fill*         0x0800ba86        0x2 
 .text.HAL_PCD_SuspendCallback
                0x0800ba88       0x34 CMakeFiles/STelescope.dir/USB_DEVICE/Target/usbd_conf.c.obj
                0x0800ba88                HAL_PCD_SuspendCallback
 .text.HAL_PCD_ResumeCallback
                0x0800babc       0x1c CMakeFiles/STelescope.dir/USB_DEVICE/Target/usbd_conf.c.obj
                0x0800babc                HAL_PCD_ResumeCallback
 .text.USBD_LL_Init
                0x0800bad8       0xb4 CMakeFiles/STelescope.dir/USB_DEVICE/Target/usbd_conf.c.obj
                0x0800bad8                USBD_LL_Init
 .text.USBD_LL_Start
                0x0800bb8c       0x36 CMakeFiles/STelescope.dir/USB_DEVICE/Target/usbd_conf.c.obj
                0x0800bb8c                USBD_LL_Start
 .text.USBD_LL_OpenEP
                0x0800bbc2       0x4c CMakeFiles/STelescope.dir/USB_DEVICE/Target/usbd_conf.c.obj
                0x0800bbc2                USBD_LL_OpenEP
 .text.USBD_LL_CloseEP
                0x0800bc0e       0x3e CMakeFiles/STelescope.dir/USB_DEVICE/Target/usbd_conf.c.obj
                0x0800bc0e                USBD_LL_CloseEP
 .text.USBD_LL_StallEP
                0x0800bc4c       0x3e CMakeFiles/STelescope.dir/USB_DEVICE/Target/usbd_conf.c.obj
                0x0800bc4c                USBD_LL_StallEP
 .text.USBD_LL_ClearStallEP
                0x0800bc8a       0x3e CMakeFiles/STelescope.dir/USB_DEVICE/Target/usbd_conf.c.obj
                0x0800bc8a                USBD_LL_ClearStallEP
 .text.USBD_LL_IsStallEP
                0x0800bcc8       0x56 CMakeFiles/STelescope.dir/USB_DEVICE/Target/usbd_conf.c.obj
                0x0800bcc8                USBD_LL_IsStallEP
 .text.USBD_LL_SetUSBAddress
                0x0800bd1e       0x3e CMakeFiles/STelescope.dir/USB_DEVICE/Target/usbd_conf.c.obj
                0x0800bd1e                USBD_LL_SetUSBAddress
 .text.USBD_LL_Transmit
                0x0800bd5c       0x46 CMakeFiles/STelescope.dir/USB_DEVICE/Target/usbd_conf.c.obj
                0x0800bd5c                USBD_LL_Transmit
 .text.USBD_LL_PrepareReceive
                0x0800bda2       0x46 CMakeFiles/STelescope.dir/USB_DEVICE/Target/usbd_conf.c.obj
                0x0800bda2                USBD_LL_PrepareReceive
 .text.USBD_LL_GetRxDataSize
                0x0800bde8       0x26 CMakeFiles/STelescope.dir/USB_DEVICE/Target/usbd_conf.c.obj
                0x0800bde8                USBD_LL_GetRxDataSize
 *fill*         0x0800be0e        0x2 
 .text.USBD_static_malloc
                0x0800be10       0x18 CMakeFiles/STelescope.dir/USB_DEVICE/Target/usbd_conf.c.obj
                0x0800be10                USBD_static_malloc
 .text.USBD_static_free
                0x0800be28       0x12 CMakeFiles/STelescope.dir/USB_DEVICE/Target/usbd_conf.c.obj
                0x0800be28                USBD_static_free
 .text.HAL_PCDEx_SetConnectionState
                0x0800be3a       0x16 CMakeFiles/STelescope.dir/USB_DEVICE/Target/usbd_conf.c.obj
                0x0800be3a                HAL_PCDEx_SetConnectionState
 .text.USBD_Get_USB_Status
                0x0800be50       0x58 CMakeFiles/STelescope.dir/USB_DEVICE/Target/usbd_conf.c.obj
 .text.MX_USB_DEVICE_Init
                0x0800bea8       0x60 CMakeFiles/STelescope.dir/USB_DEVICE/App/usb_device.c.obj
                0x0800bea8                MX_USB_DEVICE_Init
 .text.USBD_FS_DeviceDescriptor
                0x0800bf08       0x24 CMakeFiles/STelescope.dir/USB_DEVICE/App/usbd_desc.c.obj
                0x0800bf08                USBD_FS_DeviceDescriptor
 .text.USBD_FS_LangIDStrDescriptor
                0x0800bf2c       0x24 CMakeFiles/STelescope.dir/USB_DEVICE/App/usbd_desc.c.obj
                0x0800bf2c                USBD_FS_LangIDStrDescriptor
 .text.USBD_FS_ProductStrDescriptor
                0x0800bf50       0x3c CMakeFiles/STelescope.dir/USB_DEVICE/App/usbd_desc.c.obj
                0x0800bf50                USBD_FS_ProductStrDescriptor
 .text.USBD_FS_ManufacturerStrDescriptor
                0x0800bf8c       0x28 CMakeFiles/STelescope.dir/USB_DEVICE/App/usbd_desc.c.obj
                0x0800bf8c                USBD_FS_ManufacturerStrDescriptor
 .text.USBD_FS_SerialStrDescriptor
                0x0800bfb4       0x24 CMakeFiles/STelescope.dir/USB_DEVICE/App/usbd_desc.c.obj
                0x0800bfb4                USBD_FS_SerialStrDescriptor
 .text.USBD_FS_ConfigStrDescriptor
                0x0800bfd8       0x3c CMakeFiles/STelescope.dir/USB_DEVICE/App/usbd_desc.c.obj
                0x0800bfd8                USBD_FS_ConfigStrDescriptor
 .text.USBD_FS_InterfaceStrDescriptor
                0x0800c014       0x3c CMakeFiles/STelescope.dir/USB_DEVICE/App/usbd_desc.c.obj
                0x0800c014                USBD_FS_InterfaceStrDescriptor
 .text.Get_SerialNum
                0x0800c050       0x58 CMakeFiles/STelescope.dir/USB_DEVICE/App/usbd_desc.c.obj
 .text.IntToUnicode
                0x0800c0a8       0x7c CMakeFiles/STelescope.dir/USB_DEVICE/App/usbd_desc.c.obj
 .text.CDC_Init_FS
                0x0800c124       0x28 CMakeFiles/STelescope.dir/USB_DEVICE/App/usbd_cdc_if.c.obj
 .text.CDC_DeInit_FS
                0x0800c14c        0xe CMakeFiles/STelescope.dir/USB_DEVICE/App/usbd_cdc_if.c.obj
 *fill*         0x0800c15a        0x2 
 .text.CDC_Control_FS
                0x0800c15c      0x15c CMakeFiles/STelescope.dir/USB_DEVICE/App/usbd_cdc_if.c.obj
 .text.CDC_Receive_FS
                0x0800c2b8       0xbc CMakeFiles/STelescope.dir/USB_DEVICE/App/usbd_cdc_if.c.obj
 .text.CDC_Transmit_FS
                0x0800c374       0x4c CMakeFiles/STelescope.dir/USB_DEVICE/App/usbd_cdc_if.c.obj
                0x0800c374                CDC_Transmit_FS
 .text.get_next_command
                0x0800c3c0       0x70 CMakeFiles/STelescope.dir/USB_DEVICE/App/usbd_cdc_if.c.obj
                0x0800c3c0                get_next_command
 .text.main     0x0800c430      0x1cc CMakeFiles/STelescope.dir/Core/Src/main.c.obj
                0x0800c430                main
 .text.SystemClock_Config
                0x0800c5fc       0xb4 CMakeFiles/STelescope.dir/Core/Src/main.c.obj
                0x0800c5fc                SystemClock_Config
 .text.MX_I2C1_Init
                0x0800c6b0       0x5c CMakeFiles/STelescope.dir/Core/Src/main.c.obj
                0x0800c6b0                MX_I2C1_Init
 .text.MX_I2C2_Init
                0x0800c70c       0x5c CMakeFiles/STelescope.dir/Core/Src/main.c.obj
                0x0800c70c                MX_I2C2_Init
 .text.MX_SPI1_Init
                0x0800c768       0x6c CMakeFiles/STelescope.dir/Core/Src/main.c.obj
                0x0800c768                MX_SPI1_Init
 .text.MX_SPI2_Init
                0x0800c7d4       0x6c CMakeFiles/STelescope.dir/Core/Src/main.c.obj
                0x0800c7d4                MX_SPI2_Init
 .text.MX_TIM2_Init
                0x0800c840       0xbc CMakeFiles/STelescope.dir/Core/Src/main.c.obj
 .text.MX_TIM3_Init
                0x0800c8fc       0xbc CMakeFiles/STelescope.dir/Core/Src/main.c.obj
 .text.MX_USART1_UART_Init
                0x0800c9b8       0x54 CMakeFiles/STelescope.dir/Core/Src/main.c.obj
 .text.MX_DMA_Init
                0x0800ca0c       0x3c CMakeFiles/STelescope.dir/Core/Src/main.c.obj
 .text.MX_GPIO_Init
                0x0800ca48      0x124 CMakeFiles/STelescope.dir/Core/Src/main.c.obj
 .text.HAL_I2C_MasterTxCpltCallback
                0x0800cb6c       0x2c CMakeFiles/STelescope.dir/Core/Src/main.c.obj
                0x0800cb6c                HAL_I2C_MasterTxCpltCallback
 .text.HAL_I2C_MasterRxCpltCallback
                0x0800cb98       0x2c CMakeFiles/STelescope.dir/Core/Src/main.c.obj
                0x0800cb98                HAL_I2C_MasterRxCpltCallback
 .text.HAL_SPI_TxCpltCallback
                0x0800cbc4       0x2c CMakeFiles/STelescope.dir/Core/Src/main.c.obj
                0x0800cbc4                HAL_SPI_TxCpltCallback
 .text.HAL_SPI_TxRxCpltCallback
                0x0800cbf0       0x2c CMakeFiles/STelescope.dir/Core/Src/main.c.obj
                0x0800cbf0                HAL_SPI_TxRxCpltCallback
 .text.step     0x0800cc1c       0x38 CMakeFiles/STelescope.dir/Core/Src/main.c.obj
                0x0800cc1c                step
 .text.Error_Handler
                0x0800cc54        0xc CMakeFiles/STelescope.dir/Core/Src/main.c.obj
                0x0800cc54                Error_Handler
 .text.NMI_Handler
                0x0800cc60        0x8 CMakeFiles/STelescope.dir/Core/Src/stm32f1xx_it.c.obj
                0x0800cc60                NMI_Handler
 .text.HardFault_Handler
                0x0800cc68        0x8 CMakeFiles/STelescope.dir/Core/Src/stm32f1xx_it.c.obj
                0x0800cc68                HardFault_Handler
 .text.MemManage_Handler
                0x0800cc70        0x8 CMakeFiles/STelescope.dir/Core/Src/stm32f1xx_it.c.obj
                0x0800cc70                MemManage_Handler
 .text.BusFault_Handler
                0x0800cc78        0x8 CMakeFiles/STelescope.dir/Core/Src/stm32f1xx_it.c.obj
                0x0800cc78                BusFault_Handler
 .text.UsageFault_Handler
                0x0800cc80        0x8 CMakeFiles/STelescope.dir/Core/Src/stm32f1xx_it.c.obj
                0x0800cc80                UsageFault_Handler
 .text.SVC_Handler
                0x0800cc88        0xc CMakeFiles/STelescope.dir/Core/Src/stm32f1xx_it.c.obj
                0x0800cc88                SVC_Handler
 .text.DebugMon_Handler
                0x0800cc94        0xc CMakeFiles/STelescope.dir/Core/Src/stm32f1xx_it.c.obj
                0x0800cc94                DebugMon_Handler
 .text.PendSV_Handler
                0x0800cca0        0xc CMakeFiles/STelescope.dir/Core/Src/stm32f1xx_it.c.obj
                0x0800cca0                PendSV_Handler
 .text.SysTick_Handler
                0x0800ccac        0xc CMakeFiles/STelescope.dir/Core/Src/stm32f1xx_it.c.obj
                0x0800ccac                SysTick_Handler
 .text.DMA1_Channel2_IRQHandler
                0x0800ccb8       0x14 CMakeFiles/STelescope.dir/Core/Src/stm32f1xx_it.c.obj
                0x0800ccb8                DMA1_Channel2_IRQHandler
 .text.USB_LP_CAN1_RX0_IRQHandler
                0x0800cccc       0x14 CMakeFiles/STelescope.dir/Core/Src/stm32f1xx_it.c.obj
                0x0800cccc                USB_LP_CAN1_RX0_IRQHandler
 .text.TIM2_IRQHandler
                0x0800cce0       0x18 CMakeFiles/STelescope.dir/Core/Src/stm32f1xx_it.c.obj
                0x0800cce0                TIM2_IRQHandler
 .text.I2C1_EV_IRQHandler
                0x0800ccf8       0x14 CMakeFiles/STelescope.dir/Core/Src/stm32f1xx_it.c.obj
                0x0800ccf8                I2C1_EV_IRQHandler
 .text.I2C1_ER_IRQHandler
                0x0800cd0c       0x14 CMakeFiles/STelescope.dir/Core/Src/stm32f1xx_it.c.obj
                0x0800cd0c                I2C1_ER_IRQHandler
 .text.I2C2_EV_IRQHandler
                0x0800cd20       0x14 CMakeFiles/STelescope.dir/Core/Src/stm32f1xx_it.c.obj
                0x0800cd20                I2C2_EV_IRQHandler
 .text.I2C2_ER_IRQHandler
                0x0800cd34       0x14 CMakeFiles/STelescope.dir/Core/Src/stm32f1xx_it.c.obj
                0x0800cd34                I2C2_ER_IRQHandler
 .text.SPI1_IRQHandler
                0x0800cd48       0x14 CMakeFiles/STelescope.dir/Core/Src/stm32f1xx_it.c.obj
                0x0800cd48                SPI1_IRQHandler
 .text.SPI2_IRQHandler
                0x0800cd5c       0x14 CMakeFiles/STelescope.dir/Core/Src/stm32f1xx_it.c.obj
                0x0800cd5c                SPI2_IRQHandler
 .text.HAL_MspInit
                0x0800cd70       0x64 CMakeFiles/STelescope.dir/Core/Src/stm32f1xx_hal_msp.c.obj
                0x0800cd70                HAL_MspInit
 .text.HAL_I2C_MspInit
                0x0800cdd4      0x118 CMakeFiles/STelescope.dir/Core/Src/stm32f1xx_hal_msp.c.obj
                0x0800cdd4                HAL_I2C_MspInit
 .text.HAL_SPI_MspInit
                0x0800ceec      0x114 CMakeFiles/STelescope.dir/Core/Src/stm32f1xx_hal_msp.c.obj
                0x0800ceec                HAL_SPI_MspInit
 .text.HAL_TIM_Base_MspInit
                0x0800d000       0x48 CMakeFiles/STelescope.dir/Core/Src/stm32f1xx_hal_msp.c.obj
                0x0800d000                HAL_TIM_Base_MspInit
 .text.HAL_TIM_PWM_MspInit
                0x0800d048       0x90 CMakeFiles/STelescope.dir/Core/Src/stm32f1xx_hal_msp.c.obj
                0x0800d048                HAL_TIM_PWM_MspInit
 .text.HAL_TIM_MspPostInit
                0x0800d0d8       0x64 CMakeFiles/STelescope.dir/Core/Src/stm32f1xx_hal_msp.c.obj
                0x0800d0d8                HAL_TIM_MspPostInit
 .text.HAL_UART_MspInit
                0x0800d13c       0x98 CMakeFiles/STelescope.dir/Core/Src/stm32f1xx_hal_msp.c.obj
                0x0800d13c                HAL_UART_MspInit
 .text._sbrk    0x0800d1d4       0x6c CMakeFiles/STelescope.dir/Core/Src/sysmem.c.obj
                0x0800d1d4                _sbrk
 .text._read    0x0800d240       0x3a CMakeFiles/STelescope.dir/Core/Src/syscalls.c.obj
                0x0800d240                _read
 .text._write   0x0800d27a       0x38 CMakeFiles/STelescope.dir/Core/Src/syscalls.c.obj
                0x0800d27a                _write
 .text._close   0x0800d2b2       0x16 CMakeFiles/STelescope.dir/Core/Src/syscalls.c.obj
                0x0800d2b2                _close
 .text._fstat   0x0800d2c8       0x1e CMakeFiles/STelescope.dir/Core/Src/syscalls.c.obj
                0x0800d2c8                _fstat
 .text._isatty  0x0800d2e6       0x14 CMakeFiles/STelescope.dir/Core/Src/syscalls.c.obj
                0x0800d2e6                _isatty
 .text._lseek   0x0800d2fa       0x18 CMakeFiles/STelescope.dir/Core/Src/syscalls.c.obj
                0x0800d2fa                _lseek
 *fill*         0x0800d312        0x2 
 .text.Reset_Handler
                0x0800d314       0x48 CMakeFiles/STelescope.dir/startup_stm32f103xb.s.obj
                0x0800d314                Reset_Handler
 .text.Default_Handler
                0x0800d35c        0x2 CMakeFiles/STelescope.dir/startup_stm32f103xb.s.obj
                0x0800d35c                RTC_Alarm_IRQHandler
                0x0800d35c                EXTI2_IRQHandler
                0x0800d35c                TIM1_CC_IRQHandler
                0x0800d35c                PVD_IRQHandler
                0x0800d35c                EXTI3_IRQHandler
                0x0800d35c                EXTI0_IRQHandler
                0x0800d35c                ADC1_2_IRQHandler
                0x0800d35c                TAMPER_IRQHandler
                0x0800d35c                DMA1_Channel4_IRQHandler
                0x0800d35c                USART3_IRQHandler
                0x0800d35c                RTC_IRQHandler
                0x0800d35c                DMA1_Channel7_IRQHandler
                0x0800d35c                CAN1_RX1_IRQHandler
                0x0800d35c                TIM4_IRQHandler
                0x0800d35c                DMA1_Channel6_IRQHandler
                0x0800d35c                TIM3_IRQHandler
                0x0800d35c                RCC_IRQHandler
                0x0800d35c                TIM1_TRG_COM_IRQHandler
                0x0800d35c                DMA1_Channel1_IRQHandler
                0x0800d35c                Default_Handler
                0x0800d35c                EXTI15_10_IRQHandler
                0x0800d35c                EXTI9_5_IRQHandler
                0x0800d35c                DMA1_Channel5_IRQHandler
                0x0800d35c                EXTI4_IRQHandler
                0x0800d35c                USB_HP_CAN1_TX_IRQHandler
                0x0800d35c                DMA1_Channel3_IRQHandler
                0x0800d35c                TIM1_UP_IRQHandler
                0x0800d35c                WWDG_IRQHandler
                0x0800d35c                TIM1_BRK_IRQHandler
                0x0800d35c                EXTI1_IRQHandler
                0x0800d35c                USART2_IRQHandler
                0x0800d35c                CAN1_SCE_IRQHandler
                0x0800d35c                FLASH_IRQHandler
                0x0800d35c                USART1_IRQHandler
                0x0800d35c                USBWakeUp_IRQHandler
 *fill*         0x0800d35e        0x2 
 .text.populate_accelerometer_tx_buff
                0x0800d360       0x5c CMakeFiles/STelescope.dir/Core/Src/accelerometer.c.obj
                0x0800d360                populate_accelerometer_tx_buff
 .text.init_accelerometer
                0x0800d3bc       0xec CMakeFiles/STelescope.dir/Core/Src/accelerometer.c.obj
                0x0800d3bc                init_accelerometer
 .text.dacq_accelerometer
                0x0800d4a8       0x3c CMakeFiles/STelescope.dir/Core/Src/accelerometer.c.obj
                0x0800d4a8                dacq_accelerometer
 .text.set_accelerometer_read
                0x0800d4e4       0x34 CMakeFiles/STelescope.dir/Core/Src/accelerometer.c.obj
                0x0800d4e4                set_accelerometer_read
 .text.drdy_accelerometer_cb
                0x0800d518       0xa4 CMakeFiles/STelescope.dir/Core/Src/accelerometer.c.obj
                0x0800d518                drdy_accelerometer_cb
 .text.get_accelerometer_data
                0x0800d5bc       0x14 CMakeFiles/STelescope.dir/Core/Src/accelerometer.c.obj
                0x0800d5bc                get_accelerometer_data
 .text.populate_compass_tx_buff
                0x0800d5d0       0x84 CMakeFiles/STelescope.dir/Core/Src/compass.c.obj
                0x0800d5d0                populate_compass_tx_buff
 .text.init_compass
                0x0800d654      0x194 CMakeFiles/STelescope.dir/Core/Src/compass.c.obj
                0x0800d654                init_compass
 .text.dacq_compass
                0x0800d7e8       0x50 CMakeFiles/STelescope.dir/Core/Src/compass.c.obj
                0x0800d7e8                dacq_compass
 .text.set_compass_read
                0x0800d838       0x68 CMakeFiles/STelescope.dir/Core/Src/compass.c.obj
                0x0800d838                set_compass_read
 .text.drdy_offboard_compass_cb
                0x0800d8a0      0x1b4 CMakeFiles/STelescope.dir/Core/Src/compass.c.obj
                0x0800d8a0                drdy_offboard_compass_cb
 .text.drdy_onboard_compass_cb
                0x0800da54      0x1b4 CMakeFiles/STelescope.dir/Core/Src/compass.c.obj
                0x0800da54                drdy_onboard_compass_cb
 .text.get_compass_data
                0x0800dc08       0x28 CMakeFiles/STelescope.dir/Core/Src/compass.c.obj
                0x0800dc08                get_compass_data
 .text.populate_display_tx_buff
                0x0800dc30       0x5c CMakeFiles/STelescope.dir/Core/Src/display.c.obj
                0x0800dc30                populate_display_tx_buff
 .text.set_display_read
                0x0800dc8c       0x30 CMakeFiles/STelescope.dir/Core/Src/display.c.obj
                0x0800dc8c                set_display_read
 .text.reset_display
                0x0800dcbc       0x50 CMakeFiles/STelescope.dir/Core/Src/display.c.obj
                0x0800dcbc                reset_display
 .text.write_command
                0x0800dd0c       0x48 CMakeFiles/STelescope.dir/Core/Src/display.c.obj
                0x0800dd0c                write_command
 .text.write_data
                0x0800dd54       0x48 CMakeFiles/STelescope.dir/Core/Src/display.c.obj
                0x0800dd54                write_data
 .text.write_data16
                0x0800dd9c       0x5c CMakeFiles/STelescope.dir/Core/Src/display.c.obj
                0x0800dd9c                write_data16
 .text.draw_post_init
                0x0800ddf8       0xc8 CMakeFiles/STelescope.dir/Core/Src/display.c.obj
                0x0800ddf8                draw_post_init
 .text.init_display
                0x0800dec0       0xe8 CMakeFiles/STelescope.dir/Core/Src/display.c.obj
                0x0800dec0                init_display
 .text.get_transaction_handle
                0x0800dfa8       0x60 CMakeFiles/STelescope.dir/Core/Src/peripheral.c.obj
                0x0800dfa8                get_transaction_handle
 .text.rtx_spi  0x0800e008      0x120 CMakeFiles/STelescope.dir/Core/Src/peripheral.c.obj
                0x0800e008                rtx_spi
 .text.rtx_spi_cb
                0x0800e128       0x74 CMakeFiles/STelescope.dir/Core/Src/peripheral.c.obj
                0x0800e128                rtx_spi_cb
 .text.rtx_i2c  0x0800e19c       0x88 CMakeFiles/STelescope.dir/Core/Src/peripheral.c.obj
                0x0800e19c                rtx_i2c
 .text.rtx_i2c_cb
                0x0800e224       0xbc CMakeFiles/STelescope.dir/Core/Src/peripheral.c.obj
                0x0800e224                rtx_i2c_cb
 .text.populate_camera_tx_buff
                0x0800e2e0       0x5c CMakeFiles/STelescope.dir/Core/Src/camera.c.obj
                0x0800e2e0                populate_camera_tx_buff
 .text.set_camera_spi_read
                0x0800e33c       0x30 CMakeFiles/STelescope.dir/Core/Src/camera.c.obj
                0x0800e33c                set_camera_spi_read
 .text.set_camera_i2c_read
                0x0800e36c       0x34 CMakeFiles/STelescope.dir/Core/Src/camera.c.obj
                0x0800e36c                set_camera_i2c_read
 .text.init_camera
                0x0800e3a0      0x1b0 CMakeFiles/STelescope.dir/Core/Src/camera.c.obj
                0x0800e3a0                init_camera
 .text.init_stepper
                0x0800e550      0x214 CMakeFiles/STelescope.dir/Core/Src/stepper.c.obj
                0x0800e550                init_stepper
 .text.get_microstep_mode
                0x0800e764       0x18 CMakeFiles/STelescope.dir/Core/Src/stepper.c.obj
                0x0800e764                get_microstep_mode
 .text.get_stepper_state
                0x0800e77c       0x18 CMakeFiles/STelescope.dir/Core/Src/stepper.c.obj
                0x0800e77c                get_stepper_state
 .text.set_update_freq
                0x0800e794       0x20 CMakeFiles/STelescope.dir/Core/Src/stepper.c.obj
                0x0800e794                set_update_freq
 .text.set_microstep_mode
                0x0800e7b4      0x104 CMakeFiles/STelescope.dir/Core/Src/stepper.c.obj
                0x0800e7b4                set_microstep_mode
 .text.set_stepper_state
                0x0800e8b8       0x20 CMakeFiles/STelescope.dir/Core/Src/stepper.c.obj
                0x0800e8b8                set_stepper_state
 .text.set_stepper_position
                0x0800e8d8       0x30 CMakeFiles/STelescope.dir/Core/Src/stepper.c.obj
                0x0800e8d8                set_stepper_position
 .text.set_stepper_rate
                0x0800e908      0x1a0 CMakeFiles/STelescope.dir/Core/Src/stepper.c.obj
                0x0800e908                set_stepper_rate
 .text.increment_tick
                0x0800eaa8      0x218 CMakeFiles/STelescope.dir/Core/Src/stepper.c.obj
                0x0800eaa8                increment_tick
 .text.step_axis
                0x0800ecc0       0xe8 CMakeFiles/STelescope.dir/Core/Src/stepper.c.obj
                0x0800ecc0                step_axis
 .text.get_stepper_flags
                0x0800eda8       0x2c CMakeFiles/STelescope.dir/Core/Src/stepper.c.obj
                0x0800eda8                get_stepper_flags
 .text.home     0x0800edd4      0x5f8 CMakeFiles/STelescope.dir/Core/Src/mobility.c.obj
                0x0800edd4                home
 .text.init_status_leds
                0x0800f3cc       0x60 CMakeFiles/STelescope.dir/Core/Src/status.c.obj
                0x0800f3cc                init_status_leds
 .text.set_status_led
                0x0800f42c       0xa8 CMakeFiles/STelescope.dir/Core/Src/status.c.obj
                0x0800f42c                set_status_led
 .text.update   0x0800f4d4       0x1c CMakeFiles/STelescope.dir/Core/Src/status.c.obj
                0x0800f4d4                update
 .text.printf   0x0800f4f0       0x24 D:/ST/STM32CubeCLT_1.18.0/GNU-tools-for-STM32/bin/../lib/gcc/arm-none-eabi/13.3.1/../../../../arm-none-eabi/lib/thumb/v7-m/nofp\libg_nano.a(libc_a-printf.o)
                0x0800f4f0                iprintf
                0x0800f4f0                printf
 .text.putchar  0x0800f514       0x10 D:/ST/STM32CubeCLT_1.18.0/GNU-tools-for-STM32/bin/../lib/gcc/arm-none-eabi/13.3.1/../../../../arm-none-eabi/lib/thumb/v7-m/nofp\libg_nano.a(libc_a-putchar.o)
                0x0800f514                putchar
 .text.snprintf
                0x0800f524       0x6c D:/ST/STM32CubeCLT_1.18.0/GNU-tools-for-STM32/bin/../lib/gcc/arm-none-eabi/13.3.1/../../../../arm-none-eabi/lib/thumb/v7-m/nofp\libg_nano.a(libc_a-snprintf.o)
                0x0800f524                sniprintf
                0x0800f524                snprintf
 .text.__errno  0x0800f590        0xc D:/ST/STM32CubeCLT_1.18.0/GNU-tools-for-STM32/bin/../lib/gcc/arm-none-eabi/13.3.1/../../../../arm-none-eabi/lib/thumb/v7-m/nofp\libg_nano.a(libc_a-errno.o)
                0x0800f590                __errno
 .text.__ssputs_r
                0x0800f59c       0xb6 D:/ST/STM32CubeCLT_1.18.0/GNU-tools-for-STM32/bin/../lib/gcc/arm-none-eabi/13.3.1/../../../../arm-none-eabi/lib/thumb/v7-m/nofp\libg_nano.a(libc_a-nano-svfprintf.o)
                0x0800f59c                __ssputs_r
 *fill*         0x0800f652        0x2 
 .text._svfprintf_r
                0x0800f654      0x1f8 D:/ST/STM32CubeCLT_1.18.0/GNU-tools-for-STM32/bin/../lib/gcc/arm-none-eabi/13.3.1/../../../../arm-none-eabi/lib/thumb/v7-m/nofp\libg_nano.a(libc_a-nano-svfprintf.o)
                0x0800f654                _svfiprintf_r
                0x0800f654                _svfprintf_r
 .text.__sfputc_r
                0x0800f84c       0x2a D:/ST/STM32CubeCLT_1.18.0/GNU-tools-for-STM32/bin/../lib/gcc/arm-none-eabi/13.3.1/../../../../arm-none-eabi/lib/thumb/v7-m/nofp\libg_nano.a(libc_a-nano-vfprintf.o)
 .text.__sfputs_r
                0x0800f876       0x24 D:/ST/STM32CubeCLT_1.18.0/GNU-tools-for-STM32/bin/../lib/gcc/arm-none-eabi/13.3.1/../../../../arm-none-eabi/lib/thumb/v7-m/nofp\libg_nano.a(libc_a-nano-vfprintf.o)
                0x0800f876                __sfputs_r
 *fill*         0x0800f89a        0x2 
 .text._vfprintf_r
                0x0800f89c      0x230 D:/ST/STM32CubeCLT_1.18.0/GNU-tools-for-STM32/bin/../lib/gcc/arm-none-eabi/13.3.1/../../../../arm-none-eabi/lib/thumb/v7-m/nofp\libg_nano.a(libc_a-nano-vfprintf.o)
                0x0800f89c                _vfprintf_r
                0x0800f89c                _vfiprintf_r
 .text._printf_common
                0x0800facc       0xe4 D:/ST/STM32CubeCLT_1.18.0/GNU-tools-for-STM32/bin/../lib/gcc/arm-none-eabi/13.3.1/../../../../arm-none-eabi/lib/thumb/v7-m/nofp\libg_nano.a(libc_a-nano-vfprintf_i.o)
                0x0800facc                _printf_common
 .text._printf_i
                0x0800fbb0      0x23c D:/ST/STM32CubeCLT_1.18.0/GNU-tools-for-STM32/bin/../lib/gcc/arm-none-eabi/13.3.1/../../../../arm-none-eabi/lib/thumb/v7-m/nofp\libg_nano.a(libc_a-nano-vfprintf_i.o)
                0x0800fbb0                _printf_i
 .text._putc_r  0x0800fdec       0x68 D:/ST/STM32CubeCLT_1.18.0/GNU-tools-for-STM32/bin/../lib/gcc/arm-none-eabi/13.3.1/../../../../arm-none-eabi/lib/thumb/v7-m/nofp\libg_nano.a(libc_a-putc.o)
                0x0800fdec                _putc_r
 .text.__swbuf_r
                0x0800fe54       0x7c D:/ST/STM32CubeCLT_1.18.0/GNU-tools-for-STM32/bin/../lib/gcc/arm-none-eabi/13.3.1/../../../../arm-none-eabi/lib/thumb/v7-m/nofp\libg_nano.a(libc_a-wbuf.o)
                0x0800fe54                __swbuf_r
 .text.__swsetup_r
                0x0800fed0       0xac D:/ST/STM32CubeCLT_1.18.0/GNU-tools-for-STM32/bin/../lib/gcc/arm-none-eabi/13.3.1/../../../../arm-none-eabi/lib/thumb/v7-m/nofp\libg_nano.a(libc_a-wsetup.o)
                0x0800fed0                __swsetup_r
 .text.memmove  0x0800ff7c       0x34 D:/ST/STM32CubeCLT_1.18.0/GNU-tools-for-STM32/bin/../lib/gcc/arm-none-eabi/13.3.1/../../../../arm-none-eabi/lib/thumb/v7-m/nofp\libg_nano.a(libc_a-memmove.o)
                0x0800ff7c                memmove
 .text.memchr   0x0800ffb0       0x1c D:/ST/STM32CubeCLT_1.18.0/GNU-tools-for-STM32/bin/../lib/gcc/arm-none-eabi/13.3.1/../../../../arm-none-eabi/lib/thumb/v7-m/nofp\libg_nano.a(libc_a-memchr-stub.o)
                0x0800ffb0                memchr
 .text.memcpy   0x0800ffcc       0x1c D:/ST/STM32CubeCLT_1.18.0/GNU-tools-for-STM32/bin/../lib/gcc/arm-none-eabi/13.3.1/../../../../arm-none-eabi/lib/thumb/v7-m/nofp\libg_nano.a(libc_a-memcpy-stub.o)
                0x0800ffcc                memcpy
 .text._realloc_r
                0x0800ffe8       0x5c D:/ST/STM32CubeCLT_1.18.0/GNU-tools-for-STM32/bin/../lib/gcc/arm-none-eabi/13.3.1/../../../../arm-none-eabi/lib/thumb/v7-m/nofp\libg_nano.a(libc_a-reallocr.o)
                0x0800ffe8                _realloc_r
 .text.__swhatbuf_r
                0x08010044       0x4a D:/ST/STM32CubeCLT_1.18.0/GNU-tools-for-STM32/bin/../lib/gcc/arm-none-eabi/13.3.1/../../../../arm-none-eabi/lib/thumb/v7-m/nofp\libg_nano.a(libc_a-makebuf.o)
                0x08010044                __swhatbuf_r
 .text.__smakebuf_r
                0x0801008e       0x78 D:/ST/STM32CubeCLT_1.18.0/GNU-tools-for-STM32/bin/../lib/gcc/arm-none-eabi/13.3.1/../../../../arm-none-eabi/lib/thumb/v7-m/nofp\libg_nano.a(libc_a-makebuf.o)
                0x0801008e                __smakebuf_r
 *fill*         0x08010106        0x2 
 .text._fstat_r
                0x08010108       0x24 D:/ST/STM32CubeCLT_1.18.0/GNU-tools-for-STM32/bin/../lib/gcc/arm-none-eabi/13.3.1/../../../../arm-none-eabi/lib/thumb/v7-m/nofp\libg_nano.a(libc_a-fstatr.o)
                0x08010108                _fstat_r
 .text._isatty_r
                0x0801012c       0x20 D:/ST/STM32CubeCLT_1.18.0/GNU-tools-for-STM32/bin/../lib/gcc/arm-none-eabi/13.3.1/../../../../arm-none-eabi/lib/thumb/v7-m/nofp\libg_nano.a(libc_a-isattyr.o)
                0x0801012c                _isatty_r
 .text._malloc_usable_size_r
                0x0801014c       0x10 D:/ST/STM32CubeCLT_1.18.0/GNU-tools-for-STM32/bin/../lib/gcc/arm-none-eabi/13.3.1/../../../../arm-none-eabi/lib/thumb/v7-m/nofp\libg_nano.a(libc_a-msizer.o)
                0x0801014c                _malloc_usable_size_r
 *(.glue_7)
 .glue_7        0x0801015c        0x0 linker stubs
 *(.glue_7t)
 .glue_7t       0x0801015c        0x0 linker stubs
 *(.eh_frame)
 .eh_frame      0x0801015c        0x0 D:/ST/STM32CubeCLT_1.18.0/GNU-tools-for-STM32/bin/../lib/gcc/arm-none-eabi/13.3.1/thumb/v7-m/nofp/crtbegin.o
 *(.init)
 .init          0x0801015c        0x4 D:/ST/STM32CubeCLT_1.18.0/GNU-tools-for-STM32/bin/../lib/gcc/arm-none-eabi/13.3.1/thumb/v7-m/nofp/crti.o
                0x0801015c                _init
 .init          0x08010160        0x8 D:/ST/STM32CubeCLT_1.18.0/GNU-tools-for-STM32/bin/../lib/gcc/arm-none-eabi/13.3.1/thumb/v7-m/nofp/crtn.o
 *(.fini)
 .fini          0x08010168        0x4 D:/ST/STM32CubeCLT_1.18.0/GNU-tools-for-STM32/bin/../lib/gcc/arm-none-eabi/13.3.1/thumb/v7-m/nofp/crti.o
                0x08010168                _fini
 .fini          0x0801016c        0x8 D:/ST/STM32CubeCLT_1.18.0/GNU-tools-for-STM32/bin/../lib/gcc/arm-none-eabi/13.3.1/thumb/v7-m/nofp/crtn.o
                0x08010174                        . = ALIGN (0x4)
                0x08010174                        _etext = .

.vfp11_veneer   0x08010174        0x0
 .vfp11_veneer  0x08010174        0x0 linker stubs

.v4_bx          0x08010174        0x0
 .v4_bx         0x08010174        0x0 linker stubs

.iplt           0x08010174        0x0
 .iplt          0x08010174        0x0 D:/ST/STM32CubeCLT_1.18.0/GNU-tools-for-STM32/bin/../lib/gcc/arm-none-eabi/13.3.1/thumb/v7-m/nofp/crtbegin.o

.rodata         0x08010174      0x1ec
                0x08010174                        . = ALIGN (0x4)
 *(.rodata)
 .rodata        0x08010174       0x35 cmake/stm32cubemx/CMakeFiles/USB_Device_Library.dir/__/__/Middlewares/ST/STM32_USB_Device_Library/Core/Src/usbd_core.c.obj
 *fill*         0x080101a9        0x3 
 .rodata        0x080101ac       0x46 CMakeFiles/STelescope.dir/USB_DEVICE/App/usbd_desc.c.obj
 *fill*         0x080101f2        0x2 
 .rodata        0x080101f4       0x2a CMakeFiles/STelescope.dir/Core/Src/main.c.obj
 *(.rodata*)
 *fill*         0x0801021e        0x2 
 .rodata.AHBPrescTable
                0x08010220       0x10 cmake/stm32cubemx/CMakeFiles/STM32_Drivers.dir/__/__/Core/Src/system_stm32f1xx.c.obj
                0x08010220                AHBPrescTable
 .rodata.APBPrescTable
                0x08010230        0x8 cmake/stm32cubemx/CMakeFiles/STM32_Drivers.dir/__/__/Core/Src/system_stm32f1xx.c.obj
                0x08010230                APBPrescTable
 .rodata.aPLLMULFactorTable.1
                0x08010238       0x10 cmake/stm32cubemx/CMakeFiles/STM32_Drivers.dir/__/__/Drivers/STM32F1xx_HAL_Driver/Src/stm32f1xx_hal_rcc.c.obj
 .rodata.aPredivFactorTable.0
                0x08010248        0x2 cmake/stm32cubemx/CMakeFiles/STM32_Drivers.dir/__/__/Drivers/STM32F1xx_HAL_Driver/Src/stm32f1xx_hal_rcc.c.obj
 *fill*         0x0801024a        0x2 
 .rodata.initcmd
                0x0801024c       0xe0 CMakeFiles/STelescope.dir/Core/Src/display.c.obj
 .rodata._svfprintf_r.str1.1
                0x0801032c       0x33 D:/ST/STM32CubeCLT_1.18.0/GNU-tools-for-STM32/bin/../lib/gcc/arm-none-eabi/13.3.1/../../../../arm-none-eabi/lib/thumb/v7-m/nofp\libg_nano.a(libc_a-nano-svfprintf.o)
                                 0x11 (size before relaxing)
 .rodata._vfprintf_r.str1.1
                0x0801035f       0x11 D:/ST/STM32CubeCLT_1.18.0/GNU-tools-for-STM32/bin/../lib/gcc/arm-none-eabi/13.3.1/../../../../arm-none-eabi/lib/thumb/v7-m/nofp\libg_nano.a(libc_a-nano-vfprintf.o)
 .rodata._printf_i.str1.1
                0x0801035f       0x22 D:/ST/STM32CubeCLT_1.18.0/GNU-tools-for-STM32/bin/../lib/gcc/arm-none-eabi/13.3.1/../../../../arm-none-eabi/lib/thumb/v7-m/nofp\libg_nano.a(libc_a-nano-vfprintf_i.o)
                0x08010384                        . = ALIGN (0x4)
 *fill*         0x0801035f        0x1 

.ARM.extab      0x08010360        0x0
                0x08010360                        . = ALIGN (0x4)
 *(.ARM.extab* .gnu.linkonce.armextab.*)
                0x08010360                        . = ALIGN (0x4)

.ARM            0x08010360        0x0
                0x08010360                        . = ALIGN (0x4)
                0x08010360                        __exidx_start = .
 *(.ARM.exidx*)
                0x08010360                        __exidx_end = .
                0x08010360                        . = ALIGN (0x4)

.preinit_array  0x08010360        0x0
                0x08010360                        . = ALIGN (0x4)
                0x08010360                        PROVIDE (__preinit_array_start = .)
 *(.preinit_array*)
                0x08010360                        PROVIDE (__preinit_array_end = .)
                0x08010360                        . = ALIGN (0x4)

.init_array     0x08010360        0x4
                0x08010360                        . = ALIGN (0x4)
                0x08010360                        PROVIDE (__init_array_start = .)
 *(SORT_BY_NAME(.init_array.*))
 *(.init_array*)
 .init_array    0x08010360        0x4 D:/ST/STM32CubeCLT_1.18.0/GNU-tools-for-STM32/bin/../lib/gcc/arm-none-eabi/13.3.1/thumb/v7-m/nofp/crtbegin.o
                0x08010364                        PROVIDE (__init_array_end = .)
                0x08010364                        . = ALIGN (0x4)

.fini_array     0x08010364        0x4
                0x08010364                        . = ALIGN (0x4)
                [!provide]                        PROVIDE (__fini_array_start = .)
 *(SORT_BY_NAME(.fini_array.*))
 *(.fini_array*)
 .fini_array    0x08010364        0x4 D:/ST/STM32CubeCLT_1.18.0/GNU-tools-for-STM32/bin/../lib/gcc/arm-none-eabi/13.3.1/thumb/v7-m/nofp/crtbegin.o